../Core/Src/main.c:153:5:main	8	static
../Core/Src/main.c:263:6:SystemClock_Config	88	static
../Core/Src/main.c:302:13:MX_I2C1_Init	8	static
../Core/Src/main.c:334:13:MX_TIM1_Init	96	static
../Core/Src/main.c:404:13:MX_TIM2_Init	56	static
../Core/Src/main.c:451:13:MX_TIM3_Init	56	static
../Core/Src/main.c:498:13:MX_TIM4_Init	32	static
../Core/Src/main.c:543:13:MX_TIM8_Init	96	static
../Core/Src/main.c:617:13:MX_USART3_UART_Init	8	static
../Core/Src/main.c:648:13:MX_GPIO_Init	56	static
../Core/Src/main.c:718:6:HAL_UART_RxCpltCallback	16	static
../Core/Src/main.c:725:6:delay	16	static
../Core/Src/main.c:731:6:HAL_TIM_IC_CaptureCallback	16	static
../Core/Src/main.c:761:6:HCSR04_Read	8	static
../Core/Src/main.c:770:6:moveCarStraight	16	static
../Core/Src/main.c:790:6:buzzerBeep	8	static
../Core/Src/main.c:797:6:moveCarStop	8	static
../Core/Src/main.c:803:6:moveCarRight	16	static
../Core/Src/main.c:817:6:moveCarLeft	16	static
../Core/Src/main.c:832:5:PID_Control	16	static
../Core/Src/main.c:872:5:PID_Angle	32	static
../Core/Src/main.c:912:5:finishCheck	8	static
../Core/Src/main.c:927:6:readByte	24	static
../Core/Src/main.c:933:6:writeByte	24	static
../Core/Src/main.c:939:6:gyroInit	8	static
../Core/Src/main.c:968:6:StartDefaultTask	16	static
../Core/Src/main.c:985:6:StartMotorTask	24	static
../Core/Src/main.c:1108:6:StartOLEDTask	144	static
../Core/Src/main.c:1150:6:StartGyroTask	56	static
../Core/Src/main.c:1198:6:StartUltrasonicTask	16	static
../Core/Src/main.c:1223:6:StartCommunicateTask	24	static
../Core/Src/main.c:1373:6:StartEncoderRTask	32	static
../Core/Src/main.c:1414:6:StartEncoderLTask	32	static
../Core/Src/main.c:1452:6:Error_Handler	4	static,ignoring_inline_asm
