Archive member included to satisfy reference by file (symbol)

C:/ST/STM32CubeIDE_1.14.1/STM32CubeIDE/plugins/com.st.stm32cube.ide.mcu.externaltools.gnu-tools-for-stm32.11.3.rel1.win32_1.1.100.202309141235/tools/bin/../lib/gcc/arm-none-eabi/11.3.1/../../../../arm-none-eabi/lib/thumb/v7e-m+fp/hard\libc_nano.a(libc_a-exit.o)
                              C:/ST/STM32CubeIDE_1.14.1/STM32CubeIDE/plugins/com.st.stm32cube.ide.mcu.externaltools.gnu-tools-for-stm32.11.3.rel1.win32_1.1.100.202309141235/tools/bin/../lib/gcc/arm-none-eabi/11.3.1/../../../../arm-none-eabi/lib/thumb/v7e-m+fp/hard/crt0.o (exit)
C:/ST/STM32CubeIDE_1.14.1/STM32CubeIDE/plugins/com.st.stm32cube.ide.mcu.externaltools.gnu-tools-for-stm32.11.3.rel1.win32_1.1.100.202309141235/tools/bin/../lib/gcc/arm-none-eabi/11.3.1/../../../../arm-none-eabi/lib/thumb/v7e-m+fp/hard\libc_nano.a(libc_a-findfp.o)
                              ./Middlewares/Third_Party/FreeRTOS/Source/tasks.o (__sf)
C:/ST/STM32CubeIDE_1.14.1/STM32CubeIDE/plugins/com.st.stm32cube.ide.mcu.externaltools.gnu-tools-for-stm32.11.3.rel1.win32_1.1.100.202309141235/tools/bin/../lib/gcc/arm-none-eabi/11.3.1/../../../../arm-none-eabi/lib/thumb/v7e-m+fp/hard\libc_nano.a(libc_a-fwalk.o)
                              C:/ST/STM32CubeIDE_1.14.1/STM32CubeIDE/plugins/com.st.stm32cube.ide.mcu.externaltools.gnu-tools-for-stm32.11.3.rel1.win32_1.1.100.202309141235/tools/bin/../lib/gcc/arm-none-eabi/11.3.1/../../../../arm-none-eabi/lib/thumb/v7e-m+fp/hard\libc_nano.a(libc_a-findfp.o) (_fwalk_sglue)
C:/ST/STM32CubeIDE_1.14.1/STM32CubeIDE/plugins/com.st.stm32cube.ide.mcu.externaltools.gnu-tools-for-stm32.11.3.rel1.win32_1.1.100.202309141235/tools/bin/../lib/gcc/arm-none-eabi/11.3.1/../../../../arm-none-eabi/lib/thumb/v7e-m+fp/hard\libc_nano.a(libc_a-sprintf.o)
                              ./Core/Src/main.o (sprintf)
C:/ST/STM32CubeIDE_1.14.1/STM32CubeIDE/plugins/com.st.stm32cube.ide.mcu.externaltools.gnu-tools-for-stm32.11.3.rel1.win32_1.1.100.202309141235/tools/bin/../lib/gcc/arm-none-eabi/11.3.1/../../../../arm-none-eabi/lib/thumb/v7e-m+fp/hard\libc_nano.a(libc_a-stdio.o)
                              C:/ST/STM32CubeIDE_1.14.1/STM32CubeIDE/plugins/com.st.stm32cube.ide.mcu.externaltools.gnu-tools-for-stm32.11.3.rel1.win32_1.1.100.202309141235/tools/bin/../lib/gcc/arm-none-eabi/11.3.1/../../../../arm-none-eabi/lib/thumb/v7e-m+fp/hard\libc_nano.a(libc_a-findfp.o) (__sread)
C:/ST/STM32CubeIDE_1.14.1/STM32CubeIDE/plugins/com.st.stm32cube.ide.mcu.externaltools.gnu-tools-for-stm32.11.3.rel1.win32_1.1.100.202309141235/tools/bin/../lib/gcc/arm-none-eabi/11.3.1/../../../../arm-none-eabi/lib/thumb/v7e-m+fp/hard\libc_nano.a(libc_a-memset.o)
                              C:/ST/STM32CubeIDE_1.14.1/STM32CubeIDE/plugins/com.st.stm32cube.ide.mcu.externaltools.gnu-tools-for-stm32.11.3.rel1.win32_1.1.100.202309141235/tools/bin/../lib/gcc/arm-none-eabi/11.3.1/../../../../arm-none-eabi/lib/thumb/v7e-m+fp/hard/crt0.o (memset)
C:/ST/STM32CubeIDE_1.14.1/STM32CubeIDE/plugins/com.st.stm32cube.ide.mcu.externaltools.gnu-tools-for-stm32.11.3.rel1.win32_1.1.100.202309141235/tools/bin/../lib/gcc/arm-none-eabi/11.3.1/../../../../arm-none-eabi/lib/thumb/v7e-m+fp/hard\libc_nano.a(libc_a-closer.o)
                              C:/ST/STM32CubeIDE_1.14.1/STM32CubeIDE/plugins/com.st.stm32cube.ide.mcu.externaltools.gnu-tools-for-stm32.11.3.rel1.win32_1.1.100.202309141235/tools/bin/../lib/gcc/arm-none-eabi/11.3.1/../../../../arm-none-eabi/lib/thumb/v7e-m+fp/hard\libc_nano.a(libc_a-stdio.o) (_close_r)
C:/ST/STM32CubeIDE_1.14.1/STM32CubeIDE/plugins/com.st.stm32cube.ide.mcu.externaltools.gnu-tools-for-stm32.11.3.rel1.win32_1.1.100.202309141235/tools/bin/../lib/gcc/arm-none-eabi/11.3.1/../../../../arm-none-eabi/lib/thumb/v7e-m+fp/hard\libc_nano.a(libc_a-reent.o)
                              ./Middlewares/Third_Party/FreeRTOS/Source/tasks.o (_reclaim_reent)
C:/ST/STM32CubeIDE_1.14.1/STM32CubeIDE/plugins/com.st.stm32cube.ide.mcu.externaltools.gnu-tools-for-stm32.11.3.rel1.win32_1.1.100.202309141235/tools/bin/../lib/gcc/arm-none-eabi/11.3.1/../../../../arm-none-eabi/lib/thumb/v7e-m+fp/hard\libc_nano.a(libc_a-impure.o)
                              ./Middlewares/Third_Party/FreeRTOS/Source/tasks.o (_impure_ptr)
C:/ST/STM32CubeIDE_1.14.1/STM32CubeIDE/plugins/com.st.stm32cube.ide.mcu.externaltools.gnu-tools-for-stm32.11.3.rel1.win32_1.1.100.202309141235/tools/bin/../lib/gcc/arm-none-eabi/11.3.1/../../../../arm-none-eabi/lib/thumb/v7e-m+fp/hard\libc_nano.a(libc_a-lseekr.o)
                              C:/ST/STM32CubeIDE_1.14.1/STM32CubeIDE/plugins/com.st.stm32cube.ide.mcu.externaltools.gnu-tools-for-stm32.11.3.rel1.win32_1.1.100.202309141235/tools/bin/../lib/gcc/arm-none-eabi/11.3.1/../../../../arm-none-eabi/lib/thumb/v7e-m+fp/hard\libc_nano.a(libc_a-stdio.o) (_lseek_r)
[...]
Memory Configuration

Name             Origin             Length             Attributes
CCMRAM           0x0000000010000000 0x0000000000010000 xrw
RAM              0x0000000020000000 0x0000000000020000 xrw
FLASH            0x0000000008000000 0x0000000000080000 xr
*default*        0x0000000000000000 0xffffffffffffffff

Linker script and memory map

LOAD C:/ST/STM32CubeIDE_1.14.1/STM32CubeIDE/plugins/com.st.stm32cube.ide.mcu.externaltools.gnu-tools-for-stm32.11.3.rel1.win32_1.1.100.202309141235/tools/bin/../lib/gcc/arm-none-eabi/11.3.1/thumb/v7e-m+fp/hard/crti.o
LOAD C:/ST/STM32CubeIDE_1.14.1/STM32CubeIDE/plugins/com.st.stm32cube.ide.mcu.externaltools.gnu-tools-for-stm32.11.3.rel1.win32_1.1.100.202309141235/tools/bin/../lib/gcc/arm-none-eabi/11.3.1/thumb/v7e-m+fp/hard/crtbegin.o
LOAD C:/ST/STM32CubeIDE_1.14.1/STM32CubeIDE/plugins/com.st.stm32cube.ide.mcu.externaltools.gnu-tools-for-stm32.11.3.rel1.win32_1.1.100.202309141235/tools/bin/../lib/gcc/arm-none-eabi/11.3.1/../../../../arm-none-eabi/lib/thumb/v7e-m+fp/hard/crt0.o
LOAD ./Core/Src/freertos.o
LOAD ./Core/Src/main.o
LOAD ./Core/Src/stm32f4xx_hal_msp.o
LOAD ./Core/Src/stm32f4xx_it.o
LOAD ./Core/Src/syscalls.o
LOAD ./Core/Src/sysmem.o
LOAD ./Core/Src/system_stm32f4xx.o
LOAD ./Core/Startup/startup_stm32f407vetx.o
LOAD ./Drivers/PeripheralDriver/Src/oled.o
LOAD ./Drivers/STM32F4xx_HAL_Driver/Src/stm32f4xx_hal.o
LOAD ./Drivers/STM32F4xx_HAL_Driver/Src/stm32f4xx_hal_cortex.o
LOAD ./Drivers/STM32F4xx_HAL_Driver/Src/stm32f4xx_hal_dma.o
LOAD ./Drivers/STM32F4xx_HAL_Driver/Src/stm32f4xx_hal_dma_ex.o
LOAD ./Drivers/STM32F4xx_HAL_Driver/Src/stm32f4xx_hal_exti.o
LOAD ./Drivers/STM32F4xx_HAL_Driver/Src/stm32f4xx_hal_flash.o
LOAD ./Drivers/STM32F4xx_HAL_Driver/Src/stm32f4xx_hal_flash_ex.o
LOAD ./Drivers/STM32F4xx_HAL_Driver/Src/stm32f4xx_hal_flash_ramfunc.o
LOAD ./Drivers/STM32F4xx_HAL_Driver/Src/stm32f4xx_hal_gpio.o
LOAD ./Drivers/STM32F4xx_HAL_Driver/Src/stm32f4xx_hal_i2c.o
LOAD ./Drivers/STM32F4xx_HAL_Driver/Src/stm32f4xx_hal_i2c_ex.o
LOAD ./Drivers/STM32F4xx_HAL_Driver/Src/stm32f4xx_hal_pwr.o
LOAD ./Drivers/STM32F4xx_HAL_Driver/Src/stm32f4xx_hal_pwr_ex.o
LOAD ./Drivers/STM32F4xx_HAL_Driver/Src/stm32f4xx_hal_rcc.o
LOAD ./Drivers/STM32F4xx_HAL_Driver/Src/stm32f4xx_hal_rcc_ex.o
LOAD ./Drivers/STM32F4xx_HAL_Driver/Src/stm32f4xx_hal_tim.o
LOAD ./Drivers/STM32F4xx_HAL_Driver/Src/stm32f4xx_hal_tim_ex.o
LOAD ./Drivers/STM32F4xx_HAL_Driver/Src/stm32f4xx_hal_uart.o
LOAD ./Middlewares/Third_Party/FreeRTOS/Source/CMSIS_RTOS_V2/cmsis_os2.o
LOAD ./Middlewares/Third_Party/FreeRTOS/Source/croutine.o
LOAD ./Middlewares/Third_Party/FreeRTOS/Source/event_groups.o
LOAD ./Middlewares/Third_Party/FreeRTOS/Source/list.o
LOAD ./Middlewares/Third_Party/FreeRTOS/Source/queue.o
LOAD ./Middlewares/Third_Party/FreeRTOS/Source/stream_buffer.o
LOAD ./Middlewares/Third_Party/FreeRTOS/Source/tasks.o
LOAD ./Middlewares/Third_Party/FreeRTOS/Source/timers.o
LOAD ./Middlewares/Third_Party/FreeRTOS/Source/portable/GCC/ARM_CM4F/port.o
LOAD ./Middlewares/Third_Party/FreeRTOS/Source/portable/MemMang/heap_4.o
START GROUP
LOAD C:/ST/STM32CubeIDE_1.14.1/STM32CubeIDE/plugins/com.st.stm32cube.ide.mcu.externaltools.gnu-tools-for-stm32.11.3.rel1.win32_1.1.100.202309141235/tools/bin/../lib/gcc/arm-none-eabi/11.3.1/../../../../arm-none-eabi/lib/thumb/v7e-m+fp/hard\libc_nano.a
LOAD C:/ST/STM32CubeIDE_1.14.1/STM32CubeIDE/plugins/com.st.stm32cube.ide.mcu.externaltools.gnu-tools-for-stm32.11.3.rel1.win32_1.1.100.202309141235/tools/bin/../lib/gcc/arm-none-eabi/11.3.1/../../../../arm-none-eabi/lib/thumb/v7e-m+fp/hard\libm.a
END GROUP
START GROUP
LOAD C:/ST/STM32CubeIDE_1.14.1/STM32CubeIDE/plugins/com.st.stm32cube.ide.mcu.externaltools.gnu-tools-for-stm32.11.3.rel1.win32_1.1.100.202309141235/tools/bin/../lib/gcc/arm-none-eabi/11.3.1/thumb/v7e-m+fp/hard\libgcc.a
LOAD C:/ST/STM32CubeIDE_1.14.1/STM32CubeIDE/plugins/com.st.stm32cube.ide.mcu.externaltools.gnu-tools-for-stm32.11.3.rel1.win32_1.1.100.202309141235/tools/bin/../lib/gcc/arm-none-eabi/11.3.1/../../../../arm-none-eabi/lib/thumb/v7e-m+fp/hard\libc_nano.a
END GROUP
START GROUP
LOAD C:/ST/STM32CubeIDE_1.14.1/STM32CubeIDE/plugins/com.st.stm32cube.ide.mcu.externaltools.gnu-tools-for-stm32.11.3.rel1.win32_1.1.100.202309141235/tools/bin/../lib/gcc/arm-none-eabi/11.3.1/thumb/v7e-m+fp/hard\libgcc.a
LOAD C:/ST/STM32CubeIDE_1.14.1/STM32CubeIDE/plugins/com.st.stm32cube.ide.mcu.externaltools.gnu-tools-for-stm32.11.3.rel1.win32_1.1.100.202309141235/tools/bin/../lib/gcc/arm-none-eabi/11.3.1/../../../../arm-none-eabi/lib/thumb/v7e-m+fp/hard\libc_nano.a
LOAD C:/ST/STM32CubeIDE_1.14.1/STM32CubeIDE/plugins/com.st.stm32cube.ide.mcu.externaltools.gnu-tools-for-stm32.11.3.rel1.win32_1.1.100.202309141235/tools/bin/../lib/gcc/arm-none-eabi/11.3.1/../../../../arm-none-eabi/lib/thumb/v7e-m+fp/hard\libnosys.a
END GROUP
START GROUP
LOAD C:/ST/STM32CubeIDE_1.14.1/STM32CubeIDE/plugins/com.st.stm32cube.ide.mcu.externaltools.gnu-tools-for-stm32.11.3.rel1.win32_1.1.100.202309141235/tools/bin/../lib/gcc/arm-none-eabi/11.3.1/thumb/v7e-m+fp/hard\libgcc.a
LOAD C:/ST/STM32CubeIDE_1.14.1/STM32CubeIDE/plugins/com.st.stm32cube.ide.mcu.externaltools.gnu-tools-for-stm32.11.3.rel1.win32_1.1.100.202309141235/tools/bin/../lib/gcc/arm-none-eabi/11.3.1/../../../../arm-none-eabi/lib/thumb/v7e-m+fp/hard\libc_nano.a
LOAD C:/ST/STM32CubeIDE_1.14.1/STM32CubeIDE/plugins/com.st.stm32cube.ide.mcu.externaltools.gnu-tools-for-stm32.11.3.rel1.win32_1.1.100.202309141235/tools/bin/../lib/gcc/arm-none-eabi/11.3.1/../../../../arm-none-eabi/lib/thumb/v7e-m+fp/hard\libnosys.a
END GROUP
LOAD C:/ST/STM32CubeIDE_1.14.1/STM32CubeIDE/plugins/com.st.stm32cube.ide.mcu.externaltools.gnu-tools-for-stm32.11.3.rel1.win32_1.1.100.202309141235/tools/bin/../lib/gcc/arm-none-eabi/11.3.1/thumb/v7e-m+fp/hard/crtend.o
LOAD C:/ST/STM32CubeIDE_1.14.1/STM32CubeIDE/plugins/com.st.stm32cube.ide.mcu.externaltools.gnu-tools-for-stm32.11.3.rel1.win32_1.1.100.202309141235/tools/bin/../lib/gcc/arm-none-eabi/11.3.1/thumb/v7e-m+fp/hard/crtn.o
                0x0000000020020000                _estack = (ORIGIN (RAM) + LENGTH (RAM))
                0x0000000000000200                _Min_Heap_Size = 0x200
                0x0000000000000400                _Min_Stack_Size = 0x400

.isr_vector     0x0000000008000000      0x188
                0x0000000008000000                . = ALIGN (0x4)
 *(.isr_vector)
 .isr_vector    0x0000000008000000      0x188 ./Core/Startup/startup_stm32f407vetx.o
                0x0000000008000000                g_pfnVectors
                0x0000000008000188                . = ALIGN (0x4)

.text           0x0000000008000190     0xb448
                0x0000000008000190                . = ALIGN (0x4)
 *(.text)
 .text          0x0000000008000190       0x40 C:/ST/STM32CubeIDE_1.14.1/STM32CubeIDE/plugins/com.st.stm32cube.ide.mcu.externaltools.gnu-tools-for-stm32.11.3.rel1.win32_1.1.100.202309141235/tools/bin/../lib/gcc/arm-none-eabi/11.3.1/thumb/v7e-m+fp/hard/crtbegin.o
 .text          0x00000000080001d0       0xa0 C:/ST/STM32CubeIDE_1.14.1/STM32CubeIDE/plugins/com.st.stm32cube.ide.mcu.externaltools.gnu-tools-for-stm32.11.3.rel1.win32_1.1.100.202309141235/tools/bin/../lib/gcc/arm-none-eabi/11.3.1/../../../../arm-none-eabi/lib/thumb/v7e-m+fp/hard\libc_nano.a(libc_a-memchr.o)
                0x00000000080001d0                memchr
 .text          0x0000000008000270      0x378 C:/ST/STM32CubeIDE_1.14.1/STM32CubeIDE/plugins/com.st.stm32cube.ide.mcu.externaltools.gnu-tools-for-stm32.11.3.rel1.win32_1.1.100.202309141235/tools/bin/../lib/gcc/arm-none-eabi/11.3.1/thumb/v7e-m+fp/hard\libgcc.a(_arm_addsubdf3.o)
                0x0000000008000270                __aeabi_drsub
                0x0000000008000278                __aeabi_dsub
                0x0000000008000278                __subdf3
                0x000000000800027c                __aeabi_dadd
                0x000000000800027c                __adddf3
                0x00000000080004f4                __floatunsidf
                0x00000000080004f4                __aeabi_ui2d
                0x0000000008000514                __floatsidf
                0x0000000008000514                __aeabi_i2d
                0x0000000008000538                __aeabi_f2d
                0x0000000008000538                __extendsfdf2
                0x000000000800057c                __floatundidf
                0x000000000800057c                __aeabi_ul2d
                0x000000000800058c                __floatdidf
                0x000000000800058c                __aeabi_l2d
 .text          0x00000000080005e8      0x424 C:/ST/STM32CubeIDE_1.14.1/STM32CubeIDE/plugins/com.st.stm32cube.ide.mcu.externaltools.gnu-tools-for-stm32.11.3.rel1.win32_1.1.100.202309141235/tools/bin/../lib/gcc/arm-none-eabi/11.3.1/thumb/v7e-m+fp/hard\libgcc.a(_arm_muldivdf3.o)
                0x00000000080005e8                __aeabi_dmul
                0x00000000080005e8                __muldf3
                0x000000000800083c                __divdf3
                0x000000000800083c                __aeabi_ddiv
 .text          0x0000000008000a0c      0x110 C:/ST/STM32CubeIDE_1.14.1/STM32CubeIDE/plugins/com.st.stm32cube.ide.mcu.externaltools.gnu-tools-for-stm32.11.3.rel1.win32_1.1.100.202309141235/tools/bin/../lib/gcc/arm-none-eabi/11.3.1/thumb/v7e-m+fp/hard\libgcc.a(_arm_cmpdf2.o)
                0x0000000008000a0c                __gtdf2
                0x0000000008000a0c                __gedf2
                0x0000000008000a14                __ltdf2
                0x0000000008000a14                __ledf2
                0x0000000008000a1c                __nedf2
                0x0000000008000a1c                __eqdf2
                0x0000000008000a1c                __cmpdf2
                0x0000000008000a98                __aeabi_cdrcmple
                0x0000000008000aa8                __aeabi_cdcmpeq
                0x0000000008000aa8                __aeabi_cdcmple
                0x0000000008000ab8                __aeabi_dcmpeq
                0x0000000008000acc                __aeabi_dcmplt
                0x0000000008000ae0                __aeabi_dcmple
                0x0000000008000af4                __aeabi_dcmpge
                0x0000000008000b08                __aeabi_dcmpgt
 .text          0x0000000008000b1c       0x50 C:/ST/STM32CubeIDE_1.14.1/STM32CubeIDE/plugins/com.st.stm32cube.ide.mcu.externaltools.gnu-tools-for-stm32.11.3.rel1.win32_1.1.100.202309141235/tools/bin/../lib/gcc/arm-none-eabi/11.3.1/thumb/v7e-m+fp/hard\libgcc.a(_arm_fixdfsi.o)
                0x0000000008000b1c                __aeabi_d2iz
                0x0000000008000b1c                __fixdfsi
 .text          0x0000000008000b6c       0x40 C:/ST/STM32CubeIDE_1.14.1/STM32CubeIDE/plugins/com.st.stm32cube.ide.mcu.externaltools.gnu-tools-for-stm32.11.3.rel1.win32_1.1.100.202309141235/tools/bin/../lib/gcc/arm-none-eabi/11.3.1/thumb/v7e-m+fp/hard\libgcc.a(_arm_fixunsdfsi.o)
                0x0000000008000b6c                __aeabi_d2uiz
                0x0000000008000b6c                __fixunsdfsi
 .text          0x0000000008000bac       0x30 C:/ST/STM32CubeIDE_1.14.1/STM32CubeIDE/plugins/com.st.stm32cube.ide.mcu.externaltools.gnu-tools-for-stm32.11.3.rel1.win32_1.1.100.202309141235/tools/bin/../lib/gcc/arm-none-eabi/11.3.1/thumb/v7e-m+fp/hard\libgcc.a(_aeabi_uldivmod.o)
                0x0000000008000bac                __aeabi_uldivmod
 .text          0x0000000008000bdc      0x2c8 C:/ST/STM32CubeIDE_1.14.1/STM32CubeIDE/plugins/com.st.stm32cube.ide.mcu.externaltools.gnu-tools-for-stm32.11.3.rel1.win32_1.1.100.202309141235/tools/bin/../lib/gcc/arm-none-eabi/11.3.1/thumb/v7e-m+fp/hard\libgcc.a(_udivmoddi4.o)
                0x0000000008000bdc                __udivmoddi4
 .text          0x0000000008000ea4        0x4 C:/ST/STM32CubeIDE_1.14.1/STM32CubeIDE/plugins/com.st.stm32cube.ide.mcu.externaltools.gnu-tools-for-stm32.11.3.rel1.win32_1.1.100.202309141235/tools/bin/../lib/gcc/arm-none-eabi/11.3.1/thumb/v7e-m+fp/hard\libgcc.a(_dvmd_tls.o)
                0x0000000008000ea4                __aeabi_idiv0
                0x0000000008000ea4                __aeabi_ldiv0
 *(.text*)
 .text.main     0x0000000008000ea8      0x12c ./Core/Src/main.o
                0x0000000008000ea8                main
 .text.SystemClock_Config
                0x0000000008000fd4       0xbc ./Core/Src/main.o
                0x0000000008000fd4                SystemClock_Config
 .text.MX_I2C1_Init
                0x0000000008001090       0x5c ./Core/Src/main.o
 .text.MX_TIM1_Init
                0x00000000080010ec      0x13c ./Core/Src/main.o
 .text.MX_TIM2_Init
                0x0000000008001228       0xa8 ./Core/Src/main.o
 .text.MX_TIM3_Init
                0x00000000080012d0       0xa8 ./Core/Src/main.o
 .text.MX_TIM4_Init
                0x0000000008001378       0xa8 ./Core/Src/main.o
 .text.MX_TIM8_Init
                0x0000000008001420      0x154 ./Core/Src/main.o
 .text.MX_USART3_UART_Init
                0x0000000008001574       0x54 ./Core/Src/main.o
 .text.MX_GPIO_Init
                0x00000000080015c8      0x19c ./Core/Src/main.o
 .text.HAL_UART_RxCpltCallback
                0x0000000008001764       0x24 ./Core/Src/main.o
                0x0000000008001764                HAL_UART_RxCpltCallback
 .text.delay    0x0000000008001788       0x34 ./Core/Src/main.o
                0x0000000008001788                delay
 *fill*         0x00000000080017bc        0x4 
 .text.HAL_TIM_IC_CaptureCallback
                0x00000000080017c0      0x150 ./Core/Src/main.o
                0x00000000080017c0                HAL_TIM_IC_CaptureCallback
 .text.HCSR04_Read
                0x0000000008001910       0x40 ./Core/Src/main.o
                0x0000000008001910                HCSR04_Read
 .text.moveCarStraight
                0x0000000008001950       0xf8 ./Core/Src/main.o
                0x0000000008001950                moveCarStraight
 .text.buzzerBeep
                0x0000000008001a48       0x28 ./Core/Src/main.o
                0x0000000008001a48                buzzerBeep
 .text.moveCarRight
                0x0000000008001a70       0x64 ./Core/Src/main.o
                0x0000000008001a70                moveCarRight
 .text.moveCarLeft
                0x0000000008001ad4       0x64 ./Core/Src/main.o
                0x0000000008001ad4                moveCarLeft
 .text.PID_Control
                0x0000000008001b38       0xf8 ./Core/Src/main.o
                0x0000000008001b38                PID_Control
 .text.PID_Angle
                0x0000000008001c30      0x110 ./Core/Src/main.o
                0x0000000008001c30                PID_Angle
 .text.finishCheck
                0x0000000008001d40       0x68 ./Core/Src/main.o
                0x0000000008001d40                finishCheck
 .text.readByte
                0x0000000008001da8       0x58 ./Core/Src/main.o
                0x0000000008001da8                readByte
 .text.writeByte
                0x0000000008001e00       0x48 ./Core/Src/main.o
                0x0000000008001e00                writeByte
 .text.gyroInit
                0x0000000008001e48       0x86 ./Core/Src/main.o
                0x0000000008001e48                gyroInit
 *fill*         0x0000000008001ece        0x2 
 .text.StartDefaultTask
                0x0000000008001ed0       0x20 ./Core/Src/main.o
                0x0000000008001ed0                StartDefaultTask
 .text.StartMotorTask
                0x0000000008001ef0      0x4e4 ./Core/Src/main.o
                0x0000000008001ef0                StartMotorTask
 .text.StartOLEDTask
                0x00000000080023d4      0x1d0 ./Core/Src/main.o
                0x00000000080023d4                StartOLEDTask
 *fill*         0x00000000080025a4        0x4 
 .text.StartGyroTask
                0x00000000080025a8      0x1a0 ./Core/Src/main.o
                0x00000000080025a8                StartGyroTask
 .text.StartUltrasonicTask
                0x0000000008002748       0x28 ./Core/Src/main.o
                0x0000000008002748                StartUltrasonicTask
 .text.StartCommunicateTask
                0x0000000008002770      0x244 ./Core/Src/main.o
                0x0000000008002770                StartCommunicateTask
 .text.StartEncoderRTask
                0x00000000080029b4       0x88 ./Core/Src/main.o
                0x00000000080029b4                StartEncoderRTask
 .text.StartEncoderLTask
                0x0000000008002a3c       0x88 ./Core/Src/main.o
                0x0000000008002a3c                StartEncoderLTask
 .text.Error_Handler
                0x0000000008002ac4        0xa ./Core/Src/main.o
                0x0000000008002ac4                Error_Handler
 *fill*         0x0000000008002ace        0x2 
 .text.HAL_MspInit
                0x0000000008002ad0       0x68 ./Core/Src/stm32f4xx_hal_msp.o
                0x0000000008002ad0                HAL_MspInit
 .text.HAL_I2C_MspInit
                0x0000000008002b38       0x90 ./Core/Src/stm32f4xx_hal_msp.o
                0x0000000008002b38                HAL_I2C_MspInit
 .text.HAL_TIM_Base_MspInit
                0x0000000008002bc8       0xec ./Core/Src/stm32f4xx_hal_msp.o
                0x0000000008002bc8                HAL_TIM_Base_MspInit
 .text.HAL_TIM_Encoder_MspInit
                0x0000000008002cb4      0x134 ./Core/Src/stm32f4xx_hal_msp.o
                0x0000000008002cb4                HAL_TIM_Encoder_MspInit
 .text.HAL_TIM_IC_MspInit
                0x0000000008002de8       0xa0 ./Core/Src/stm32f4xx_hal_msp.o
                0x0000000008002de8                HAL_TIM_IC_MspInit
 .text.HAL_TIM_MspPostInit
                0x0000000008002e88       0x74 ./Core/Src/stm32f4xx_hal_msp.o
                0x0000000008002e88                HAL_TIM_MspPostInit
 .text.HAL_UART_MspInit
                0x0000000008002efc       0xa0 ./Core/Src/stm32f4xx_hal_msp.o
                0x0000000008002efc                HAL_UART_MspInit
 .text.NMI_Handler
                0x0000000008002f9c        0x6 ./Core/Src/stm32f4xx_it.o
                0x0000000008002f9c                NMI_Handler
 .text.HardFault_Handler
                0x0000000008002fa2        0x6 ./Core/Src/stm32f4xx_it.o
                0x0000000008002fa2                HardFault_Handler
 .text.MemManage_Handler
                0x0000000008002fa8        0x6 ./Core/Src/stm32f4xx_it.o
                0x0000000008002fa8                MemManage_Handler
 .text.BusFault_Handler
                0x0000000008002fae        0x6 ./Core/Src/stm32f4xx_it.o
                0x0000000008002fae                BusFault_Handler
 .text.UsageFault_Handler
                0x0000000008002fb4        0x6 ./Core/Src/stm32f4xx_it.o
                0x0000000008002fb4                UsageFault_Handler
 .text.DebugMon_Handler
                0x0000000008002fba        0xe ./Core/Src/stm32f4xx_it.o
                0x0000000008002fba                DebugMon_Handler
 .text.SysTick_Handler
                0x0000000008002fc8       0x1a ./Core/Src/stm32f4xx_it.o
                0x0000000008002fc8                SysTick_Handler
 .text.RCC_IRQHandler
                0x0000000008002fe2        0xe ./Core/Src/stm32f4xx_it.o
                0x0000000008002fe2                RCC_IRQHandler
 .text.TIM1_BRK_TIM9_IRQHandler
                0x0000000008002ff0       0x14 ./Core/Src/stm32f4xx_it.o
                0x0000000008002ff0                TIM1_BRK_TIM9_IRQHandler
 .text.TIM1_UP_TIM10_IRQHandler
                0x0000000008003004       0x14 ./Core/Src/stm32f4xx_it.o
                0x0000000008003004                TIM1_UP_TIM10_IRQHandler
 .text.TIM4_IRQHandler
                0x0000000008003018       0x14 ./Core/Src/stm32f4xx_it.o
                0x0000000008003018                TIM4_IRQHandler
 .text.USART3_IRQHandler
                0x000000000800302c       0x14 ./Core/Src/stm32f4xx_it.o
                0x000000000800302c                USART3_IRQHandler
 .text.TIM8_TRG_COM_TIM14_IRQHandler
                0x0000000008003040       0x14 ./Core/Src/stm32f4xx_it.o
                0x0000000008003040                TIM8_TRG_COM_TIM14_IRQHandler
 .text._sbrk    0x0000000008003054       0x6c ./Core/Src/sysmem.o
                0x0000000008003054                _sbrk
 .text.SystemInit
                0x00000000080030c0       0x24 ./Core/Src/system_stm32f4xx.o
                0x00000000080030c0                SystemInit
 .text.Reset_Handler
                0x00000000080030e4       0x50 ./Core/Startup/startup_stm32f407vetx.o
                0x00000000080030e4                Reset_Handler
 .text.Default_Handler
                0x0000000008003134        0x2 ./Core/Startup/startup_stm32f407vetx.o
                0x0000000008003134                RTC_Alarm_IRQHandler
                0x0000000008003134                HASH_RNG_IRQHandler
                0x0000000008003134                EXTI2_IRQHandler
                0x0000000008003134                TIM8_CC_IRQHandler
                0x0000000008003134                TIM1_CC_IRQHandler
                0x0000000008003134                DMA2_Stream5_IRQHandler
                0x0000000008003134                DMA1_Stream5_IRQHandler
                0x0000000008003134                PVD_IRQHandler
                0x0000000008003134                SDIO_IRQHandler
                0x0000000008003134                TAMP_STAMP_IRQHandler
                0x0000000008003134                CAN2_RX1_IRQHandler
                0x0000000008003134                EXTI3_IRQHandler
                0x0000000008003134                TIM8_UP_TIM13_IRQHandler
                0x0000000008003134                I2C3_ER_IRQHandler
                0x0000000008003134                EXTI0_IRQHandler
                0x0000000008003134                I2C2_EV_IRQHandler
                0x0000000008003134                DMA1_Stream2_IRQHandler
                0x0000000008003134                CAN1_RX0_IRQHandler
                0x0000000008003134                FPU_IRQHandler
                0x0000000008003134                OTG_HS_WKUP_IRQHandler
                0x0000000008003134                CAN2_SCE_IRQHandler
                0x0000000008003134                DMA2_Stream2_IRQHandler
                0x0000000008003134                SPI1_IRQHandler
                0x0000000008003134                TIM6_DAC_IRQHandler
                0x0000000008003134                DCMI_IRQHandler
                0x0000000008003134                CAN2_RX0_IRQHandler
                0x0000000008003134                DMA2_Stream3_IRQHandler
                0x0000000008003134                USART6_IRQHandler
                0x0000000008003134                CAN1_RX1_IRQHandler
                0x0000000008003134                UART5_IRQHandler
                0x0000000008003134                DMA2_Stream0_IRQHandler
                0x0000000008003134                I2C1_EV_IRQHandler
                0x0000000008003134                DMA1_Stream6_IRQHandler
                0x0000000008003134                DMA1_Stream1_IRQHandler
                0x0000000008003134                UART4_IRQHandler
                0x0000000008003134                TIM3_IRQHandler
                0x0000000008003134                TIM8_BRK_TIM12_IRQHandler
                0x0000000008003134                Default_Handler
                0x0000000008003134                EXTI15_10_IRQHandler
                0x0000000008003134                ADC_IRQHandler
                0x0000000008003134                DMA1_Stream7_IRQHandler
                0x0000000008003134                TIM7_IRQHandler
                0x0000000008003134                CAN2_TX_IRQHandler
                0x0000000008003134                TIM5_IRQHandler
                0x0000000008003134                DMA2_Stream7_IRQHandler
                0x0000000008003134                I2C3_EV_IRQHandler
                0x0000000008003134                EXTI9_5_IRQHandler
                0x0000000008003134                RTC_WKUP_IRQHandler
                0x0000000008003134                ETH_WKUP_IRQHandler
                0x0000000008003134                SPI2_IRQHandler
                0x0000000008003134                OTG_HS_EP1_IN_IRQHandler
                0x0000000008003134                DMA1_Stream0_IRQHandler
                0x0000000008003134                CAN1_TX_IRQHandler
                0x0000000008003134                EXTI4_IRQHandler
                0x0000000008003134                FSMC_IRQHandler
                0x0000000008003134                ETH_IRQHandler
                0x0000000008003134                OTG_HS_EP1_OUT_IRQHandler
                0x0000000008003134                WWDG_IRQHandler
                0x0000000008003134                TIM2_IRQHandler
                0x0000000008003134                OTG_FS_WKUP_IRQHandler
                0x0000000008003134                TIM1_TRG_COM_TIM11_IRQHandler
                0x0000000008003134                OTG_HS_IRQHandler
                0x0000000008003134                EXTI1_IRQHandler
                0x0000000008003134                USART2_IRQHandler
                0x0000000008003134                I2C2_ER_IRQHandler
                0x0000000008003134                DMA2_Stream1_IRQHandler
                0x0000000008003134                CAN1_SCE_IRQHandler
                0x0000000008003134                FLASH_IRQHandler
                0x0000000008003134                DMA2_Stream4_IRQHandler
                0x0000000008003134                USART1_IRQHandler
                0x0000000008003134                OTG_FS_IRQHandler
                0x0000000008003134                SPI3_IRQHandler
                0x0000000008003134                DMA1_Stream4_IRQHandler
                0x0000000008003134                I2C1_ER_IRQHandler
                0x0000000008003134                DMA2_Stream6_IRQHandler
                0x0000000008003134                DMA1_Stream3_IRQHandler
 *fill*         0x0000000008003136        0x2 
 .text.OLED_Refresh_Gram
                0x0000000008003138       0x70 ./Drivers/PeripheralDriver/Src/oled.o
                0x0000000008003138                OLED_Refresh_Gram
 .text.OLED_WR_Byte
                0x00000000080031a8       0x94 ./Drivers/PeripheralDriver/Src/oled.o
                0x00000000080031a8                OLED_WR_Byte
 .text.OLED_Clear
                0x000000000800323c       0x4c ./Drivers/PeripheralDriver/Src/oled.o
                0x000000000800323c                OLED_Clear
 .text.OLED_DrawPoint
                0x0000000008003288       0xb4 ./Drivers/PeripheralDriver/Src/oled.o
                0x0000000008003288                OLED_DrawPoint
 .text.OLED_ShowChar
                0x000000000800333c       0xe4 ./Drivers/PeripheralDriver/Src/oled.o
                0x000000000800333c                OLED_ShowChar
 .text.OLED_ShowString
                0x0000000008003420       0x64 ./Drivers/PeripheralDriver/Src/oled.o
                0x0000000008003420                OLED_ShowString
 .text.OLED_Init
                0x0000000008003484      0x118 ./Drivers/PeripheralDriver/Src/oled.o
                0x0000000008003484                OLED_Init
 .text.HAL_Init
                0x000000000800359c       0x44 ./Drivers/STM32F4xx_HAL_Driver/Src/stm32f4xx_hal.o
                0x000000000800359c                HAL_Init
 .text.HAL_InitTick
                0x00000000080035e0       0x60 ./Drivers/STM32F4xx_HAL_Driver/Src/stm32f4xx_hal.o
                0x00000000080035e0                HAL_InitTick
 .text.HAL_IncTick
                0x0000000008003640       0x28 ./Drivers/STM32F4xx_HAL_Driver/Src/stm32f4xx_hal.o
                0x0000000008003640                HAL_IncTick
 .text.HAL_GetTick
                0x0000000008003668       0x18 ./Drivers/STM32F4xx_HAL_Driver/Src/stm32f4xx_hal.o
                0x0000000008003668                HAL_GetTick
 .text.HAL_Delay
                0x0000000008003680       0x48 ./Drivers/STM32F4xx_HAL_Driver/Src/stm32f4xx_hal.o
                0x0000000008003680                HAL_Delay
 .text.__NVIC_SetPriorityGrouping
                0x00000000080036c8       0x48 ./Drivers/STM32F4xx_HAL_Driver/Src/stm32f4xx_hal_cortex.o
 .text.__NVIC_GetPriorityGrouping
                0x0000000008003710       0x1c ./Drivers/STM32F4xx_HAL_Driver/Src/stm32f4xx_hal_cortex.o
 .text.__NVIC_EnableIRQ
                0x000000000800372c       0x3c ./Drivers/STM32F4xx_HAL_Driver/Src/stm32f4xx_hal_cortex.o
 .text.__NVIC_SetPriority
                0x0000000008003768       0x54 ./Drivers/STM32F4xx_HAL_Driver/Src/stm32f4xx_hal_cortex.o
 .text.NVIC_EncodePriority
                0x00000000080037bc       0x66 ./Drivers/STM32F4xx_HAL_Driver/Src/stm32f4xx_hal_cortex.o
 *fill*         0x0000000008003822        0x2 
 .text.SysTick_Config
                0x0000000008003824       0x44 ./Drivers/STM32F4xx_HAL_Driver/Src/stm32f4xx_hal_cortex.o
 .text.HAL_NVIC_SetPriorityGrouping
                0x0000000008003868       0x16 ./Drivers/STM32F4xx_HAL_Driver/Src/stm32f4xx_hal_cortex.o
                0x0000000008003868                HAL_NVIC_SetPriorityGrouping
 .text.HAL_NVIC_SetPriority
                0x000000000800387e       0x38 ./Drivers/STM32F4xx_HAL_Driver/Src/stm32f4xx_hal_cortex.o
                0x000000000800387e                HAL_NVIC_SetPriority
 .text.HAL_NVIC_EnableIRQ
                0x00000000080038b6       0x1c ./Drivers/STM32F4xx_HAL_Driver/Src/stm32f4xx_hal_cortex.o
                0x00000000080038b6                HAL_NVIC_EnableIRQ
 .text.HAL_SYSTICK_Config
                0x00000000080038d2       0x18 ./Drivers/STM32F4xx_HAL_Driver/Src/stm32f4xx_hal_cortex.o
                0x00000000080038d2                HAL_SYSTICK_Config
 .text.HAL_DMA_Abort
                0x00000000080038ea       0xe0 ./Drivers/STM32F4xx_HAL_Driver/Src/stm32f4xx_hal_dma.o
                0x00000000080038ea                HAL_DMA_Abort
 .text.HAL_DMA_Abort_IT
                0x00000000080039ca       0x44 ./Drivers/STM32F4xx_HAL_Driver/Src/stm32f4xx_hal_dma.o
                0x00000000080039ca                HAL_DMA_Abort_IT
 *fill*         0x0000000008003a0e        0x2 
 .text.HAL_GPIO_Init
                0x0000000008003a10      0x338 ./Drivers/STM32F4xx_HAL_Driver/Src/stm32f4xx_hal_gpio.o
                0x0000000008003a10                HAL_GPIO_Init
 .text.HAL_GPIO_WritePin
                0x0000000008003d48       0x32 ./Drivers/STM32F4xx_HAL_Driver/Src/stm32f4xx_hal_gpio.o
                0x0000000008003d48                HAL_GPIO_WritePin
 .text.HAL_GPIO_TogglePin
                0x0000000008003d7a       0x34 ./Drivers/STM32F4xx_HAL_Driver/Src/stm32f4xx_hal_gpio.o
                0x0000000008003d7a                HAL_GPIO_TogglePin
 *fill*         0x0000000008003dae        0x2 
 .text.HAL_I2C_Init
                0x0000000008003db0      0x288 ./Drivers/STM32F4xx_HAL_Driver/Src/stm32f4xx_hal_i2c.o
                0x0000000008003db0                HAL_I2C_Init
 .text.HAL_I2C_Master_Transmit
                0x0000000008004038      0x1fc ./Drivers/STM32F4xx_HAL_Driver/Src/stm32f4xx_hal_i2c.o
                0x0000000008004038                HAL_I2C_Master_Transmit
 .text.HAL_I2C_Master_Receive
                0x0000000008004234      0x44c ./Drivers/STM32F4xx_HAL_Driver/Src/stm32f4xx_hal_i2c.o
                0x0000000008004234                HAL_I2C_Master_Receive
 .text.I2C_MasterRequestWrite
                0x0000000008004680      0x104 ./Drivers/STM32F4xx_HAL_Driver/Src/stm32f4xx_hal_i2c.o
 .text.I2C_MasterRequestRead
                0x0000000008004784      0x19c ./Drivers/STM32F4xx_HAL_Driver/Src/stm32f4xx_hal_i2c.o
 .text.I2C_WaitOnFlagUntilTimeout
                0x0000000008004920       0xae ./Drivers/STM32F4xx_HAL_Driver/Src/stm32f4xx_hal_i2c.o
 .text.I2C_WaitOnMasterAddressFlagUntilTimeout
                0x00000000080049ce       0xfe ./Drivers/STM32F4xx_HAL_Driver/Src/stm32f4xx_hal_i2c.o
 .text.I2C_WaitOnTXEFlagUntilTimeout
                0x0000000008004acc       0x82 ./Drivers/STM32F4xx_HAL_Driver/Src/stm32f4xx_hal_i2c.o
 .text.I2C_WaitOnBTFFlagUntilTimeout
                0x0000000008004b4e       0x82 ./Drivers/STM32F4xx_HAL_Driver/Src/stm32f4xx_hal_i2c.o
 .text.I2C_WaitOnRXNEFlagUntilTimeout
                0x0000000008004bd0       0xac ./Drivers/STM32F4xx_HAL_Driver/Src/stm32f4xx_hal_i2c.o
 .text.I2C_IsAcknowledgeFailed
                0x0000000008004c7c       0x5e ./Drivers/STM32F4xx_HAL_Driver/Src/stm32f4xx_hal_i2c.o
 *fill*         0x0000000008004cda        0x2 
 .text.HAL_PWR_EnableBkUpAccess
                0x0000000008004cdc       0x28 ./Drivers/STM32F4xx_HAL_Driver/Src/stm32f4xx_hal_pwr.o
                0x0000000008004cdc                HAL_PWR_EnableBkUpAccess
 .text.HAL_PWR_DisableBkUpAccess
                0x0000000008004d04       0x28 ./Drivers/STM32F4xx_HAL_Driver/Src/stm32f4xx_hal_pwr.o
                0x0000000008004d04                HAL_PWR_DisableBkUpAccess
 .text.HAL_RCC_OscConfig
                0x0000000008004d2c      0x4f0 ./Drivers/STM32F4xx_HAL_Driver/Src/stm32f4xx_hal_rcc.o
                0x0000000008004d2c                HAL_RCC_OscConfig
 .text.HAL_RCC_ClockConfig
                0x000000000800521c      0x1cc ./Drivers/STM32F4xx_HAL_Driver/Src/stm32f4xx_hal_rcc.o
                0x000000000800521c                HAL_RCC_ClockConfig
 .text.HAL_RCC_GetSysClockFreq
                0x00000000080053e8      0x18c ./Drivers/STM32F4xx_HAL_Driver/Src/stm32f4xx_hal_rcc.o
                0x00000000080053e8                HAL_RCC_GetSysClockFreq
 .text.HAL_RCC_GetHCLKFreq
                0x0000000008005574       0x18 ./Drivers/STM32F4xx_HAL_Driver/Src/stm32f4xx_hal_rcc.o
                0x0000000008005574                HAL_RCC_GetHCLKFreq
 .text.HAL_RCC_GetPCLK1Freq
                0x000000000800558c       0x28 ./Drivers/STM32F4xx_HAL_Driver/Src/stm32f4xx_hal_rcc.o
                0x000000000800558c                HAL_RCC_GetPCLK1Freq
 .text.HAL_RCC_GetPCLK2Freq
                0x00000000080055b4       0x28 ./Drivers/STM32F4xx_HAL_Driver/Src/stm32f4xx_hal_rcc.o
                0x00000000080055b4                HAL_RCC_GetPCLK2Freq
 .text.HAL_TIM_Base_Init
                0x00000000080055dc       0x9e ./Drivers/STM32F4xx_HAL_Driver/Src/stm32f4xx_hal_tim.o
                0x00000000080055dc                HAL_TIM_Base_Init
 .text.HAL_TIM_PWM_Init
                0x000000000800567a       0x9e ./Drivers/STM32F4xx_HAL_Driver/Src/stm32f4xx_hal_tim.o
                0x000000000800567a                HAL_TIM_PWM_Init
 .text.HAL_TIM_PWM_MspInit
                0x0000000008005718       0x14 ./Drivers/STM32F4xx_HAL_Driver/Src/stm32f4xx_hal_tim.o
                0x0000000008005718                HAL_TIM_PWM_MspInit
 .text.HAL_TIM_PWM_Start
                0x000000000800572c      0x190 ./Drivers/STM32F4xx_HAL_Driver/Src/stm32f4xx_hal_tim.o
                0x000000000800572c                HAL_TIM_PWM_Start
 .text.HAL_TIM_IC_Init
                0x00000000080058bc       0x9e ./Drivers/STM32F4xx_HAL_Driver/Src/stm32f4xx_hal_tim.o
                0x00000000080058bc                HAL_TIM_IC_Init
 *fill*         0x000000000800595a        0x2 
 .text.HAL_TIM_IC_Start_IT
                0x000000000800595c      0x250 ./Drivers/STM32F4xx_HAL_Driver/Src/stm32f4xx_hal_tim.o
                0x000000000800595c                HAL_TIM_IC_Start_IT
 .text.HAL_TIM_Encoder_Init
                0x0000000008005bac      0x14c ./Drivers/STM32F4xx_HAL_Driver/Src/stm32f4xx_hal_tim.o
                0x0000000008005bac                HAL_TIM_Encoder_Init
 .text.HAL_TIM_Encoder_Start
                0x0000000008005cf8      0x11c ./Drivers/STM32F4xx_HAL_Driver/Src/stm32f4xx_hal_tim.o
                0x0000000008005cf8                HAL_TIM_Encoder_Start
 .text.HAL_TIM_IRQHandler
                0x0000000008005e14      0x210 ./Drivers/STM32F4xx_HAL_Driver/Src/stm32f4xx_hal_tim.o
                0x0000000008005e14                HAL_TIM_IRQHandler
 .text.HAL_TIM_IC_ConfigChannel
                0x0000000008006024      0x138 ./Drivers/STM32F4xx_HAL_Driver/Src/stm32f4xx_hal_tim.o
                0x0000000008006024                HAL_TIM_IC_ConfigChannel
 .text.HAL_TIM_PWM_ConfigChannel
                0x000000000800615c      0x184 ./Drivers/STM32F4xx_HAL_Driver/Src/stm32f4xx_hal_tim.o
                0x000000000800615c                HAL_TIM_PWM_ConfigChannel
 .text.HAL_TIM_ConfigClockSource
                0x00000000080062e0      0x18e ./Drivers/STM32F4xx_HAL_Driver/Src/stm32f4xx_hal_tim.o
                0x00000000080062e0                HAL_TIM_ConfigClockSource
 *fill*         0x000000000800646e        0x2 
 .text.HAL_TIM_ReadCapturedValue
                0x0000000008006470       0x88 ./Drivers/STM32F4xx_HAL_Driver/Src/stm32f4xx_hal_tim.o
                0x0000000008006470                HAL_TIM_ReadCapturedValue
 .text.HAL_TIM_PeriodElapsedCallback
                0x00000000080064f8       0x14 ./Drivers/STM32F4xx_HAL_Driver/Src/stm32f4xx_hal_tim.o
                0x00000000080064f8                HAL_TIM_PeriodElapsedCallback
 .text.HAL_TIM_OC_DelayElapsedCallback
                0x000000000800650c       0x14 ./Drivers/STM32F4xx_HAL_Driver/Src/stm32f4xx_hal_tim.o
                0x000000000800650c                HAL_TIM_OC_DelayElapsedCallback
 .text.HAL_TIM_PWM_PulseFinishedCallback
                0x0000000008006520       0x14 ./Drivers/STM32F4xx_HAL_Driver/Src/stm32f4xx_hal_tim.o
                0x0000000008006520                HAL_TIM_PWM_PulseFinishedCallback
 .text.HAL_TIM_TriggerCallback
                0x0000000008006534       0x14 ./Drivers/STM32F4xx_HAL_Driver/Src/stm32f4xx_hal_tim.o
                0x0000000008006534                HAL_TIM_TriggerCallback
 .text.TIM_Base_SetConfig
                0x0000000008006548      0x140 ./Drivers/STM32F4xx_HAL_Driver/Src/stm32f4xx_hal_tim.o
                0x0000000008006548                TIM_Base_SetConfig
 .text.TIM_OC1_SetConfig
                0x0000000008006688       0xe0 ./Drivers/STM32F4xx_HAL_Driver/Src/stm32f4xx_hal_tim.o
 .text.TIM_OC2_SetConfig
                0x0000000008006768       0xec ./Drivers/STM32F4xx_HAL_Driver/Src/stm32f4xx_hal_tim.o
                0x0000000008006768                TIM_OC2_SetConfig
 .text.TIM_OC3_SetConfig
                0x0000000008006854       0xe8 ./Drivers/STM32F4xx_HAL_Driver/Src/stm32f4xx_hal_tim.o
 .text.TIM_OC4_SetConfig
                0x000000000800693c       0xac ./Drivers/STM32F4xx_HAL_Driver/Src/stm32f4xx_hal_tim.o
 .text.TIM_TI1_SetConfig
                0x00000000080069e8       0xe8 ./Drivers/STM32F4xx_HAL_Driver/Src/stm32f4xx_hal_tim.o
                0x00000000080069e8                TIM_TI1_SetConfig
 .text.TIM_TI1_ConfigInputStage
                0x0000000008006ad0       0x5e ./Drivers/STM32F4xx_HAL_Driver/Src/stm32f4xx_hal_tim.o
 .text.TIM_TI2_SetConfig
                0x0000000008006b2e       0x7a ./Drivers/STM32F4xx_HAL_Driver/Src/stm32f4xx_hal_tim.o
 .text.TIM_TI2_ConfigInputStage
                0x0000000008006ba8       0x60 ./Drivers/STM32F4xx_HAL_Driver/Src/stm32f4xx_hal_tim.o
 .text.TIM_TI3_SetConfig
                0x0000000008006c08       0x78 ./Drivers/STM32F4xx_HAL_Driver/Src/stm32f4xx_hal_tim.o
 .text.TIM_TI4_SetConfig
                0x0000000008006c80       0x7a ./Drivers/STM32F4xx_HAL_Driver/Src/stm32f4xx_hal_tim.o
 .text.TIM_ITRx_SetConfig
                0x0000000008006cfa       0x36 ./Drivers/STM32F4xx_HAL_Driver/Src/stm32f4xx_hal_tim.o
 .text.TIM_ETR_SetConfig
                0x0000000008006d30       0x40 ./Drivers/STM32F4xx_HAL_Driver/Src/stm32f4xx_hal_tim.o
                0x0000000008006d30                TIM_ETR_SetConfig
 .text.TIM_CCxChannelCmd
                0x0000000008006d70       0x4a ./Drivers/STM32F4xx_HAL_Driver/Src/stm32f4xx_hal_tim.o
                0x0000000008006d70                TIM_CCxChannelCmd
 *fill*         0x0000000008006dba        0x2 
 .text.HAL_TIMEx_MasterConfigSynchronization
                0x0000000008006dbc       0xf8 ./Drivers/STM32F4xx_HAL_Driver/Src/stm32f4xx_hal_tim_ex.o
                0x0000000008006dbc                HAL_TIMEx_MasterConfigSynchronization
 .text.HAL_TIMEx_ConfigBreakDeadTime
                0x0000000008006eb4       0xa4 ./Drivers/STM32F4xx_HAL_Driver/Src/stm32f4xx_hal_tim_ex.o
                0x0000000008006eb4                HAL_TIMEx_ConfigBreakDeadTime
 .text.HAL_TIMEx_CommutCallback
                0x0000000008006f58       0x14 ./Drivers/STM32F4xx_HAL_Driver/Src/stm32f4xx_hal_tim_ex.o
                0x0000000008006f58                HAL_TIMEx_CommutCallback
 .text.HAL_TIMEx_BreakCallback
                0x0000000008006f6c       0x14 ./Drivers/STM32F4xx_HAL_Driver/Src/stm32f4xx_hal_tim_ex.o
                0x0000000008006f6c                HAL_TIMEx_BreakCallback
 .text.HAL_UART_Init
                0x0000000008006f80       0x9a ./Drivers/STM32F4xx_HAL_Driver/Src/stm32f4xx_hal_uart.o
                0x0000000008006f80                HAL_UART_Init
 .text.HAL_UART_Transmit
                0x000000000800701a      0x124 ./Drivers/STM32F4xx_HAL_Driver/Src/stm32f4xx_hal_uart.o
                0x000000000800701a                HAL_UART_Transmit
 .text.HAL_UART_Receive_IT
                0x000000000800713e       0x60 ./Drivers/STM32F4xx_HAL_Driver/Src/stm32f4xx_hal_uart.o
                0x000000000800713e                HAL_UART_Receive_IT
 *fill*         0x000000000800719e        0x2 
 .text.HAL_UART_IRQHandler
                0x00000000080071a0      0x51c ./Drivers/STM32F4xx_HAL_Driver/Src/stm32f4xx_hal_uart.o
                0x00000000080071a0                HAL_UART_IRQHandler
 .text.HAL_UART_TxCpltCallback
                0x00000000080076bc       0x14 ./Drivers/STM32F4xx_HAL_Driver/Src/stm32f4xx_hal_uart.o
                0x00000000080076bc                HAL_UART_TxCpltCallback
 .text.HAL_UART_ErrorCallback
                0x00000000080076d0       0x14 ./Drivers/STM32F4xx_HAL_Driver/Src/stm32f4xx_hal_uart.o
                0x00000000080076d0                HAL_UART_ErrorCallback
 .text.HAL_UARTEx_RxEventCallback
                0x00000000080076e4       0x18 ./Drivers/STM32F4xx_HAL_Driver/Src/stm32f4xx_hal_uart.o
                0x00000000080076e4                HAL_UARTEx_RxEventCallback
 .text.UART_WaitOnFlagUntilTimeout
                0x00000000080076fc       0xdc ./Drivers/STM32F4xx_HAL_Driver/Src/stm32f4xx_hal_uart.o
 .text.UART_Start_Receive_IT
                0x00000000080077d8       0x7c ./Drivers/STM32F4xx_HAL_Driver/Src/stm32f4xx_hal_uart.o
                0x00000000080077d8                UART_Start_Receive_IT
 .text.UART_EndRxTransfer
                0x0000000008007854       0xc6 ./Drivers/STM32F4xx_HAL_Driver/Src/stm32f4xx_hal_uart.o
 .text.UART_DMAAbortOnError
                0x000000000800791a       0x28 ./Drivers/STM32F4xx_HAL_Driver/Src/stm32f4xx_hal_uart.o
 .text.UART_Transmit_IT
                0x0000000008007942       0xa0 ./Drivers/STM32F4xx_HAL_Driver/Src/stm32f4xx_hal_uart.o
 .text.UART_EndTransmit_IT
                0x00000000080079e2       0x30 ./Drivers/STM32F4xx_HAL_Driver/Src/stm32f4xx_hal_uart.o
 .text.UART_Receive_IT
                0x0000000008007a12      0x176 ./Drivers/STM32F4xx_HAL_Driver/Src/stm32f4xx_hal_uart.o
 .text.UART_SetConfig
                0x0000000008007b88      0x4e8 ./Drivers/STM32F4xx_HAL_Driver/Src/stm32f4xx_hal_uart.o
 .text.__NVIC_SetPriority
                0x0000000008008070       0x54 ./Middlewares/Third_Party/FreeRTOS/Source/CMSIS_RTOS_V2/cmsis_os2.o
 .text.SVC_Setup
                0x00000000080080c4       0x12 ./Middlewares/Third_Party/FreeRTOS/Source/CMSIS_RTOS_V2/cmsis_os2.o
 *fill*         0x00000000080080d6        0x2 
 .text.osKernelInitialize
                0x00000000080080d8       0x48 ./Middlewares/Third_Party/FreeRTOS/Source/CMSIS_RTOS_V2/cmsis_os2.o
                0x00000000080080d8                osKernelInitialize
 .text.osKernelStart
                0x0000000008008120       0x4c ./Middlewares/Third_Party/FreeRTOS/Source/CMSIS_RTOS_V2/cmsis_os2.o
                0x0000000008008120                osKernelStart
 .text.osThreadNew
                0x000000000800816c      0x124 ./Middlewares/Third_Party/FreeRTOS/Source/CMSIS_RTOS_V2/cmsis_os2.o
                0x000000000800816c                osThreadNew
 .text.osDelay  0x0000000008008290       0x36 ./Middlewares/Third_Party/FreeRTOS/Source/CMSIS_RTOS_V2/cmsis_os2.o
                0x0000000008008290                osDelay
 *fill*         0x00000000080082c6        0x2 
 .text.vApplicationGetIdleTaskMemory
                0x00000000080082c8       0x34 ./Middlewares/Third_Party/FreeRTOS/Source/CMSIS_RTOS_V2/cmsis_os2.o
                0x00000000080082c8                vApplicationGetIdleTaskMemory
 .text.vApplicationGetTimerTaskMemory
                0x00000000080082fc       0x34 ./Middlewares/Third_Party/FreeRTOS/Source/CMSIS_RTOS_V2/cmsis_os2.o
                0x00000000080082fc                vApplicationGetTimerTaskMemory
 .text.vListInitialise
                0x0000000008008330       0x40 ./Middlewares/Third_Party/FreeRTOS/Source/list.o
                0x0000000008008330                vListInitialise
 .text.vListInitialiseItem
                0x0000000008008370       0x1a ./Middlewares/Third_Party/FreeRTOS/Source/list.o
                0x0000000008008370                vListInitialiseItem
 .text.vListInsertEnd
                0x000000000800838a       0x48 ./Middlewares/Third_Party/FreeRTOS/Source/list.o
                0x000000000800838a                vListInsertEnd
 .text.vListInsert
                0x00000000080083d2       0x72 ./Middlewares/Third_Party/FreeRTOS/Source/list.o
                0x00000000080083d2                vListInsert
 .text.uxListRemove
                0x0000000008008444       0x54 ./Middlewares/Third_Party/FreeRTOS/Source/list.o
                0x0000000008008444                uxListRemove
 .text.xQueueGenericReset
                0x0000000008008498       0xd0 ./Middlewares/Third_Party/FreeRTOS/Source/queue.o
                0x0000000008008498                xQueueGenericReset
 .text.xQueueGenericCreateStatic
                0x0000000008008568       0xf0 ./Middlewares/Third_Party/FreeRTOS/Source/queue.o
                0x0000000008008568                xQueueGenericCreateStatic
 .text.prvInitialiseNewQueue
                0x0000000008008658       0x46 ./Middlewares/Third_Party/FreeRTOS/Source/queue.o
 *fill*         0x000000000800869e        0x2 
 .text.xQueueGenericSend
                0x00000000080086a0      0x1fc ./Middlewares/Third_Party/FreeRTOS/Source/queue.o
                0x00000000080086a0                xQueueGenericSend
 .text.xQueueGenericSendFromISR
                0x000000000800889c      0x136 ./Middlewares/Third_Party/FreeRTOS/Source/queue.o
                0x000000000800889c                xQueueGenericSendFromISR
 *fill*         0x00000000080089d2        0x2 
 .text.xQueueReceive
                0x00000000080089d4      0x1c0 ./Middlewares/Third_Party/FreeRTOS/Source/queue.o
                0x00000000080089d4                xQueueReceive
 .text.prvCopyDataToQueue
                0x0000000008008b94       0xd4 ./Middlewares/Third_Party/FreeRTOS/Source/queue.o
 .text.prvCopyDataFromQueue
                0x0000000008008c68       0x4c ./Middlewares/Third_Party/FreeRTOS/Source/queue.o
 .text.prvUnlockQueue
                0x0000000008008cb4       0xa4 ./Middlewares/Third_Party/FreeRTOS/Source/queue.o
 .text.prvIsQueueEmpty
                0x0000000008008d58       0x2c ./Middlewares/Third_Party/FreeRTOS/Source/queue.o
 .text.prvIsQueueFull
                0x0000000008008d84       0x30 ./Middlewares/Third_Party/FreeRTOS/Source/queue.o
 .text.vQueueAddToRegistry
                0x0000000008008db4       0x54 ./Middlewares/Third_Party/FreeRTOS/Source/queue.o
                0x0000000008008db4                vQueueAddToRegistry
 .text.vQueueWaitForMessageRestricted
                0x0000000008008e08       0x68 ./Middlewares/Third_Party/FreeRTOS/Source/queue.o
                0x0000000008008e08                vQueueWaitForMessageRestricted
 .text.xTaskCreateStatic
                0x0000000008008e70       0xba ./Middlewares/Third_Party/FreeRTOS/Source/tasks.o
                0x0000000008008e70                xTaskCreateStatic
 .text.xTaskCreate
                0x0000000008008f2a       0x8a ./Middlewares/Third_Party/FreeRTOS/Source/tasks.o
                0x0000000008008f2a                xTaskCreate
 .text.prvInitialiseNewTask
                0x0000000008008fb4      0x14c ./Middlewares/Third_Party/FreeRTOS/Source/tasks.o
 .text.prvAddNewTaskToReadyList
                0x0000000008009100       0xe0 ./Middlewares/Third_Party/FreeRTOS/Source/tasks.o
 .text.vTaskDelay
                0x00000000080091e0       0x68 ./Middlewares/Third_Party/FreeRTOS/Source/tasks.o
                0x00000000080091e0                vTaskDelay
 .text.vTaskStartScheduler
                0x0000000008009248       0xe0 ./Middlewares/Third_Party/FreeRTOS/Source/tasks.o
                0x0000000008009248                vTaskStartScheduler
 .text.vTaskSuspendAll
                0x0000000008009328       0x1c ./Middlewares/Third_Party/FreeRTOS/Source/tasks.o
                0x0000000008009328                vTaskSuspendAll
 .text.xTaskResumeAll
                0x0000000008009344      0x13c ./Middlewares/Third_Party/FreeRTOS/Source/tasks.o
                0x0000000008009344                xTaskResumeAll
 .text.xTaskGetTickCount
                0x0000000008009480       0x20 ./Middlewares/Third_Party/FreeRTOS/Source/tasks.o
                0x0000000008009480                xTaskGetTickCount
 .text.xTaskIncrementTick
                0x00000000080094a0      0x174 ./Middlewares/Third_Party/FreeRTOS/Source/tasks.o
                0x00000000080094a0                xTaskIncrementTick
 .text.vTaskSwitchContext
                0x0000000008009614       0xc8 ./Middlewares/Third_Party/FreeRTOS/Source/tasks.o
                0x0000000008009614                vTaskSwitchContext
 .text.vTaskPlaceOnEventList
                0x00000000080096dc       0x48 ./Middlewares/Third_Party/FreeRTOS/Source/tasks.o
                0x00000000080096dc                vTaskPlaceOnEventList
 .text.vTaskPlaceOnEventListRestricted
                0x0000000008009724       0x58 ./Middlewares/Third_Party/FreeRTOS/Source/tasks.o
                0x0000000008009724                vTaskPlaceOnEventListRestricted
 .text.xTaskRemoveFromEventList
                0x000000000800977c       0xc8 ./Middlewares/Third_Party/FreeRTOS/Source/tasks.o
                0x000000000800977c                xTaskRemoveFromEventList
 .text.vTaskInternalSetTimeOutState
                0x0000000008009844       0x2c ./Middlewares/Third_Party/FreeRTOS/Source/tasks.o
                0x0000000008009844                vTaskInternalSetTimeOutState
 .text.xTaskCheckForTimeOut
                0x0000000008009870       0xc4 ./Middlewares/Third_Party/FreeRTOS/Source/tasks.o
                0x0000000008009870                xTaskCheckForTimeOut
 .text.vTaskMissedYield
                0x0000000008009934       0x18 ./Middlewares/Third_Party/FreeRTOS/Source/tasks.o
                0x0000000008009934                vTaskMissedYield
 .text.prvIdleTask
                0x000000000800994c       0x30 ./Middlewares/Third_Party/FreeRTOS/Source/tasks.o
 .text.prvInitialiseTaskLists
                0x000000000800997c       0x80 ./Middlewares/Third_Party/FreeRTOS/Source/tasks.o
 .text.prvCheckTasksWaitingTermination
                0x00000000080099fc       0x5c ./Middlewares/Third_Party/FreeRTOS/Source/tasks.o
 .text.prvDeleteTCB
                0x0000000008009a58       0x68 ./Middlewares/Third_Party/FreeRTOS/Source/tasks.o
 .text.prvResetNextTaskUnblockTime
                0x0000000008009ac0       0x40 ./Middlewares/Third_Party/FreeRTOS/Source/tasks.o
 .text.xTaskGetSchedulerState
                0x0000000008009b00       0x3c ./Middlewares/Third_Party/FreeRTOS/Source/tasks.o
                0x0000000008009b00                xTaskGetSchedulerState
 .text.xTaskPriorityDisinherit
                0x0000000008009b3c       0xdc ./Middlewares/Third_Party/FreeRTOS/Source/tasks.o
                0x0000000008009b3c                xTaskPriorityDisinherit
 .text.prvAddCurrentTaskToDelayedList
                0x0000000008009c18       0xa8 ./Middlewares/Third_Party/FreeRTOS/Source/tasks.o
 .text.xTimerCreateTimerTask
                0x0000000008009cc0       0x90 ./Middlewares/Third_Party/FreeRTOS/Source/timers.o
                0x0000000008009cc0                xTimerCreateTimerTask
 .text.xTimerGenericCommand
                0x0000000008009d50       0x9c ./Middlewares/Third_Party/FreeRTOS/Source/timers.o
                0x0000000008009d50                xTimerGenericCommand
 .text.prvProcessExpiredTimer
                0x0000000008009dec       0x98 ./Middlewares/Third_Party/FreeRTOS/Source/timers.o
 .text.prvTimerTask
                0x0000000008009e84       0x24 ./Middlewares/Third_Party/FreeRTOS/Source/timers.o
 .text.prvProcessTimerOrBlockTask
                0x0000000008009ea8       0x9c ./Middlewares/Third_Party/FreeRTOS/Source/timers.o
 .text.prvGetNextExpireTime
                0x0000000008009f44       0x48 ./Middlewares/Third_Party/FreeRTOS/Source/timers.o
 .text.prvSampleTimeNow
                0x0000000008009f8c       0x40 ./Middlewares/Third_Party/FreeRTOS/Source/timers.o
 .text.prvInsertTimerInActiveList
                0x0000000008009fcc       0x84 ./Middlewares/Third_Party/FreeRTOS/Source/timers.o
 .text.prvProcessReceivedCommands
                0x000000000800a050      0x1c4 ./Middlewares/Third_Party/FreeRTOS/Source/timers.o
 .text.prvSwitchTimerLists
                0x000000000800a214       0xc8 ./Middlewares/Third_Party/FreeRTOS/Source/timers.o
 .text.prvCheckForValidListAndQueue
                0x000000000800a2dc       0x80 ./Middlewares/Third_Party/FreeRTOS/Source/timers.o
 .text.pxPortInitialiseStack
                0x000000000800a35c       0x68 ./Middlewares/Third_Party/FreeRTOS/Source/portable/GCC/ARM_CM4F/port.o
                0x000000000800a35c                pxPortInitialiseStack
 .text.prvTaskExitError
                0x000000000800a3c4       0x58 ./Middlewares/Third_Party/FreeRTOS/Source/portable/GCC/ARM_CM4F/port.o
 *fill*         0x000000000800a41c        0x4 
 .text.SVC_Handler
                0x000000000800a420       0x28 ./Middlewares/Third_Party/FreeRTOS/Source/portable/GCC/ARM_CM4F/port.o
                0x000000000800a420                SVC_Handler
 .text.prvPortStartFirstTask
                0x000000000800a448       0x28 ./Middlewares/Third_Party/FreeRTOS/Source/portable/GCC/ARM_CM4F/port.o
 .text.xPortStartScheduler
                0x000000000800a470      0x144 ./Middlewares/Third_Party/FreeRTOS/Source/portable/GCC/ARM_CM4F/port.o
                0x000000000800a470                xPortStartScheduler
 .text.vPortEnterCritical
                0x000000000800a5b4       0x60 ./Middlewares/Third_Party/FreeRTOS/Source/portable/GCC/ARM_CM4F/port.o
                0x000000000800a5b4                vPortEnterCritical
 .text.vPortExitCritical
                0x000000000800a614       0x54 ./Middlewares/Third_Party/FreeRTOS/Source/portable/GCC/ARM_CM4F/port.o
                0x000000000800a614                vPortExitCritical
 *fill*         0x000000000800a668        0x8 
 .text.PendSV_Handler
                0x000000000800a670       0x68 ./Middlewares/Third_Party/FreeRTOS/Source/portable/GCC/ARM_CM4F/port.o
                0x000000000800a670                PendSV_Handler
 .text.xPortSysTickHandler
                0x000000000800a6d8       0x44 ./Middlewares/Third_Party/FreeRTOS/Source/portable/GCC/ARM_CM4F/port.o
                0x000000000800a6d8                xPortSysTickHandler
 .text.vPortSetupTimerInterrupt
                0x000000000800a71c       0x48 ./Middlewares/Third_Party/FreeRTOS/Source/portable/GCC/ARM_CM4F/port.o
                0x000000000800a71c                vPortSetupTimerInterrupt
 .text.vPortEnableVFP
                0x000000000800a764       0x14 ./Middlewares/Third_Party/FreeRTOS/Source/portable/GCC/ARM_CM4F/port.o
 .text.vPortValidateInterruptPriority
                0x000000000800a778       0x80 ./Middlewares/Third_Party/FreeRTOS/Source/portable/GCC/ARM_CM4F/port.o
                0x000000000800a778                vPortValidateInterruptPriority
 .text.pvPortMalloc
                0x000000000800a7f8      0x198 ./Middlewares/Third_Party/FreeRTOS/Source/portable/MemMang/heap_4.o
                0x000000000800a7f8                pvPortMalloc
 .text.vPortFree
                0x000000000800a990       0xc4 ./Middlewares/Third_Party/FreeRTOS/Source/portable/MemMang/heap_4.o
                0x000000000800a990                vPortFree
 .text.prvHeapInit
                0x000000000800aa54       0xc4 ./Middlewares/Third_Party/FreeRTOS/Source/portable/MemMang/heap_4.o
 .text.prvInsertBlockIntoFreeList
                0x000000000800ab18       0xb4 ./Middlewares/Third_Party/FreeRTOS/Source/portable/MemMang/heap_4.o
 .text.sprintf  0x000000000800abcc       0x40 C:/ST/STM32CubeIDE_1.14.1/STM32CubeIDE/plugins/com.st.stm32cube.ide.mcu.externaltools.gnu-tools-for-stm32.11.3.rel1.win32_1.1.100.202309141235/tools/bin/../lib/gcc/arm-none-eabi/11.3.1/../../../../arm-none-eabi/lib/thumb/v7e-m+fp/hard\libc_nano.a(libc_a-sprintf.o)
                0x000000000800abcc                siprintf
                0x000000000800abcc                sprintf
 .text.memset   0x000000000800ac0c       0x10 C:/ST/STM32CubeIDE_1.14.1/STM32CubeIDE/plugins/com.st.stm32cube.ide.mcu.externaltools.gnu-tools-for-stm32.11.3.rel1.win32_1.1.100.202309141235/tools/bin/../lib/gcc/arm-none-eabi/11.3.1/../../../../arm-none-eabi/lib/thumb/v7e-m+fp/hard\libc_nano.a(libc_a-memset.o)
                0x000000000800ac0c                memset
 .text._reclaim_reent
                0x000000000800ac1c       0xac C:/ST/STM32CubeIDE_1.14.1/STM32CubeIDE/plugins/com.st.stm32cube.ide.mcu.externaltools.gnu-tools-for-stm32.11.3.rel1.win32_1.1.100.202309141235/tools/bin/../lib/gcc/arm-none-eabi/11.3.1/../../../../arm-none-eabi/lib/thumb/v7e-m+fp/hard\libc_nano.a(libc_a-reent.o)
                0x000000000800ac1c                _reclaim_reent
 .text.__errno  0x000000000800acc8        0xc C:/ST/STM32CubeIDE_1.14.1/STM32CubeIDE/plugins/com.st.stm32cube.ide.mcu.externaltools.gnu-tools-for-stm32.11.3.rel1.win32_1.1.100.202309141235/tools/bin/../lib/gcc/arm-none-eabi/11.3.1/../../../../arm-none-eabi/lib/thumb/v7e-m+fp/hard\libc_nano.a(libc_a-errno.o)
                0x000000000800acc8                __errno
 .text.__libc_init_array
                0x000000000800acd4       0x48 C:/ST/STM32CubeIDE_1.14.1/STM32CubeIDE/plugins/com.st.stm32cube.ide.mcu.externaltools.gnu-tools-for-stm32.11.3.rel1.win32_1.1.100.202309141235/tools/bin/../lib/gcc/arm-none-eabi/11.3.1/../../../../arm-none-eabi/lib/thumb/v7e-m+fp/hard\libc_nano.a(libc_a-init.o)
                0x000000000800acd4                __libc_init_array
 .text.__retarget_lock_acquire_recursive
                0x000000000800ad1c        0x2 C:/ST/STM32CubeIDE_1.14.1/STM32CubeIDE/plugins/com.st.stm32cube.ide.mcu.externaltools.gnu-tools-for-stm32.11.3.rel1.win32_1.1.100.202309141235/tools/bin/../lib/gcc/arm-none-eabi/11.3.1/../../../../arm-none-eabi/lib/thumb/v7e-m+fp/hard\libc_nano.a(libc_a-lock.o)
                0x000000000800ad1c                __retarget_lock_acquire_recursive
 .text.__retarget_lock_release_recursive
                0x000000000800ad1e        0x2 C:/ST/STM32CubeIDE_1.14.1/STM32CubeIDE/plugins/com.st.stm32cube.ide.mcu.externaltools.gnu-tools-for-stm32.11.3.rel1.win32_1.1.100.202309141235/tools/bin/../lib/gcc/arm-none-eabi/11.3.1/../../../../arm-none-eabi/lib/thumb/v7e-m+fp/hard\libc_nano.a(libc_a-lock.o)
                0x000000000800ad1e                __retarget_lock_release_recursive
 .text.memcpy   0x000000000800ad20       0x1c C:/ST/STM32CubeIDE_1.14.1/STM32CubeIDE/plugins/com.st.stm32cube.ide.mcu.externaltools.gnu-tools-for-stm32.11.3.rel1.win32_1.1.100.202309141235/tools/bin/../lib/gcc/arm-none-eabi/11.3.1/../../../../arm-none-eabi/lib/thumb/v7e-m+fp/hard\libc_nano.a(libc_a-memcpy-stub.o)
                0x000000000800ad20                memcpy
 .text._free_r  0x000000000800ad3c       0x98 C:/ST/STM32CubeIDE_1.14.1/STM32CubeIDE/plugins/com.st.stm32cube.ide.mcu.externaltools.gnu-tools-for-stm32.11.3.rel1.win32_1.1.100.202309141235/tools/bin/../lib/gcc/arm-none-eabi/11.3.1/../../../../arm-none-eabi/lib/thumb/v7e-m+fp/hard\libc_nano.a(libc_a-freer.o)
                0x000000000800ad3c                _free_r
 .text.sbrk_aligned
                0x000000000800add4       0x40 C:/ST/STM32CubeIDE_1.14.1/STM32CubeIDE/plugins/com.st.stm32cube.ide.mcu.externaltools.gnu-tools-for-stm32.11.3.rel1.win32_1.1.100.202309141235/tools/bin/../lib/gcc/arm-none-eabi/11.3.1/../../../../arm-none-eabi/lib/thumb/v7e-m+fp/hard\libc_nano.a(libc_a-mallocr.o)
 .text._malloc_r
                0x000000000800ae14      0x100 C:/ST/STM32CubeIDE_1.14.1/STM32CubeIDE/plugins/com.st.stm32cube.ide.mcu.externaltools.gnu-tools-for-stm32.11.3.rel1.win32_1.1.100.202309141235/tools/bin/../lib/gcc/arm-none-eabi/11.3.1/../../../../arm-none-eabi/lib/thumb/v7e-m+fp/hard\libc_nano.a(libc_a-mallocr.o)
                0x000000000800ae14                _malloc_r
 .text.__malloc_lock
                0x000000000800af14        0xc C:/ST/STM32CubeIDE_1.14.1/STM32CubeIDE/plugins/com.st.stm32cube.ide.mcu.externaltools.gnu-tools-for-stm32.11.3.rel1.win32_1.1.100.202309141235/tools/bin/../lib/gcc/arm-none-eabi/11.3.1/../../../../arm-none-eabi/lib/thumb/v7e-m+fp/hard\libc_nano.a(libc_a-mlock.o)
                0x000000000800af14                __malloc_lock
 .text.__malloc_unlock
                0x000000000800af20        0xc C:/ST/STM32CubeIDE_1.14.1/STM32CubeIDE/plugins/com.st.stm32cube.ide.mcu.externaltools.gnu-tools-for-stm32.11.3.rel1.win32_1.1.100.202309141235/tools/bin/../lib/gcc/arm-none-eabi/11.3.1/../../../../arm-none-eabi/lib/thumb/v7e-m+fp/hard\libc_nano.a(libc_a-mlock.o)
                0x000000000800af20                __malloc_unlock
 .text.__ssputs_r
                0x000000000800af2c       0xb4 C:/ST/STM32CubeIDE_1.14.1/STM32CubeIDE/plugins/com.st.stm32cube.ide.mcu.externaltools.gnu-tools-for-stm32.11.3.rel1.win32_1.1.100.202309141235/tools/bin/../lib/gcc/arm-none-eabi/11.3.1/../../../../arm-none-eabi/lib/thumb/v7e-m+fp/hard\libc_nano.a(libc_a-nano-svfprintf.o)
                0x000000000800af2c                __ssputs_r
 .text._svfprintf_r
                0x000000000800afe0      0x1fc C:/ST/STM32CubeIDE_1.14.1/STM32CubeIDE/plugins/com.st.stm32cube.ide.mcu.externaltools.gnu-tools-for-stm32.11.3.rel1.win32_1.1.100.202309141235/tools/bin/../lib/gcc/arm-none-eabi/11.3.1/../../../../arm-none-eabi/lib/thumb/v7e-m+fp/hard\libc_nano.a(libc_a-nano-svfprintf.o)
                0x000000000800afe0                _svfiprintf_r
                0x000000000800afe0                _svfprintf_r
 .text._printf_common
                0x000000000800b1dc       0xda C:/ST/STM32CubeIDE_1.14.1/STM32CubeIDE/plugins/com.st.stm32cube.ide.mcu.externaltools.gnu-tools-for-stm32.11.3.rel1.win32_1.1.100.202309141235/tools/bin/../lib/gcc/arm-none-eabi/11.3.1/../../../../arm-none-eabi/lib/thumb/v7e-m+fp/hard\libc_nano.a(libc_a-nano-vfprintf_i.o)
                0x000000000800b1dc                _printf_common
 *fill*         0x000000000800b2b6        0x2 
 .text._printf_i
                0x000000000800b2b8      0x244 C:/ST/STM32CubeIDE_1.14.1/STM32CubeIDE/plugins/com.st.stm32cube.ide.mcu.externaltools.gnu-tools-for-stm32.11.3.rel1.win32_1.1.100.202309141235/tools/bin/../lib/gcc/arm-none-eabi/11.3.1/../../../../arm-none-eabi/lib/thumb/v7e-m+fp/hard\libc_nano.a(libc_a-nano-vfprintf_i.o)
                0x000000000800b2b8                _printf_i
 .text.memmove  0x000000000800b4fc       0x34 C:/ST/STM32CubeIDE_1.14.1/STM32CubeIDE/plugins/com.st.stm32cube.ide.mcu.externaltools.gnu-tools-for-stm32.11.3.rel1.win32_1.1.100.202309141235/tools/bin/../lib/gcc/arm-none-eabi/11.3.1/../../../../arm-none-eabi/lib/thumb/v7e-m+fp/hard\libc_nano.a(libc_a-memmove.o)
                0x000000000800b4fc                memmove
 .text._sbrk_r  0x000000000800b530       0x20 C:/ST/STM32CubeIDE_1.14.1/STM32CubeIDE/plugins/com.st.stm32cube.ide.mcu.externaltools.gnu-tools-for-stm32.11.3.rel1.win32_1.1.100.202309141235/tools/bin/../lib/gcc/arm-none-eabi/11.3.1/../../../../arm-none-eabi/lib/thumb/v7e-m+fp/hard\libc_nano.a(libc_a-sbrkr.o)
                0x000000000800b530                _sbrk_r
 .text._realloc_r
                0x000000000800b550       0x5e C:/ST/STM32CubeIDE_1.14.1/STM32CubeIDE/plugins/com.st.stm32cube.ide.mcu.externaltools.gnu-tools-for-stm32.11.3.rel1.win32_1.1.100.202309141235/tools/bin/../lib/gcc/arm-none-eabi/11.3.1/../../../../arm-none-eabi/lib/thumb/v7e-m+fp/hard\libc_nano.a(libc_a-reallocr.o)
                0x000000000800b550                _realloc_r
 .text._malloc_usable_size_r
                0x000000000800b5ae       0x10 C:/ST/STM32CubeIDE_1.14.1/STM32CubeIDE/plugins/com.st.stm32cube.ide.mcu.externaltools.gnu-tools-for-stm32.11.3.rel1.win32_1.1.100.202309141235/tools/bin/../lib/gcc/arm-none-eabi/11.3.1/../../../../arm-none-eabi/lib/thumb/v7e-m+fp/hard\libc_nano.a(libc_a-msizer.o)
                0x000000000800b5ae                _malloc_usable_size_r
 *(.glue_7)
 .glue_7        0x000000000800b5be        0x0 linker stubs
 *(.glue_7t)
 .glue_7t       0x000000000800b5be        0x0 linker stubs
 *(.eh_frame)
 *fill*         0x000000000800b5be        0x2 
 .eh_frame      0x000000000800b5c0        0x0 C:/ST/STM32CubeIDE_1.14.1/STM32CubeIDE/plugins/com.st.stm32cube.ide.mcu.externaltools.gnu-tools-for-stm32.11.3.rel1.win32_1.1.100.202309141235/tools/bin/../lib/gcc/arm-none-eabi/11.3.1/thumb/v7e-m+fp/hard/crtbegin.o
 *(.init)
 .init          0x000000000800b5c0        0x4 C:/ST/STM32CubeIDE_1.14.1/STM32CubeIDE/plugins/com.st.stm32cube.ide.mcu.externaltools.gnu-tools-for-stm32.11.3.rel1.win32_1.1.100.202309141235/tools/bin/../lib/gcc/arm-none-eabi/11.3.1/thumb/v7e-m+fp/hard/crti.o
                0x000000000800b5c0                _init
 .init          0x000000000800b5c4        0x8 C:/ST/STM32CubeIDE_1.14.1/STM32CubeIDE/plugins/com.st.stm32cube.ide.mcu.externaltools.gnu-tools-for-stm32.11.3.rel1.win32_1.1.100.202309141235/tools/bin/../lib/gcc/arm-none-eabi/11.3.1/thumb/v7e-m+fp/hard/crtn.o
 *(.fini)
 .fini          0x000000000800b5cc        0x4 C:/ST/STM32CubeIDE_1.14.1/STM32CubeIDE/plugins/com.st.stm32cube.ide.mcu.externaltools.gnu-tools-for-stm32.11.3.rel1.win32_1.1.100.202309141235/tools/bin/../lib/gcc/arm-none-eabi/11.3.1/thumb/v7e-m+fp/hard/crti.o
                0x000000000800b5cc                _fini
 .fini          0x000000000800b5d0        0x8 C:/ST/STM32CubeIDE_1.14.1/STM32CubeIDE/plugins/com.st.stm32cube.ide.mcu.externaltools.gnu-tools-for-stm32.11.3.rel1.win32_1.1.100.202309141235/tools/bin/../lib/gcc/arm-none-eabi/11.3.1/thumb/v7e-m+fp/hard/crtn.o
                0x000000000800b5d8                . = ALIGN (0x4)
                0x000000000800b5d8                _etext = .

.vfp11_veneer   0x000000000800b5d8        0x0
 .vfp11_veneer  0x000000000800b5d8        0x0 linker stubs

.v4_bx          0x000000000800b5d8        0x0
 .v4_bx         0x000000000800b5d8        0x0 linker stubs

.iplt           0x000000000800b5d8        0x0
 .iplt          0x000000000800b5d8        0x0 C:/ST/STM32CubeIDE_1.14.1/STM32CubeIDE/plugins/com.st.stm32cube.ide.mcu.externaltools.gnu-tools-for-stm32.11.3.rel1.win32_1.1.100.202309141235/tools/bin/../lib/gcc/arm-none-eabi/11.3.1/thumb/v7e-m+fp/hard/crtbegin.o

.rodata         0x000000000800b5d8      0xca0
                0x000000000800b5d8                . = ALIGN (0x4)
 *(.rodata)
 .rodata        0x000000000800b5d8       0xb8 ./Core/Src/main.o
 .rodata        0x000000000800b690        0x5 ./Middlewares/Third_Party/FreeRTOS/Source/tasks.o
 *fill*         0x000000000800b695        0x3 
 .rodata        0x000000000800b698        0xd ./Middlewares/Third_Party/FreeRTOS/Source/timers.o
 *(.rodata*)
 *fill*         0x000000000800b6a5        0x3 
 .rodata.defaultTask_attributes
                0x000000000800b6a8       0x24 ./Core/Src/main.o
                0x000000000800b6a8                defaultTask_attributes
 .rodata.motorTask_attributes
                0x000000000800b6cc       0x24 ./Core/Src/main.o
                0x000000000800b6cc                motorTask_attributes
 .rodata.OLEDTask_attributes
                0x000000000800b6f0       0x24 ./Core/Src/main.o
                0x000000000800b6f0                OLEDTask_attributes
 .rodata.gyroTask_attributes
                0x000000000800b714       0x24 ./Core/Src/main.o
                0x000000000800b714                gyroTask_attributes
 .rodata.ultrasonicTask_attributes
                0x000000000800b738       0x24 ./Core/Src/main.o
                0x000000000800b738                ultrasonicTask_attributes
 .rodata.communicateTask_attributes
                0x000000000800b75c       0x24 ./Core/Src/main.o
                0x000000000800b75c                communicateTask_attributes
 .rodata.encoderRTask_attributes
                0x000000000800b780       0x24 ./Core/Src/main.o
                0x000000000800b780                encoderRTask_attributes
 .rodata.encoderLTask_attributes
                0x000000000800b7a4       0x24 ./Core/Src/main.o
                0x000000000800b7a4                encoderLTask_attributes
 .rodata.AHBPrescTable
                0x000000000800b7c8       0x10 ./Core/Src/system_stm32f4xx.o
                0x000000000800b7c8                AHBPrescTable
 .rodata.APBPrescTable
                0x000000000800b7d8        0x8 ./Core/Src/system_stm32f4xx.o
                0x000000000800b7d8                APBPrescTable
 .rodata.oled_asc2_1206
                0x000000000800b7e0      0x474 ./Drivers/PeripheralDriver/Src/oled.o
                0x000000000800b7e0                oled_asc2_1206
 .rodata.oled_asc2_1608
                0x000000000800bc54      0x5f0 ./Drivers/PeripheralDriver/Src/oled.o
                0x000000000800bc54                oled_asc2_1608
 .rodata._svfprintf_r.str1.1
                0x000000000800c244       0x11 C:/ST/STM32CubeIDE_1.14.1/STM32CubeIDE/plugins/com.st.stm32cube.ide.mcu.externaltools.gnu-tools-for-stm32.11.3.rel1.win32_1.1.100.202309141235/tools/bin/../lib/gcc/arm-none-eabi/11.3.1/../../../../arm-none-eabi/lib/thumb/v7e-m+fp/hard\libc_nano.a(libc_a-nano-svfprintf.o)
 .rodata._printf_i.str1.1
                0x000000000800c255       0x22 C:/ST/STM32CubeIDE_1.14.1/STM32CubeIDE/plugins/com.st.stm32cube.ide.mcu.externaltools.gnu-tools-for-stm32.11.3.rel1.win32_1.1.100.202309141235/tools/bin/../lib/gcc/arm-none-eabi/11.3.1/../../../../arm-none-eabi/lib/thumb/v7e-m+fp/hard\libc_nano.a(libc_a-nano-vfprintf_i.o)
                0x000000000800c278                . = ALIGN (0x4)
 *fill*         0x000000000800c277        0x1 

.ARM.extab      0x000000000800c278        0x0
                0x000000000800c278                . = ALIGN (0x4)
 *(.ARM.extab* .gnu.linkonce.armextab.*)
                0x000000000800c278                . = ALIGN (0x4)

.ARM            0x000000000800c278        0x8
                0x000000000800c278                . = ALIGN (0x4)
                0x000000000800c278                __exidx_start = .
 *(.ARM.exidx*)
 .ARM.exidx     0x000000000800c278        0x8 C:/ST/STM32CubeIDE_1.14.1/STM32CubeIDE/plugins/com.st.stm32cube.ide.mcu.externaltools.gnu-tools-for-stm32.11.3.rel1.win32_1.1.100.202309141235/tools/bin/../lib/gcc/arm-none-eabi/11.3.1/thumb/v7e-m+fp/hard\libgcc.a(_udivmoddi4.o)
                0x000000000800c280                __exidx_end = .
                0x000000000800c280                . = ALIGN (0x4)

.rel.dyn        0x000000000800c280        0x0
 .rel.iplt      0x000000000800c280        0x0 C:/ST/STM32CubeIDE_1.14.1/STM32CubeIDE/plugins/com.st.stm32cube.ide.mcu.externaltools.gnu-tools-for-stm32.11.3.rel1.win32_1.1.100.202309141235/tools/bin/../lib/gcc/arm-none-eabi/11.3.1/thumb/v7e-m+fp/hard/crtbegin.o

.preinit_array  0x000000000800c280        0x0
                0x000000000800c280                . = ALIGN (0x4)
                0x000000000800c280                PROVIDE (__preinit_array_start = .)
 *(.preinit_array*)
                0x000000000800c280                PROVIDE (__preinit_array_end = .)
                0x000000000800c280                . = ALIGN (0x4)

.init_array     0x000000000800c280        0x4
                0x000000000800c280                . = ALIGN (0x4)
                0x000000000800c280                PROVIDE (__init_array_start = .)
 *(SORT_BY_NAME(.init_array.*))
 *(.init_array*)
 .init_array    0x000000000800c280        0x4 C:/ST/STM32CubeIDE_1.14.1/STM32CubeIDE/plugins/com.st.stm32cube.ide.mcu.externaltools.gnu-tools-for-stm32.11.3.rel1.win32_1.1.100.202309141235/tools/bin/../lib/gcc/arm-none-eabi/11.3.1/thumb/v7e-m+fp/hard/crtbegin.o
                0x000000000800c284                PROVIDE (__init_array_end = .)
                0x000000000800c284                . = ALIGN (0x4)

.fini_array     0x000000000800c284        0x4
                0x000000000800c284                . = ALIGN (0x4)
                [!provide]                        PROVIDE (__fini_array_start = .)
 *(SORT_BY_NAME(.fini_array.*))
 *(.fini_array*)
 .fini_array    0x000000000800c284        0x4 C:/ST/STM32CubeIDE_1.14.1/STM32CubeIDE/plugins/com.st.stm32cube.ide.mcu.externaltools.gnu-tools-for-stm32.11.3.rel1.win32_1.1.100.202309141235/tools/bin/../lib/gcc/arm-none-eabi/11.3.1/thumb/v7e-m+fp/hard/crtbegin.o
                [!provide]                        PROVIDE (__fini_array_end = .)
                0x000000000800c288                . = ALIGN (0x4)
                0x000000000800c288                _sidata = LOADADDR (.data)

.data           0x0000000020000000       0x64 load address 0x000000000800c288
                0x0000000020000000                . = ALIGN (0x4)
                0x0000000020000000                _sdata = .
 *(.data)
 *(.data*)
 .data.pwmVal_servo
                0x0000000020000000        0x2 ./Core/Src/main.o
                0x0000000020000000                pwmVal_servo
 .data.ICMAddress
                0x0000000020000002        0x1 ./Core/Src/main.o
                0x0000000020000002                ICMAddress
 *fill*         0x0000000020000003        0x1 
 .data.SystemCoreClock
                0x0000000020000004        0x4 ./Core/Src/system_stm32f4xx.o
                0x0000000020000004                SystemCoreClock
 .data.uwTickPrio
                0x0000000020000008        0x4 ./Drivers/STM32F4xx_HAL_Driver/Src/stm32f4xx_hal.o
                0x0000000020000008                uwTickPrio
 .data.uwTickFreq
                0x000000002000000c        0x1 ./Drivers/STM32F4xx_HAL_Driver/Src/stm32f4xx_hal.o
                0x000000002000000c                uwTickFreq
 *fill*         0x000000002000000d        0x3 
 .data.uxCriticalNesting
                0x0000000020000010        0x4 ./Middlewares/Third_Party/FreeRTOS/Source/portable/GCC/ARM_CM4F/port.o
 .data._impure_data
                0x0000000020000014       0x4c C:/ST/STM32CubeIDE_1.14.1/STM32CubeIDE/plugins/com.st.stm32cube.ide.mcu.externaltools.gnu-tools-for-stm32.11.3.rel1.win32_1.1.100.202309141235/tools/bin/../lib/gcc/arm-none-eabi/11.3.1/../../../../arm-none-eabi/lib/thumb/v7e-m+fp/hard\libc_nano.a(libc_a-impure.o)
                0x0000000020000014                _impure_data
 .data._impure_ptr
                0x0000000020000060        0x4 C:/ST/STM32CubeIDE_1.14.1/STM32CubeIDE/plugins/com.st.stm32cube.ide.mcu.externaltools.gnu-tools-for-stm32.11.3.rel1.win32_1.1.100.202309141235/tools/bin/../lib/gcc/arm-none-eabi/11.3.1/../../../../arm-none-eabi/lib/thumb/v7e-m+fp/hard\libc_nano.a(libc_a-impure.o)
                0x0000000020000060                _impure_ptr
 *(.RamFunc)
 *(.RamFunc*)
                0x0000000020000064                . = ALIGN (0x4)
                0x0000000020000064                _edata = .
                0x000000000800c2ec                _siccmram = LOADADDR (.ccmram)

.igot.plt       0x0000000020000064        0x0 load address 0x000000000800c2ec
 .igot.plt      0x0000000020000064        0x0 C:/ST/STM32CubeIDE_1.14.1/STM32CubeIDE/plugins/com.st.stm32cube.ide.mcu.externaltools.gnu-tools-for-stm32.11.3.rel1.win32_1.1.100.202309141235/tools/bin/../lib/gcc/arm-none-eabi/11.3.1/thumb/v7e-m+fp/hard/crtbegin.o

.ccmram         0x0000000010000000        0x0 load address 0x000000000800c2ec
                0x0000000010000000                . = ALIGN (0x4)
                0x0000000010000000                _sccmram = .
 *(.ccmram)
 *(.ccmram*)
                0x0000000010000000                . = ALIGN (0x4)
                0x0000000010000000                _eccmram = .
                0x0000000010000000                . = ALIGN (0x4)

.bss            0x0000000020000068     0x51e4
                0x0000000020000068                _sbss = .
                0x0000000020000068                __bss_start__ = _sbss
 *(.bss)
 .bss           0x0000000020000068       0x1c C:/ST/STM32CubeIDE_1.14.1/STM32CubeIDE/plugins/com.st.stm32cube.ide.mcu.externaltools.gnu-tools-for-stm32.11.3.rel1.win32_1.1.100.202309141235/tools/bin/../lib/gcc/arm-none-eabi/11.3.1/thumb/v7e-m+fp/hard/crtbegin.o
 *(.bss*)
 .bss.hi2c1     0x0000000020000084       0x54 ./Core/Src/main.o
                0x0000000020000084                hi2c1
 .bss.htim1     0x00000000200000d8       0x48 ./Core/Src/main.o
                0x00000000200000d8                htim1
 .bss.htim2     0x0000000020000120       0x48 ./Core/Src/main.o
                0x0000000020000120                htim2
 .bss.htim3     0x0000000020000168       0x48 ./Core/Src/main.o
                0x0000000020000168                htim3
 .bss.htim4     0x00000000200001b0       0x48 ./Core/Src/main.o
                0x00000000200001b0                htim4
 .bss.htim8     0x00000000200001f8       0x48 ./Core/Src/main.o
                0x00000000200001f8                htim8
 .bss.huart3    0x0000000020000240       0x44 ./Core/Src/main.o
                0x0000000020000240                huart3
 .bss.defaultTaskHandle
                0x0000000020000284        0x4 ./Core/Src/main.o
                0x0000000020000284                defaultTaskHandle
 .bss.motorTaskHandle
                0x0000000020000288        0x4 ./Core/Src/main.o
                0x0000000020000288                motorTaskHandle
 .bss.OLEDTaskHandle
                0x000000002000028c        0x4 ./Core/Src/main.o
                0x000000002000028c                OLEDTaskHandle
 .bss.gyroTaskHandle
                0x0000000020000290        0x4 ./Core/Src/main.o
                0x0000000020000290                gyroTaskHandle
 .bss.ultrasonicTaskHandle
                0x0000000020000294        0x4 ./Core/Src/main.o
                0x0000000020000294                ultrasonicTaskHandle
 .bss.communicateTaskHandle
                0x0000000020000298        0x4 ./Core/Src/main.o
                0x0000000020000298                communicateTaskHandle
 .bss.encoderRTaskHandle
                0x000000002000029c        0x4 ./Core/Src/main.o
                0x000000002000029c                encoderRTaskHandle
 .bss.encoderLTaskHandle
                0x00000000200002a0        0x4 ./Core/Src/main.o
                0x00000000200002a0                encoderLTaskHandle
 .bss.aRxBuffer
                0x00000000200002a4        0x5 ./Core/Src/main.o
                0x00000000200002a4                aRxBuffer
 *fill*         0x00000000200002a9        0x3 
 .bss.flagDone  0x00000000200002ac        0x4 ./Core/Src/main.o
                0x00000000200002ac                flagDone
 .bss.magnitude
                0x00000000200002b0        0x4 ./Core/Src/main.o
                0x00000000200002b0                magnitude
 .bss.pwmVal_R  0x00000000200002b4        0x2 ./Core/Src/main.o
                0x00000000200002b4                pwmVal_R
 .bss.pwmVal_L  0x00000000200002b6        0x2 ./Core/Src/main.o
                0x00000000200002b6                pwmVal_L
 .bss.times_acceptable
                0x00000000200002b8        0x4 ./Core/Src/main.o
                0x00000000200002b8                times_acceptable
 .bss.e_brake   0x00000000200002bc        0x4 ./Core/Src/main.o
                0x00000000200002bc                e_brake
 .bss.rightEncoderVal
                0x00000000200002c0        0x4 ./Core/Src/main.o
                0x00000000200002c0                rightEncoderVal
 .bss.leftEncoderVal
                0x00000000200002c4        0x4 ./Core/Src/main.o
                0x00000000200002c4                leftEncoderVal
 .bss.rightTarget
                0x00000000200002c8        0x4 ./Core/Src/main.o
                0x00000000200002c8                rightTarget
 .bss.leftTarget
                0x00000000200002cc        0x4 ./Core/Src/main.o
                0x00000000200002cc                leftTarget
 .bss.target_angle
                0x00000000200002d0        0x8 ./Core/Src/main.o
                0x00000000200002d0                target_angle
 .bss.total_angle
                0x00000000200002d8        0x8 ./Core/Src/main.o
                0x00000000200002d8                total_angle
 .bss.gyroBuffer
                0x00000000200002e0       0x14 ./Core/Src/main.o
                0x00000000200002e0                gyroBuffer
 *fill*         0x00000000200002f4        0x4 
 .bss.error_angle
                0x00000000200002f8        0x8 ./Core/Src/main.o
                0x00000000200002f8                error_angle
 .bss.Is_First_Captured
                0x0000000020000300        0x4 ./Core/Src/main.o
                0x0000000020000300                Is_First_Captured
 .bss.IC_Val1   0x0000000020000304        0x4 ./Core/Src/main.o
                0x0000000020000304                IC_Val1
 .bss.IC_Val2   0x0000000020000308        0x4 ./Core/Src/main.o
                0x0000000020000308                IC_Val2
 .bss.Difference
                0x000000002000030c        0x2 ./Core/Src/main.o
                0x000000002000030c                Difference
 .bss.uDistance
                0x000000002000030e        0x2 ./Core/Src/main.o
                0x000000002000030e                uDistance
 .bss.k         0x0000000020000310        0x4 ./Core/Src/main.o
                0x0000000020000310                k
 .bss.__sbrk_heap_end
                0x0000000020000314        0x4 ./Core/Src/sysmem.o
 .bss.OLED_GRAM
                0x0000000020000318      0x400 ./Drivers/PeripheralDriver/Src/oled.o
                0x0000000020000318                OLED_GRAM
 .bss.uwTick    0x0000000020000718        0x4 ./Drivers/STM32F4xx_HAL_Driver/Src/stm32f4xx_hal.o
                0x0000000020000718                uwTick
 .bss.KernelState
                0x000000002000071c        0x4 ./Middlewares/Third_Party/FreeRTOS/Source/CMSIS_RTOS_V2/cmsis_os2.o
 .bss.Idle_TCB.3
                0x0000000020000720       0xa8 ./Middlewares/Third_Party/FreeRTOS/Source/CMSIS_RTOS_V2/cmsis_os2.o
 .bss.Idle_Stack.2
                0x00000000200007c8      0x200 ./Middlewares/Third_Party/FreeRTOS/Source/CMSIS_RTOS_V2/cmsis_os2.o
 .bss.Timer_TCB.1
                0x00000000200009c8       0xa8 ./Middlewares/Third_Party/FreeRTOS/Source/CMSIS_RTOS_V2/cmsis_os2.o
 .bss.Timer_Stack.0
                0x0000000020000a70      0x400 ./Middlewares/Third_Party/FreeRTOS/Source/CMSIS_RTOS_V2/cmsis_os2.o
 .bss.xQueueRegistry
                0x0000000020000e70       0x40 ./Middlewares/Third_Party/FreeRTOS/Source/queue.o
                0x0000000020000e70                xQueueRegistry
 .bss.pxCurrentTCB
                0x0000000020000eb0        0x4 ./Middlewares/Third_Party/FreeRTOS/Source/tasks.o
                0x0000000020000eb0                pxCurrentTCB
 .bss.pxReadyTasksLists
                0x0000000020000eb4      0x460 ./Middlewares/Third_Party/FreeRTOS/Source/tasks.o
 .bss.xDelayedTaskList1
                0x0000000020001314       0x14 ./Middlewares/Third_Party/FreeRTOS/Source/tasks.o
 .bss.xDelayedTaskList2
                0x0000000020001328       0x14 ./Middlewares/Third_Party/FreeRTOS/Source/tasks.o
 .bss.pxDelayedTaskList
                0x000000002000133c        0x4 ./Middlewares/Third_Party/FreeRTOS/Source/tasks.o
 .bss.pxOverflowDelayedTaskList
                0x0000000020001340        0x4 ./Middlewares/Third_Party/FreeRTOS/Source/tasks.o
 .bss.xPendingReadyList
                0x0000000020001344       0x14 ./Middlewares/Third_Party/FreeRTOS/Source/tasks.o
 .bss.xTasksWaitingTermination
                0x0000000020001358       0x14 ./Middlewares/Third_Party/FreeRTOS/Source/tasks.o
 .bss.uxDeletedTasksWaitingCleanUp
                0x000000002000136c        0x4 ./Middlewares/Third_Party/FreeRTOS/Source/tasks.o
 .bss.xSuspendedTaskList
                0x0000000020001370       0x14 ./Middlewares/Third_Party/FreeRTOS/Source/tasks.o
 .bss.uxCurrentNumberOfTasks
                0x0000000020001384        0x4 ./Middlewares/Third_Party/FreeRTOS/Source/tasks.o
 .bss.xTickCount
                0x0000000020001388        0x4 ./Middlewares/Third_Party/FreeRTOS/Source/tasks.o
 .bss.uxTopReadyPriority
                0x000000002000138c        0x4 ./Middlewares/Third_Party/FreeRTOS/Source/tasks.o
 .bss.xSchedulerRunning
                0x0000000020001390        0x4 ./Middlewares/Third_Party/FreeRTOS/Source/tasks.o
 .bss.xPendedTicks
                0x0000000020001394        0x4 ./Middlewares/Third_Party/FreeRTOS/Source/tasks.o
 .bss.xYieldPending
                0x0000000020001398        0x4 ./Middlewares/Third_Party/FreeRTOS/Source/tasks.o
 .bss.xNumOfOverflows
                0x000000002000139c        0x4 ./Middlewares/Third_Party/FreeRTOS/Source/tasks.o
 .bss.uxTaskNumber
                0x00000000200013a0        0x4 ./Middlewares/Third_Party/FreeRTOS/Source/tasks.o
 .bss.xNextTaskUnblockTime
                0x00000000200013a4        0x4 ./Middlewares/Third_Party/FreeRTOS/Source/tasks.o
 .bss.xIdleTaskHandle
                0x00000000200013a8        0x4 ./Middlewares/Third_Party/FreeRTOS/Source/tasks.o
 .bss.uxSchedulerSuspended
                0x00000000200013ac        0x4 ./Middlewares/Third_Party/FreeRTOS/Source/tasks.o
 .bss.xActiveTimerList1
                0x00000000200013b0       0x14 ./Middlewares/Third_Party/FreeRTOS/Source/timers.o
 .bss.xActiveTimerList2
                0x00000000200013c4       0x14 ./Middlewares/Third_Party/FreeRTOS/Source/timers.o
 .bss.pxCurrentTimerList
                0x00000000200013d8        0x4 ./Middlewares/Third_Party/FreeRTOS/Source/timers.o
 .bss.pxOverflowTimerList
                0x00000000200013dc        0x4 ./Middlewares/Third_Party/FreeRTOS/Source/timers.o
 .bss.xTimerQueue
                0x00000000200013e0        0x4 ./Middlewares/Third_Party/FreeRTOS/Source/timers.o
 .bss.xTimerTaskHandle
                0x00000000200013e4        0x4 ./Middlewares/Third_Party/FreeRTOS/Source/timers.o
 .bss.xLastTime.2
                0x00000000200013e8        0x4 ./Middlewares/Third_Party/FreeRTOS/Source/timers.o
 .bss.ucStaticTimerQueueStorage.1
                0x00000000200013ec       0xa0 ./Middlewares/Third_Party/FreeRTOS/Source/timers.o
 .bss.xStaticTimerQueue.0
                0x000000002000148c       0x50 ./Middlewares/Third_Party/FreeRTOS/Source/timers.o
 .bss.ucMaxSysCallPriority
                0x00000000200014dc        0x1 ./Middlewares/Third_Party/FreeRTOS/Source/portable/GCC/ARM_CM4F/port.o
 *fill*         0x00000000200014dd        0x3 
 .bss.ulMaxPRIGROUPValue
                0x00000000200014e0        0x4 ./Middlewares/Third_Party/FreeRTOS/Source/portable/GCC/ARM_CM4F/port.o
 .bss.ucHeap    0x00000000200014e4     0x3c00 ./Middlewares/Third_Party/FreeRTOS/Source/portable/MemMang/heap_4.o
 .bss.xStart    0x00000000200050e4        0x8 ./Middlewares/Third_Party/FreeRTOS/Source/portable/MemMang/heap_4.o
 .bss.pxEnd     0x00000000200050ec        0x4 ./Middlewares/Third_Party/FreeRTOS/Source/portable/MemMang/heap_4.o
 .bss.xFreeBytesRemaining
                0x00000000200050f0        0x4 ./Middlewares/Third_Party/FreeRTOS/Source/portable/MemMang/heap_4.o
 .bss.xMinimumEverFreeBytesRemaining
                0x00000000200050f4        0x4 ./Middlewares/Third_Party/FreeRTOS/Source/portable/MemMang/heap_4.o
 .bss.xNumberOfSuccessfulAllocations
                0x00000000200050f8        0x4 ./Middlewares/Third_Party/FreeRTOS/Source/portable/MemMang/heap_4.o
 .bss.xNumberOfSuccessfulFrees
                0x00000000200050fc        0x4 ./Middlewares/Third_Party/FreeRTOS/Source/portable/MemMang/heap_4.o
 .bss.xBlockAllocatedBit
                0x0000000020005100        0x4 ./Middlewares/Third_Party/FreeRTOS/Source/portable/MemMang/heap_4.o
 .bss.__sf      0x0000000020005104      0x138 C:/ST/STM32CubeIDE_1.14.1/STM32CubeIDE/plugins/com.st.stm32cube.ide.mcu.externaltools.gnu-tools-for-stm32.11.3.rel1.win32_1.1.100.202309141235/tools/bin/../lib/gcc/arm-none-eabi/11.3.1/../../../../arm-none-eabi/lib/thumb/v7e-m+fp/hard\libc_nano.a(libc_a-findfp.o)
                0x0000000020005104                __sf
 .bss.errno     0x000000002000523c        0x4 C:/ST/STM32CubeIDE_1.14.1/STM32CubeIDE/plugins/com.st.stm32cube.ide.mcu.externaltools.gnu-tools-for-stm32.11.3.rel1.win32_1.1.100.202309141235/tools/bin/../lib/gcc/arm-none-eabi/11.3.1/../../../../arm-none-eabi/lib/thumb/v7e-m+fp/hard\libc_nano.a(libc_a-reent.o)
                0x000000002000523c                errno
 .bss.__lock___malloc_recursive_mutex
                0x0000000020005240        0x1 C:/ST/STM32CubeIDE_1.14.1/STM32CubeIDE/plugins/com.st.stm32cube.ide.mcu.externaltools.gnu-tools-for-stm32.11.3.rel1.win32_1.1.100.202309141235/tools/bin/../lib/gcc/arm-none-eabi/11.3.1/../../../../arm-none-eabi/lib/thumb/v7e-m+fp/hard\libc_nano.a(libc_a-lock.o)
                0x0000000020005240                __lock___malloc_recursive_mutex
 *fill*         0x0000000020005241        0x3 
 .bss.__malloc_free_list
                0x0000000020005244        0x4 C:/ST/STM32CubeIDE_1.14.1/STM32CubeIDE/plugins/com.st.stm32cube.ide.mcu.externaltools.gnu-tools-for-stm32.11.3.rel1.win32_1.1.100.202309141235/tools/bin/../lib/gcc/arm-none-eabi/11.3.1/../../../../arm-none-eabi/lib/thumb/v7e-m+fp/hard\libc_nano.a(libc_a-mallocr.o)
                0x0000000020005244                __malloc_free_list
 .bss.__malloc_sbrk_start
                0x0000000020005248        0x4 C:/ST/STM32CubeIDE_1.14.1/STM32CubeIDE/plugins/com.st.stm32cube.ide.mcu.externaltools.gnu-tools-for-stm32.11.3.rel1.win32_1.1.100.202309141235/tools/bin/../lib/gcc/arm-none-eabi/11.3.1/../../../../arm-none-eabi/lib/thumb/v7e-m+fp/hard\libc_nano.a(libc_a-mallocr.o)
                0x0000000020005248                __malloc_sbrk_start
 *(COMMON)
                0x000000002000524c                . = ALIGN (0x4)
                0x000000002000524c                _ebss = .
                0x000000002000524c                __bss_end__ = _ebss

._user_heap_stack
                0x000000002000524c      0x604
                0x0000000020005250                . = ALIGN (0x8)
 *fill*         0x000000002000524c        0x4 
                [!provide]                        PROVIDE (end = .)
                0x0000000020005250                PROVIDE (_end = .)
                0x0000000020005450                . = (. + _Min_Heap_Size)
 *fill*         0x0000000020005250      0x200 
                0x0000000020005850                . = (. + _Min_Stack_Size)
 *fill*         0x0000000020005450      0x400 
                0x0000000020005850                . = ALIGN (0x8)

/DISCARD/
 libc.a(*)
 libm.a(*)
 libgcc.a(*)

.ARM.attributes
                0x0000000000000000       0x30
 *(.ARM.attributes)
 .ARM.attributes
                0x0000000000000000       0x1e C:/ST/STM32CubeIDE_1.14.1/STM32CubeIDE/plugins/com.st.stm32cube.ide.mcu.externaltools.gnu-tools-for-stm32.11.3.rel1.win32_1.1.100.202309141235/tools/bin/../lib/gcc/arm-none-eabi/11.3.1/thumb/v7e-m+fp/hard/crti.o
 .ARM.attributes
                0x000000000000001e       0x34 C:/ST/STM32CubeIDE_1.14.1/STM32CubeIDE/plugins/com.st.stm32cube.ide.mcu.externaltools.gnu-tools-for-stm32.11.3.rel1.win32_1.1.100.202309141235/tools/bin/../lib/gcc/arm-none-eabi/11.3.1/thumb/v7e-m+fp/hard/crtbegin.o
 .ARM.attributes
                0x0000000000000052       0x34 ./Core/Src/main.o
 .ARM.attributes
                0x0000000000000086       0x34 ./Core/Src/stm32f4xx_hal_msp.o
 .ARM.attributes
                0x00000000000000ba       0x34 ./Core/Src/stm32f4xx_it.o
 .ARM.attributes
                0x00000000000000ee       0x34 ./Core/Src/sysmem.o
 .ARM.attributes
                0x0000000000000122       0x34 ./Core/Src/system_stm32f4xx.o
 .ARM.attributes
                0x0000000000000156       0x21 ./Core/Startup/startup_stm32f407vetx.o
 .ARM.attributes
                0x0000000000000177       0x34 ./Drivers/PeripheralDriver/Src/oled.o
 .ARM.attributes
                0x00000000000001ab       0x34 ./Drivers/STM32F4xx_HAL_Driver/Src/stm32f4xx_hal.o
 .ARM.attributes
                0x00000000000001df       0x34 ./Drivers/STM32F4xx_HAL_Driver/Src/stm32f4xx_hal_cortex.o
 .ARM.attributes
                0x0000000000000213       0x34 ./Drivers/STM32F4xx_HAL_Driver/Src/stm32f4xx_hal_dma.o
 .ARM.attributes
                0x0000000000000247       0x34 ./Drivers/STM32F4xx_HAL_Driver/Src/stm32f4xx_hal_gpio.o
 .ARM.attributes
                0x000000000000027b       0x34 ./Drivers/STM32F4xx_HAL_Driver/Src/stm32f4xx_hal_i2c.o
 .ARM.attributes
                0x00000000000002af       0x34 ./Drivers/STM32F4xx_HAL_Driver/Src/stm32f4xx_hal_pwr.o
 .ARM.attributes
                0x00000000000002e3       0x34 ./Drivers/STM32F4xx_HAL_Driver/Src/stm32f4xx_hal_rcc.o
 .ARM.attributes
                0x0000000000000317       0x34 ./Drivers/STM32F4xx_HAL_Driver/Src/stm32f4xx_hal_tim.o
 .ARM.attributes
                0x000000000000034b       0x34 ./Drivers/STM32F4xx_HAL_Driver/Src/stm32f4xx_hal_tim_ex.o
 .ARM.attributes
                0x000000000000037f       0x34 ./Drivers/STM32F4xx_HAL_Driver/Src/stm32f4xx_hal_uart.o
 .ARM.attributes
                0x00000000000003b3       0x34 ./Middlewares/Third_Party/FreeRTOS/Source/CMSIS_RTOS_V2/cmsis_os2.o
 .ARM.attributes
                0x00000000000003e7       0x34 ./Middlewares/Third_Party/FreeRTOS/Source/list.o
 .ARM.attributes
                0x000000000000041b       0x34 ./Middlewares/Third_Party/FreeRTOS/Source/queue.o
 .ARM.attributes
                0x000000000000044f       0x34 ./Middlewares/Third_Party/FreeRTOS/Source/tasks.o
 .ARM.attributes
                0x0000000000000483       0x34 ./Middlewares/Third_Party/FreeRTOS/Source/timers.o
 .ARM.attributes
                0x00000000000004b7       0x34 ./Middlewares/Third_Party/FreeRTOS/Source/portable/GCC/ARM_CM4F/port.o
 .ARM.attributes
                0x00000000000004eb       0x34 ./Middlewares/Third_Party/FreeRTOS/Source/portable/MemMang/heap_4.o
 .ARM.attributes