Archive member included to satisfy reference by file (symbol)

C:/ST/STM32CubeIDE_1.14.1/STM32CubeIDE/plugins/com.st.stm32cube.ide.mcu.externaltools.gnu-tools-for-stm32.11.3.rel1.win32_1.1.100.202309141235/tools/bin/../lib/gcc/arm-none-eabi/11.3.1/../../../../arm-none-eabi/lib/thumb/v7e-m+fp/hard\libc_nano.a(libc_a-exit.o)
                              C:/ST/STM32CubeIDE_1.14.1/STM32CubeIDE/plugins/com.st.stm32cube.ide.mcu.externaltools.gnu-tools-for-stm32.11.3.rel1.win32_1.1.100.202309141235/tools/bin/../lib/gcc/arm-none-eabi/11.3.1/../../../../arm-none-eabi/lib/thumb/v7e-m+fp/hard/crt0.o (exit)
C:/ST/STM32CubeIDE_1.14.1/STM32CubeIDE/plugins/com.st.stm32cube.ide.mcu.externaltools.gnu-tools-for-stm32.11.3.rel1.win32_1.1.100.202309141235/tools/bin/../lib/gcc/arm-none-eabi/11.3.1/../../../../arm-none-eabi/lib/thumb/v7e-m+fp/hard\libc_nano.a(libc_a-findfp.o)
                              ./Middlewares/Third_Party/FreeRTOS/Source/tasks.o (__sf)
C:/ST/STM32CubeIDE_1.14.1/STM32CubeIDE/plugins/com.st.stm32cube.ide.mcu.externaltools.gnu-tools-for-stm32.11.3.rel1.win32_1.1.100.202309141235/tools/bin/../lib/gcc/arm-none-eabi/11.3.1/../../../../arm-none-eabi/lib/thumb/v7e-m+fp/hard\libc_nano.a(libc_a-fwalk.o)
                              C:/ST/STM32CubeIDE_1.14.1/STM32CubeIDE/plugins/com.st.stm32cube.ide.mcu.externaltools.gnu-tools-for-stm32.11.3.rel1.win32_1.1.100.202309141235/tools/bin/../lib/gcc/arm-none-eabi/11.3.1/../../../../arm-none-eabi/lib/thumb/v7e-m+fp/hard\libc_nano.a(libc_a-findfp.o) (_fwalk_sglue)
C:/ST/STM32CubeIDE_1.14.1/STM32CubeIDE/plugins/com.st.stm32cube.ide.mcu.externaltools.gnu-tools-for-stm32.11.3.rel1.win32_1.1.100.202309141235/tools/bin/../lib/gcc/arm-none-eabi/11.3.1/../../../../arm-none-eabi/lib/thumb/v7e-m+fp/hard\libc_nano.a(libc_a-sprintf.o)
                              ./Core/Src/main.o (sprintf)
C:/ST/STM32CubeIDE_1.14.1/STM32CubeIDE/plugins/com.st.stm32cube.ide.mcu.externaltools.gnu-tools-for-stm32.11.3.rel1.win32_1.1.100.202309141235/tools/bin/../lib/gcc/arm-none-eabi/11.3.1/../../../../arm-none-eabi/lib/thumb/v7e-m+fp/hard\libc_nano.a(libc_a-stdio.o)
                              C:/ST/STM32CubeIDE_1.14.1/STM32CubeIDE/plugins/com.st.stm32cube.ide.mcu.externaltools.gnu-tools-for-stm32.11.3.rel1.win32_1.1.100.202309141235/tools/bin/../lib/gcc/arm-none-eabi/11.3.1/../../../../arm-none-eabi/lib/thumb/v7e-m+fp/hard\libc_nano.a(libc_a-findfp.o) (__sread)
C:/ST/STM32CubeIDE_1.14.1/STM32CubeIDE/plugins/com.st.stm32cube.ide.mcu.externaltools.gnu-tools-for-stm32.11.3.rel1.win32_1.1.100.202309141235/tools/bin/../lib/gcc/arm-none-eabi/11.3.1/../../../../arm-none-eabi/lib/thumb/v7e-m+fp/hard\libc_nano.a(libc_a-memset.o)
                              C:/ST/STM32CubeIDE_1.14.1/STM32CubeIDE/plugins/com.st.stm32cube.ide.mcu.externaltools.gnu-tools-for-stm32.11.3.rel1.win32_1.1.100.202309141235/tools/bin/../lib/gcc/arm-none-eabi/11.3.1/../../../../arm-none-eabi/lib/thumb/v7e-m+fp/hard/crt0.o (memset)
C:/ST/STM32CubeIDE_1.14.1/STM32CubeIDE/plugins/com.st.stm32cube.ide.mcu.externaltools.gnu-tools-for-stm32.11.3.rel1.win32_1.1.100.202309141235/tools/bin/../lib/gcc/arm-none-eabi/11.3.1/../../../../arm-none-eabi/lib/thumb/v7e-m+fp/hard\libc_nano.a(libc_a-closer.o)
                              C:/ST/STM32CubeIDE_1.14.1/STM32CubeIDE/plugins/com.st.stm32cube.ide.mcu.externaltools.gnu-tools-for-stm32.11.3.rel1.win32_1.1.100.202309141235/tools/bin/../lib/gcc/arm-none-eabi/11.3.1/../../../../arm-none-eabi/lib/thumb/v7e-m+fp/hard\libc_nano.a(libc_a-stdio.o) (_close_r)
C:/ST/STM32CubeIDE_1.14.1/STM32CubeIDE/plugins/com.st.stm32cube.ide.mcu.externaltools.gnu-tools-for-stm32.11.3.rel1.win32_1.1.100.202309141235/tools/bin/../lib/gcc/arm-none-eabi/11.3.1/../../../../arm-none-eabi/lib/thumb/v7e-m+fp/hard\libc_nano.a(libc_a-reent.o)
                              ./Middlewares/Third_Party/FreeRTOS/Source/tasks.o (_reclaim_reent)
C:/ST/STM32CubeIDE_1.14.1/STM32CubeIDE/plugins/com.st.stm32cube.ide.mcu.externaltools.gnu-tools-for-stm32.11.3.rel1.win32_1.1.100.202309141235/tools/bin/../lib/gcc/arm-none-eabi/11.3.1/../../../../arm-none-eabi/lib/thumb/v7e-m+fp/hard\libc_nano.a(libc_a-impure.o)
                              ./Middlewares/Third_Party/FreeRTOS/Source/tasks.o (_impure_ptr)
C:/ST/STM32CubeIDE_1.14.1/STM32CubeIDE/plugins/com.st.stm32cube.ide.mcu.externaltools.gnu-tools-for-stm32.11.3.rel1.win32_1.1.100.202309141235/tools/bin/../lib/gcc/arm-none-eabi/11.3.1/../../../../arm-none-eabi/lib/thumb/v7e-m+fp/hard\libc_nano.a(libc_a-lseekr.o)
                              C:/ST/STM32CubeIDE_1.14.1/STM32CubeIDE/plugins/com.st.stm32cube.ide.mcu.externaltools.gnu-tools-for-stm32.11.3.rel1.win32_1.1.100.202309141235/tools/bin/../lib/gcc/arm-none-eabi/11.3.1/../../../../arm-none-eabi/lib/thumb/v7e-m+fp/hard\libc_nano.a(libc_a-stdio.o) (_lseek_r)
[...]
Memory Configuration

Name             Origin             Length             Attributes
CCMRAM           0x0000000010000000 0x0000000000010000 xrw
RAM              0x0000000020000000 0x0000000000020000 xrw
FLASH            0x0000000008000000 0x0000000000080000 xr
*default*        0x0000000000000000 0xffffffffffffffff

Linker script and memory map

LOAD C:/ST/STM32CubeIDE_1.14.1/STM32CubeIDE/plugins/com.st.stm32cube.ide.mcu.externaltools.gnu-tools-for-stm32.11.3.rel1.win32_1.1.100.202309141235/tools/bin/../lib/gcc/arm-none-eabi/11.3.1/thumb/v7e-m+fp/hard/crti.o
LOAD C:/ST/STM32CubeIDE_1.14.1/STM32CubeIDE/plugins/com.st.stm32cube.ide.mcu.externaltools.gnu-tools-for-stm32.11.3.rel1.win32_1.1.100.202309141235/tools/bin/../lib/gcc/arm-none-eabi/11.3.1/thumb/v7e-m+fp/hard/crtbegin.o
LOAD C:/ST/STM32CubeIDE_1.14.1/STM32CubeIDE/plugins/com.st.stm32cube.ide.mcu.externaltools.gnu-tools-for-stm32.11.3.rel1.win32_1.1.100.202309141235/tools/bin/../lib/gcc/arm-none-eabi/11.3.1/../../../../arm-none-eabi/lib/thumb/v7e-m+fp/hard/crt0.o
LOAD ./Core/Src/freertos.o
LOAD ./Core/Src/main.o
LOAD ./Core/Src/stm32f4xx_hal_msp.o
LOAD ./Core/Src/stm32f4xx_it.o
LOAD ./Core/Src/syscalls.o
LOAD ./Core/Src/sysmem.o
LOAD ./Core/Src/system_stm32f4xx.o
LOAD ./Core/Startup/startup_stm32f407vetx.o
LOAD ./Drivers/PeripheralDriver/Src/oled.o
LOAD ./Drivers/STM32F4xx_HAL_Driver/Src/stm32f4xx_hal.o
LOAD ./Drivers/STM32F4xx_HAL_Driver/Src/stm32f4xx_hal_adc.o
LOAD ./Drivers/STM32F4xx_HAL_Driver/Src/stm32f4xx_hal_adc_ex.o
LOAD ./Drivers/STM32F4xx_HAL_Driver/Src/stm32f4xx_hal_cortex.o
LOAD ./Drivers/STM32F4xx_HAL_Driver/Src/stm32f4xx_hal_dma.o
LOAD ./Drivers/STM32F4xx_HAL_Driver/Src/stm32f4xx_hal_dma_ex.o
LOAD ./Drivers/STM32F4xx_HAL_Driver/Src/stm32f4xx_hal_exti.o
LOAD ./Drivers/STM32F4xx_HAL_Driver/Src/stm32f4xx_hal_flash.o
LOAD ./Drivers/STM32F4xx_HAL_Driver/Src/stm32f4xx_hal_flash_ex.o
LOAD ./Drivers/STM32F4xx_HAL_Driver/Src/stm32f4xx_hal_flash_ramfunc.o
LOAD ./Drivers/STM32F4xx_HAL_Driver/Src/stm32f4xx_hal_gpio.o
LOAD ./Drivers/STM32F4xx_HAL_Driver/Src/stm32f4xx_hal_i2c.o
LOAD ./Drivers/STM32F4xx_HAL_Driver/Src/stm32f4xx_hal_i2c_ex.o
LOAD ./Drivers/STM32F4xx_HAL_Driver/Src/stm32f4xx_hal_pwr.o
LOAD ./Drivers/STM32F4xx_HAL_Driver/Src/stm32f4xx_hal_pwr_ex.o
LOAD ./Drivers/STM32F4xx_HAL_Driver/Src/stm32f4xx_hal_rcc.o
LOAD ./Drivers/STM32F4xx_HAL_Driver/Src/stm32f4xx_hal_rcc_ex.o
LOAD ./Drivers/STM32F4xx_HAL_Driver/Src/stm32f4xx_hal_tim.o
LOAD ./Drivers/STM32F4xx_HAL_Driver/Src/stm32f4xx_hal_tim_ex.o
LOAD ./Drivers/STM32F4xx_HAL_Driver/Src/stm32f4xx_hal_uart.o
LOAD ./Drivers/STM32F4xx_HAL_Driver/Src/stm32f4xx_ll_adc.o
LOAD ./Middlewares/Third_Party/FreeRTOS/Source/CMSIS_RTOS_V2/cmsis_os2.o
LOAD ./Middlewares/Third_Party/FreeRTOS/Source/croutine.o
LOAD ./Middlewares/Third_Party/FreeRTOS/Source/event_groups.o
LOAD ./Middlewares/Third_Party/FreeRTOS/Source/list.o
LOAD ./Middlewares/Third_Party/FreeRTOS/Source/queue.o
LOAD ./Middlewares/Third_Party/FreeRTOS/Source/stream_buffer.o
LOAD ./Middlewares/Third_Party/FreeRTOS/Source/tasks.o
LOAD ./Middlewares/Third_Party/FreeRTOS/Source/timers.o
LOAD ./Middlewares/Third_Party/FreeRTOS/Source/portable/GCC/ARM_CM4F/port.o
LOAD ./Middlewares/Third_Party/FreeRTOS/Source/portable/MemMang/heap_4.o
START GROUP
LOAD C:/ST/STM32CubeIDE_1.14.1/STM32CubeIDE/plugins/com.st.stm32cube.ide.mcu.externaltools.gnu-tools-for-stm32.11.3.rel1.win32_1.1.100.202309141235/tools/bin/../lib/gcc/arm-none-eabi/11.3.1/../../../../arm-none-eabi/lib/thumb/v7e-m+fp/hard\libc_nano.a
LOAD C:/ST/STM32CubeIDE_1.14.1/STM32CubeIDE/plugins/com.st.stm32cube.ide.mcu.externaltools.gnu-tools-for-stm32.11.3.rel1.win32_1.1.100.202309141235/tools/bin/../lib/gcc/arm-none-eabi/11.3.1/../../../../arm-none-eabi/lib/thumb/v7e-m+fp/hard\libm.a
END GROUP
START GROUP
LOAD C:/ST/STM32CubeIDE_1.14.1/STM32CubeIDE/plugins/com.st.stm32cube.ide.mcu.externaltools.gnu-tools-for-stm32.11.3.rel1.win32_1.1.100.202309141235/tools/bin/../lib/gcc/arm-none-eabi/11.3.1/thumb/v7e-m+fp/hard\libgcc.a
LOAD C:/ST/STM32CubeIDE_1.14.1/STM32CubeIDE/plugins/com.st.stm32cube.ide.mcu.externaltools.gnu-tools-for-stm32.11.3.rel1.win32_1.1.100.202309141235/tools/bin/../lib/gcc/arm-none-eabi/11.3.1/../../../../arm-none-eabi/lib/thumb/v7e-m+fp/hard\libc_nano.a
END GROUP
START GROUP
LOAD C:/ST/STM32CubeIDE_1.14.1/STM32CubeIDE/plugins/com.st.stm32cube.ide.mcu.externaltools.gnu-tools-for-stm32.11.3.rel1.win32_1.1.100.202309141235/tools/bin/../lib/gcc/arm-none-eabi/11.3.1/thumb/v7e-m+fp/hard\libgcc.a
LOAD C:/ST/STM32CubeIDE_1.14.1/STM32CubeIDE/plugins/com.st.stm32cube.ide.mcu.externaltools.gnu-tools-for-stm32.11.3.rel1.win32_1.1.100.202309141235/tools/bin/../lib/gcc/arm-none-eabi/11.3.1/../../../../arm-none-eabi/lib/thumb/v7e-m+fp/hard\libc_nano.a
LOAD C:/ST/STM32CubeIDE_1.14.1/STM32CubeIDE/plugins/com.st.stm32cube.ide.mcu.externaltools.gnu-tools-for-stm32.11.3.rel1.win32_1.1.100.202309141235/tools/bin/../lib/gcc/arm-none-eabi/11.3.1/../../../../arm-none-eabi/lib/thumb/v7e-m+fp/hard\libnosys.a
END GROUP
START GROUP
LOAD C:/ST/STM32CubeIDE_1.14.1/STM32CubeIDE/plugins/com.st.stm32cube.ide.mcu.externaltools.gnu-tools-for-stm32.11.3.rel1.win32_1.1.100.202309141235/tools/bin/../lib/gcc/arm-none-eabi/11.3.1/thumb/v7e-m+fp/hard\libgcc.a
LOAD C:/ST/STM32CubeIDE_1.14.1/STM32CubeIDE/plugins/com.st.stm32cube.ide.mcu.externaltools.gnu-tools-for-stm32.11.3.rel1.win32_1.1.100.202309141235/tools/bin/../lib/gcc/arm-none-eabi/11.3.1/../../../../arm-none-eabi/lib/thumb/v7e-m+fp/hard\libc_nano.a
LOAD C:/ST/STM32CubeIDE_1.14.1/STM32CubeIDE/plugins/com.st.stm32cube.ide.mcu.externaltools.gnu-tools-for-stm32.11.3.rel1.win32_1.1.100.202309141235/tools/bin/../lib/gcc/arm-none-eabi/11.3.1/../../../../arm-none-eabi/lib/thumb/v7e-m+fp/hard\libnosys.a
END GROUP
LOAD C:/ST/STM32CubeIDE_1.14.1/STM32CubeIDE/plugins/com.st.stm32cube.ide.mcu.externaltools.gnu-tools-for-stm32.11.3.rel1.win32_1.1.100.202309141235/tools/bin/../lib/gcc/arm-none-eabi/11.3.1/thumb/v7e-m+fp/hard/crtend.o
LOAD C:/ST/STM32CubeIDE_1.14.1/STM32CubeIDE/plugins/com.st.stm32cube.ide.mcu.externaltools.gnu-tools-for-stm32.11.3.rel1.win32_1.1.100.202309141235/tools/bin/../lib/gcc/arm-none-eabi/11.3.1/thumb/v7e-m+fp/hard/crtn.o
                0x0000000020020000                _estack = (ORIGIN (RAM) + LENGTH (RAM))
                0x0000000000000200                _Min_Heap_Size = 0x200
                0x0000000000000400                _Min_Stack_Size = 0x400

.isr_vector     0x0000000008000000      0x188
                0x0000000008000000                . = ALIGN (0x4)
 *(.isr_vector)
 .isr_vector    0x0000000008000000      0x188 ./Core/Startup/startup_stm32f407vetx.o
                0x0000000008000000                g_pfnVectors
                0x0000000008000188                . = ALIGN (0x4)

.text           0x0000000008000190     0xd8d0
                0x0000000008000190                . = ALIGN (0x4)
 *(.text)
 .text          0x0000000008000190       0x40 C:/ST/STM32CubeIDE_1.14.1/STM32CubeIDE/plugins/com.st.stm32cube.ide.mcu.externaltools.gnu-tools-for-stm32.11.3.rel1.win32_1.1.100.202309141235/tools/bin/../lib/gcc/arm-none-eabi/11.3.1/thumb/v7e-m+fp/hard/crtbegin.o
 .text          0x00000000080001d0       0xa0 C:/ST/STM32CubeIDE_1.14.1/STM32CubeIDE/plugins/com.st.stm32cube.ide.mcu.externaltools.gnu-tools-for-stm32.11.3.rel1.win32_1.1.100.202309141235/tools/bin/../lib/gcc/arm-none-eabi/11.3.1/../../../../arm-none-eabi/lib/thumb/v7e-m+fp/hard\libc_nano.a(libc_a-memchr.o)
                0x00000000080001d0                memchr
 .text          0x0000000008000270      0x378 C:/ST/STM32CubeIDE_1.14.1/STM32CubeIDE/plugins/com.st.stm32cube.ide.mcu.externaltools.gnu-tools-for-stm32.11.3.rel1.win32_1.1.100.202309141235/tools/bin/../lib/gcc/arm-none-eabi/11.3.1/thumb/v7e-m+fp/hard\libgcc.a(_arm_addsubdf3.o)
                0x0000000008000270                __aeabi_drsub
                0x0000000008000278                __aeabi_dsub
                0x0000000008000278                __subdf3
                0x000000000800027c                __aeabi_dadd
                0x000000000800027c                __adddf3
                0x00000000080004f4                __floatunsidf
                0x00000000080004f4                __aeabi_ui2d
                0x0000000008000514                __floatsidf
                0x0000000008000514                __aeabi_i2d
                0x0000000008000538                __aeabi_f2d
                0x0000000008000538                __extendsfdf2
                0x000000000800057c                __floatundidf
                0x000000000800057c                __aeabi_ul2d
                0x000000000800058c                __floatdidf
                0x000000000800058c                __aeabi_l2d
 .text          0x00000000080005e8      0x424 C:/ST/STM32CubeIDE_1.14.1/STM32CubeIDE/plugins/com.st.stm32cube.ide.mcu.externaltools.gnu-tools-for-stm32.11.3.rel1.win32_1.1.100.202309141235/tools/bin/../lib/gcc/arm-none-eabi/11.3.1/thumb/v7e-m+fp/hard\libgcc.a(_arm_muldivdf3.o)
                0x00000000080005e8                __aeabi_dmul
                0x00000000080005e8                __muldf3
                0x000000000800083c                __divdf3
                0x000000000800083c                __aeabi_ddiv
 .text          0x0000000008000a0c      0x110 C:/ST/STM32CubeIDE_1.14.1/STM32CubeIDE/plugins/com.st.stm32cube.ide.mcu.externaltools.gnu-tools-for-stm32.11.3.rel1.win32_1.1.100.202309141235/tools/bin/../lib/gcc/arm-none-eabi/11.3.1/thumb/v7e-m+fp/hard\libgcc.a(_arm_cmpdf2.o)
                0x0000000008000a0c                __gtdf2
                0x0000000008000a0c                __gedf2
                0x0000000008000a14                __ltdf2
                0x0000000008000a14                __ledf2
                0x0000000008000a1c                __nedf2
                0x0000000008000a1c                __eqdf2
                0x0000000008000a1c                __cmpdf2
                0x0000000008000a98                __aeabi_cdrcmple
                0x0000000008000aa8                __aeabi_cdcmpeq
                0x0000000008000aa8                __aeabi_cdcmple
                0x0000000008000ab8                __aeabi_dcmpeq
                0x0000000008000acc                __aeabi_dcmplt
                0x0000000008000ae0                __aeabi_dcmple
                0x0000000008000af4                __aeabi_dcmpge
                0x0000000008000b08                __aeabi_dcmpgt
 .text          0x0000000008000b1c       0x2c C:/ST/STM32CubeIDE_1.14.1/STM32CubeIDE/plugins/com.st.stm32cube.ide.mcu.externaltools.gnu-tools-for-stm32.11.3.rel1.win32_1.1.100.202309141235/tools/bin/../lib/gcc/arm-none-eabi/11.3.1/thumb/v7e-m+fp/hard\libgcc.a(_arm_unorddf2.o)
                0x0000000008000b1c                __unorddf2
                0x0000000008000b1c                __aeabi_dcmpun
 .text          0x0000000008000b48       0x50 C:/ST/STM32CubeIDE_1.14.1/STM32CubeIDE/plugins/com.st.stm32cube.ide.mcu.externaltools.gnu-tools-for-stm32.11.3.rel1.win32_1.1.100.202309141235/tools/bin/../lib/gcc/arm-none-eabi/11.3.1/thumb/v7e-m+fp/hard\libgcc.a(_arm_fixdfsi.o)
                0x0000000008000b48                __aeabi_d2iz
                0x0000000008000b48                __fixdfsi
 .text          0x0000000008000b98       0x40 C:/ST/STM32CubeIDE_1.14.1/STM32CubeIDE/plugins/com.st.stm32cube.ide.mcu.externaltools.gnu-tools-for-stm32.11.3.rel1.win32_1.1.100.202309141235/tools/bin/../lib/gcc/arm-none-eabi/11.3.1/thumb/v7e-m+fp/hard\libgcc.a(_arm_fixunsdfsi.o)
                0x0000000008000b98                __aeabi_d2uiz
                0x0000000008000b98                __fixunsdfsi
 .text          0x0000000008000bd8       0xa0 C:/ST/STM32CubeIDE_1.14.1/STM32CubeIDE/plugins/com.st.stm32cube.ide.mcu.externaltools.gnu-tools-for-stm32.11.3.rel1.win32_1.1.100.202309141235/tools/bin/../lib/gcc/arm-none-eabi/11.3.1/thumb/v7e-m+fp/hard\libgcc.a(_arm_truncdfsf2.o)
                0x0000000008000bd8                __truncdfsf2
                0x0000000008000bd8                __aeabi_d2f
 .text          0x0000000008000c78       0x30 C:/ST/STM32CubeIDE_1.14.1/STM32CubeIDE/plugins/com.st.stm32cube.ide.mcu.externaltools.gnu-tools-for-stm32.11.3.rel1.win32_1.1.100.202309141235/tools/bin/../lib/gcc/arm-none-eabi/11.3.1/thumb/v7e-m+fp/hard\libgcc.a(_aeabi_uldivmod.o)
                0x0000000008000c78                __aeabi_uldivmod
 .text          0x0000000008000ca8      0x2c8 C:/ST/STM32CubeIDE_1.14.1/STM32CubeIDE/plugins/com.st.stm32cube.ide.mcu.externaltools.gnu-tools-for-stm32.11.3.rel1.win32_1.1.100.202309141235/tools/bin/../lib/gcc/arm-none-eabi/11.3.1/thumb/v7e-m+fp/hard\libgcc.a(_udivmoddi4.o)
                0x0000000008000ca8                __udivmoddi4
 .text          0x0000000008000f70        0x4 C:/ST/STM32CubeIDE_1.14.1/STM32CubeIDE/plugins/com.st.stm32cube.ide.mcu.externaltools.gnu-tools-for-stm32.11.3.rel1.win32_1.1.100.202309141235/tools/bin/../lib/gcc/arm-none-eabi/11.3.1/thumb/v7e-m+fp/hard\libgcc.a(_dvmd_tls.o)
                0x0000000008000f70                __aeabi_idiv0
                0x0000000008000f70                __aeabi_ldiv0
 *(.text*)
 .text.main     0x0000000008000f74      0x16c ./Core/Src/main.o
                0x0000000008000f74                main
 .text.SystemClock_Config
                0x00000000080010e0       0xbc ./Core/Src/main.o
                0x00000000080010e0                SystemClock_Config
 .text.MX_ADC1_Init
                0x000000000800119c       0xa4 ./Core/Src/main.o
 .text.MX_ADC2_Init
                0x0000000008001240       0xa4 ./Core/Src/main.o
 .text.MX_I2C1_Init
                0x00000000080012e4       0x5c ./Core/Src/main.o
 .text.MX_TIM1_Init
                0x0000000008001340      0x13c ./Core/Src/main.o
 .text.MX_TIM2_Init
                0x000000000800147c       0xa8 ./Core/Src/main.o
 .text.MX_TIM3_Init
                0x0000000008001524       0xa8 ./Core/Src/main.o
 .text.MX_TIM4_Init
                0x00000000080015cc       0xa8 ./Core/Src/main.o
 .text.MX_TIM8_Init
                0x0000000008001674      0x154 ./Core/Src/main.o
 .text.MX_USART3_UART_Init
                0x00000000080017c8       0x54 ./Core/Src/main.o
 .text.MX_GPIO_Init
                0x000000000800181c      0x19c ./Core/Src/main.o
 .text.HAL_UART_RxCpltCallback
                0x00000000080019b8       0x24 ./Core/Src/main.o
                0x00000000080019b8                HAL_UART_RxCpltCallback
 .text.delay    0x00000000080019dc       0x34 ./Core/Src/main.o
                0x00000000080019dc                delay
 .text.HAL_TIM_IC_CaptureCallback
                0x0000000008001a10      0x150 ./Core/Src/main.o
                0x0000000008001a10                HAL_TIM_IC_CaptureCallback
 .text.HCSR04_Read
                0x0000000008001b60       0x40 ./Core/Src/main.o
                0x0000000008001b60                HCSR04_Read
 .text.buzzerBeep
                0x0000000008001ba0       0x28 ./Core/Src/main.o
                0x0000000008001ba0                buzzerBeep
 .text.moveCarRight
                0x0000000008001bc8       0x6c ./Core/Src/main.o
                0x0000000008001bc8                moveCarRight
 .text.moveCarRightFaster
                0x0000000008001c34       0x6c ./Core/Src/main.o
                0x0000000008001c34                moveCarRightFaster
 .text.moveCarLeftFaster
                0x0000000008001ca0       0x6c ./Core/Src/main.o
                0x0000000008001ca0                moveCarLeftFaster
 .text.moveCarLeft
                0x0000000008001d0c       0x6c ./Core/Src/main.o
                0x0000000008001d0c                moveCarLeft
 .text.PID_Control
                0x0000000008001d78       0xf8 ./Core/Src/main.o
                0x0000000008001d78                PID_Control
 .text.PID_Juke
                0x0000000008001e70      0x1c8 ./Core/Src/main.o
                0x0000000008001e70                PID_Juke
 .text.PID_Angle
                0x0000000008002038      0x158 ./Core/Src/main.o
                0x0000000008002038                PID_Angle
 .text.finishCheck
                0x0000000008002190       0x84 ./Core/Src/main.o
                0x0000000008002190                finishCheck
 .text.finishCheck2
                0x0000000008002214       0x20 ./Core/Src/main.o
                0x0000000008002214                finishCheck2
 .text.finished
                0x0000000008002234       0x80 ./Core/Src/main.o
                0x0000000008002234                finished
 .text.IRCheck  0x00000000080022b4       0x38 ./Core/Src/main.o
                0x00000000080022b4                IRCheck
 .text.readByte
                0x00000000080022ec       0x58 ./Core/Src/main.o
                0x00000000080022ec                readByte
 .text.writeByte
                0x0000000008002344       0x48 ./Core/Src/main.o
                0x0000000008002344                writeByte
 .text.gyroInit
                0x000000000800238c       0x86 ./Core/Src/main.o
                0x000000000800238c                gyroInit
 *fill*         0x0000000008002412        0x2 
 .text.StartDefaultTask
                0x0000000008002414       0x20 ./Core/Src/main.o
                0x0000000008002414                StartDefaultTask
 *fill*         0x0000000008002434        0x4 
 .text.StartMotorTask
                0x0000000008002438      0x7e0 ./Core/Src/main.o
                0x0000000008002438                StartMotorTask
 .text.StartOLEDTask
                0x0000000008002c18      0x1a8 ./Core/Src/main.o
                0x0000000008002c18                StartOLEDTask
 .text.StartGyroTask
                0x0000000008002dc0      0x1b0 ./Core/Src/main.o
                0x0000000008002dc0                StartGyroTask
 .text.StartUltrasonicTask
                0x0000000008002f70       0x28 ./Core/Src/main.o
                0x0000000008002f70                StartUltrasonicTask
 .text.StartCommunicateTask
                0x0000000008002f98       0x34 ./Core/Src/main.o
                0x0000000008002f98                StartCommunicateTask
 .text.StartEncoderRTask
                0x0000000008002fcc       0x88 ./Core/Src/main.o
                0x0000000008002fcc                StartEncoderRTask
 .text.StartEncoderLTask
                0x0000000008003054       0x88 ./Core/Src/main.o
                0x0000000008003054                StartEncoderLTask
 .text.moveCarStraightSensor
                0x00000000080030dc       0x6c ./Core/Src/main.o
                0x00000000080030dc                moveCarStraightSensor
 .text.StartTask2
                0x0000000008003148      0x4f0 ./Core/Src/main.o
                0x0000000008003148                StartTask2
 .text.StartIRTask
                0x0000000008003638      0x174 ./Core/Src/main.o
                0x0000000008003638                StartIRTask
 .text.Error_Handler
                0x00000000080037ac        0xa ./Core/Src/main.o
                0x00000000080037ac                Error_Handler
 *fill*         0x00000000080037b6        0x2 
 .text.HAL_MspInit
                0x00000000080037b8       0x68 ./Core/Src/stm32f4xx_hal_msp.o
                0x00000000080037b8                HAL_MspInit
 .text.HAL_ADC_MspInit
                0x0000000008003820       0xe8 ./Core/Src/stm32f4xx_hal_msp.o
                0x0000000008003820                HAL_ADC_MspInit
 .text.HAL_I2C_MspInit
                0x0000000008003908       0x90 ./Core/Src/stm32f4xx_hal_msp.o
                0x0000000008003908                HAL_I2C_MspInit
 .text.HAL_TIM_Base_MspInit
                0x0000000008003998       0xec ./Core/Src/stm32f4xx_hal_msp.o
                0x0000000008003998                HAL_TIM_Base_MspInit
 .text.HAL_TIM_Encoder_MspInit
                0x0000000008003a84      0x134 ./Core/Src/stm32f4xx_hal_msp.o
                0x0000000008003a84                HAL_TIM_Encoder_MspInit
 .text.HAL_TIM_IC_MspInit
                0x0000000008003bb8       0xa0 ./Core/Src/stm32f4xx_hal_msp.o
                0x0000000008003bb8                HAL_TIM_IC_MspInit
 .text.HAL_TIM_MspPostInit
                0x0000000008003c58       0x74 ./Core/Src/stm32f4xx_hal_msp.o
                0x0000000008003c58                HAL_TIM_MspPostInit
 .text.HAL_UART_MspInit
                0x0000000008003ccc       0xa0 ./Core/Src/stm32f4xx_hal_msp.o
                0x0000000008003ccc                HAL_UART_MspInit
 .text.NMI_Handler
                0x0000000008003d6c        0x6 ./Core/Src/stm32f4xx_it.o
                0x0000000008003d6c                NMI_Handler
 .text.HardFault_Handler
                0x0000000008003d72        0x6 ./Core/Src/stm32f4xx_it.o
                0x0000000008003d72                HardFault_Handler
 .text.MemManage_Handler
                0x0000000008003d78        0x6 ./Core/Src/stm32f4xx_it.o
                0x0000000008003d78                MemManage_Handler
 .text.BusFault_Handler
                0x0000000008003d7e        0x6 ./Core/Src/stm32f4xx_it.o
                0x0000000008003d7e                BusFault_Handler
 .text.UsageFault_Handler
                0x0000000008003d84        0x6 ./Core/Src/stm32f4xx_it.o
                0x0000000008003d84                UsageFault_Handler
 .text.DebugMon_Handler
                0x0000000008003d8a        0xe ./Core/Src/stm32f4xx_it.o
                0x0000000008003d8a                DebugMon_Handler
 .text.SysTick_Handler
                0x0000000008003d98       0x1a ./Core/Src/stm32f4xx_it.o
                0x0000000008003d98                SysTick_Handler
 .text.RCC_IRQHandler
                0x0000000008003db2        0xe ./Core/Src/stm32f4xx_it.o
                0x0000000008003db2                RCC_IRQHandler
 .text.TIM1_BRK_TIM9_IRQHandler
                0x0000000008003dc0       0x14 ./Core/Src/stm32f4xx_it.o
                0x0000000008003dc0                TIM1_BRK_TIM9_IRQHandler
 .text.TIM1_UP_TIM10_IRQHandler
                0x0000000008003dd4       0x14 ./Core/Src/stm32f4xx_it.o
                0x0000000008003dd4                TIM1_UP_TIM10_IRQHandler
 .text.TIM4_IRQHandler
                0x0000000008003de8       0x14 ./Core/Src/stm32f4xx_it.o
                0x0000000008003de8                TIM4_IRQHandler
 .text.USART3_IRQHandler
                0x0000000008003dfc       0x14 ./Core/Src/stm32f4xx_it.o
                0x0000000008003dfc                USART3_IRQHandler
 .text.TIM8_TRG_COM_TIM14_IRQHandler
                0x0000000008003e10       0x14 ./Core/Src/stm32f4xx_it.o
                0x0000000008003e10                TIM8_TRG_COM_TIM14_IRQHandler
 .text._sbrk    0x0000000008003e24       0x6c ./Core/Src/sysmem.o
                0x0000000008003e24                _sbrk
 .text.SystemInit
                0x0000000008003e90       0x24 ./Core/Src/system_stm32f4xx.o
                0x0000000008003e90                SystemInit
 .text.Reset_Handler
                0x0000000008003eb4       0x50 ./Core/Startup/startup_stm32f407vetx.o
                0x0000000008003eb4                Reset_Handler
 .text.Default_Handler
                0x0000000008003f04        0x2 ./Core/Startup/startup_stm32f407vetx.o
                0x0000000008003f04                RTC_Alarm_IRQHandler
                0x0000000008003f04                HASH_RNG_IRQHandler
                0x0000000008003f04                EXTI2_IRQHandler
                0x0000000008003f04                TIM8_CC_IRQHandler
                0x0000000008003f04                TIM1_CC_IRQHandler
                0x0000000008003f04                DMA2_Stream5_IRQHandler
                0x0000000008003f04                DMA1_Stream5_IRQHandler
                0x0000000008003f04                PVD_IRQHandler
                0x0000000008003f04                SDIO_IRQHandler
                0x0000000008003f04                TAMP_STAMP_IRQHandler
                0x0000000008003f04                CAN2_RX1_IRQHandler
                0x0000000008003f04                EXTI3_IRQHandler
                0x0000000008003f04                TIM8_UP_TIM13_IRQHandler
                0x0000000008003f04                I2C3_ER_IRQHandler
                0x0000000008003f04                EXTI0_IRQHandler
                0x0000000008003f04                I2C2_EV_IRQHandler
                0x0000000008003f04                DMA1_Stream2_IRQHandler
                0x0000000008003f04                CAN1_RX0_IRQHandler
                0x0000000008003f04                FPU_IRQHandler
                0x0000000008003f04                OTG_HS_WKUP_IRQHandler
                0x0000000008003f04                CAN2_SCE_IRQHandler
                0x0000000008003f04                DMA2_Stream2_IRQHandler
                0x0000000008003f04                SPI1_IRQHandler
                0x0000000008003f04                TIM6_DAC_IRQHandler
                0x0000000008003f04                DCMI_IRQHandler
                0x0000000008003f04                CAN2_RX0_IRQHandler
                0x0000000008003f04                DMA2_Stream3_IRQHandler
                0x0000000008003f04                USART6_IRQHandler
                0x0000000008003f04                CAN1_RX1_IRQHandler
                0x0000000008003f04                UART5_IRQHandler
                0x0000000008003f04                DMA2_Stream0_IRQHandler
                0x0000000008003f04                I2C1_EV_IRQHandler
                0x0000000008003f04                DMA1_Stream6_IRQHandler
                0x0000000008003f04                DMA1_Stream1_IRQHandler
                0x0000000008003f04                UART4_IRQHandler
                0x0000000008003f04                TIM3_IRQHandler
                0x0000000008003f04                TIM8_BRK_TIM12_IRQHandler
                0x0000000008003f04                Default_Handler
                0x0000000008003f04                EXTI15_10_IRQHandler
                0x0000000008003f04                ADC_IRQHandler
                0x0000000008003f04                DMA1_Stream7_IRQHandler
                0x0000000008003f04                TIM7_IRQHandler
                0x0000000008003f04                CAN2_TX_IRQHandler
                0x0000000008003f04                TIM5_IRQHandler
                0x0000000008003f04                DMA2_Stream7_IRQHandler
                0x0000000008003f04                I2C3_EV_IRQHandler
                0x0000000008003f04                EXTI9_5_IRQHandler
                0x0000000008003f04                RTC_WKUP_IRQHandler
                0x0000000008003f04                ETH_WKUP_IRQHandler
                0x0000000008003f04                SPI2_IRQHandler
                0x0000000008003f04                OTG_HS_EP1_IN_IRQHandler
                0x0000000008003f04                DMA1_Stream0_IRQHandler
                0x0000000008003f04                CAN1_TX_IRQHandler
                0x0000000008003f04                EXTI4_IRQHandler
                0x0000000008003f04                FSMC_IRQHandler
                0x0000000008003f04                ETH_IRQHandler
                0x0000000008003f04                OTG_HS_EP1_OUT_IRQHandler
                0x0000000008003f04                WWDG_IRQHandler
                0x0000000008003f04                TIM2_IRQHandler
                0x0000000008003f04                OTG_FS_WKUP_IRQHandler
                0x0000000008003f04                TIM1_TRG_COM_TIM11_IRQHandler
                0x0000000008003f04                OTG_HS_IRQHandler
                0x0000000008003f04                EXTI1_IRQHandler
                0x0000000008003f04                USART2_IRQHandler
                0x0000000008003f04                I2C2_ER_IRQHandler
                0x0000000008003f04                DMA2_Stream1_IRQHandler
                0x0000000008003f04                CAN1_SCE_IRQHandler
                0x0000000008003f04                FLASH_IRQHandler
                0x0000000008003f04                DMA2_Stream4_IRQHandler
                0x0000000008003f04                USART1_IRQHandler
                0x0000000008003f04                OTG_FS_IRQHandler
                0x0000000008003f04                SPI3_IRQHandler
                0x0000000008003f04                DMA1_Stream4_IRQHandler
                0x0000000008003f04                I2C1_ER_IRQHandler
                0x0000000008003f04                DMA2_Stream6_IRQHandler
                0x0000000008003f04                DMA1_Stream3_IRQHandler
 *fill*         0x0000000008003f06        0x2 
 .text.OLED_Refresh_Gram
                0x0000000008003f08       0x70 ./Drivers/PeripheralDriver/Src/oled.o
                0x0000000008003f08                OLED_Refresh_Gram
 .text.OLED_WR_Byte
                0x0000000008003f78       0x94 ./Drivers/PeripheralDriver/Src/oled.o
                0x0000000008003f78                OLED_WR_Byte
 .text.OLED_Clear
                0x000000000800400c       0x4c ./Drivers/PeripheralDriver/Src/oled.o
                0x000000000800400c                OLED_Clear
 .text.OLED_DrawPoint
                0x0000000008004058       0xb4 ./Drivers/PeripheralDriver/Src/oled.o
                0x0000000008004058                OLED_DrawPoint
 .text.OLED_ShowChar
                0x000000000800410c       0xe4 ./Drivers/PeripheralDriver/Src/oled.o
                0x000000000800410c                OLED_ShowChar
 .text.OLED_ShowString
                0x00000000080041f0       0x64 ./Drivers/PeripheralDriver/Src/oled.o
                0x00000000080041f0                OLED_ShowString
 .text.OLED_Init
                0x0000000008004254      0x118 ./Drivers/PeripheralDriver/Src/oled.o
                0x0000000008004254                OLED_Init
 .text.HAL_Init
                0x000000000800436c       0x44 ./Drivers/STM32F4xx_HAL_Driver/Src/stm32f4xx_hal.o
                0x000000000800436c                HAL_Init
 .text.HAL_InitTick
                0x00000000080043b0       0x60 ./Drivers/STM32F4xx_HAL_Driver/Src/stm32f4xx_hal.o
                0x00000000080043b0                HAL_InitTick
 .text.HAL_IncTick
                0x0000000008004410       0x28 ./Drivers/STM32F4xx_HAL_Driver/Src/stm32f4xx_hal.o
                0x0000000008004410                HAL_IncTick
 .text.HAL_GetTick
                0x0000000008004438       0x18 ./Drivers/STM32F4xx_HAL_Driver/Src/stm32f4xx_hal.o
                0x0000000008004438                HAL_GetTick
 .text.HAL_Delay
                0x0000000008004450       0x48 ./Drivers/STM32F4xx_HAL_Driver/Src/stm32f4xx_hal.o
                0x0000000008004450                HAL_Delay
 .text.HAL_ADC_Init
                0x0000000008004498       0x86 ./Drivers/STM32F4xx_HAL_Driver/Src/stm32f4xx_hal_adc.o
                0x0000000008004498                HAL_ADC_Init
 *fill*         0x000000000800451e        0x2 
 .text.HAL_ADC_Start
                0x0000000008004520      0x1a4 ./Drivers/STM32F4xx_HAL_Driver/Src/stm32f4xx_hal_adc.o
                0x0000000008004520                HAL_ADC_Start
 .text.HAL_ADC_Stop
                0x00000000080046c4       0x66 ./Drivers/STM32F4xx_HAL_Driver/Src/stm32f4xx_hal_adc.o
                0x00000000080046c4                HAL_ADC_Stop
 .text.HAL_ADC_PollForConversion
                0x000000000800472a      0x116 ./Drivers/STM32F4xx_HAL_Driver/Src/stm32f4xx_hal_adc.o
                0x000000000800472a                HAL_ADC_PollForConversion
 .text.HAL_ADC_GetValue
                0x0000000008004840       0x1a ./Drivers/STM32F4xx_HAL_Driver/Src/stm32f4xx_hal_adc.o
                0x0000000008004840                HAL_ADC_GetValue
 *fill*         0x000000000800485a        0x2 
 .text.HAL_ADC_ConfigChannel
                0x000000000800485c      0x244 ./Drivers/STM32F4xx_HAL_Driver/Src/stm32f4xx_hal_adc.o
                0x000000000800485c                HAL_ADC_ConfigChannel
 .text.ADC_Init
                0x0000000008004aa0      0x1f8 ./Drivers/STM32F4xx_HAL_Driver/Src/stm32f4xx_hal_adc.o
 .text.__NVIC_SetPriorityGrouping
                0x0000000008004c98       0x48 ./Drivers/STM32F4xx_HAL_Driver/Src/stm32f4xx_hal_cortex.o
 .text.__NVIC_GetPriorityGrouping
                0x0000000008004ce0       0x1c ./Drivers/STM32F4xx_HAL_Driver/Src/stm32f4xx_hal_cortex.o
 .text.__NVIC_EnableIRQ
                0x0000000008004cfc       0x3c ./Drivers/STM32F4xx_HAL_Driver/Src/stm32f4xx_hal_cortex.o
 .text.__NVIC_SetPriority
                0x0000000008004d38       0x54 ./Drivers/STM32F4xx_HAL_Driver/Src/stm32f4xx_hal_cortex.o
 .text.NVIC_EncodePriority
                0x0000000008004d8c       0x66 ./Drivers/STM32F4xx_HAL_Driver/Src/stm32f4xx_hal_cortex.o
 *fill*         0x0000000008004df2        0x2 
 .text.SysTick_Config
                0x0000000008004df4       0x44 ./Drivers/STM32F4xx_HAL_Driver/Src/stm32f4xx_hal_cortex.o
 .text.HAL_NVIC_SetPriorityGrouping
                0x0000000008004e38       0x16 ./Drivers/STM32F4xx_HAL_Driver/Src/stm32f4xx_hal_cortex.o
                0x0000000008004e38                HAL_NVIC_SetPriorityGrouping
 .text.HAL_NVIC_SetPriority
                0x0000000008004e4e       0x38 ./Drivers/STM32F4xx_HAL_Driver/Src/stm32f4xx_hal_cortex.o
                0x0000000008004e4e                HAL_NVIC_SetPriority
 .text.HAL_NVIC_EnableIRQ
                0x0000000008004e86       0x1c ./Drivers/STM32F4xx_HAL_Driver/Src/stm32f4xx_hal_cortex.o
                0x0000000008004e86                HAL_NVIC_EnableIRQ
 .text.HAL_SYSTICK_Config
                0x0000000008004ea2       0x18 ./Drivers/STM32F4xx_HAL_Driver/Src/stm32f4xx_hal_cortex.o
                0x0000000008004ea2                HAL_SYSTICK_Config
 .text.HAL_DMA_Abort
                0x0000000008004eba       0xe0 ./Drivers/STM32F4xx_HAL_Driver/Src/stm32f4xx_hal_dma.o
                0x0000000008004eba                HAL_DMA_Abort
 .text.HAL_DMA_Abort_IT
                0x0000000008004f9a       0x44 ./Drivers/STM32F4xx_HAL_Driver/Src/stm32f4xx_hal_dma.o
                0x0000000008004f9a                HAL_DMA_Abort_IT
 *fill*         0x0000000008004fde        0x2 
 .text.HAL_GPIO_Init
                0x0000000008004fe0      0x338 ./Drivers/STM32F4xx_HAL_Driver/Src/stm32f4xx_hal_gpio.o
                0x0000000008004fe0                HAL_GPIO_Init
 .text.HAL_GPIO_WritePin
                0x0000000008005318       0x32 ./Drivers/STM32F4xx_HAL_Driver/Src/stm32f4xx_hal_gpio.o
                0x0000000008005318                HAL_GPIO_WritePin
 .text.HAL_GPIO_TogglePin
                0x000000000800534a       0x34 ./Drivers/STM32F4xx_HAL_Driver/Src/stm32f4xx_hal_gpio.o
                0x000000000800534a                HAL_GPIO_TogglePin
 *fill*         0x000000000800537e        0x2 
 .text.HAL_I2C_Init
                0x0000000008005380      0x288 ./Drivers/STM32F4xx_HAL_Driver/Src/stm32f4xx_hal_i2c.o
                0x0000000008005380                HAL_I2C_Init
 .text.HAL_I2C_Master_Transmit
                0x0000000008005608      0x1fc ./Drivers/STM32F4xx_HAL_Driver/Src/stm32f4xx_hal_i2c.o
                0x0000000008005608                HAL_I2C_Master_Transmit
 .text.HAL_I2C_Master_Receive
                0x0000000008005804      0x44c ./Drivers/STM32F4xx_HAL_Driver/Src/stm32f4xx_hal_i2c.o
                0x0000000008005804                HAL_I2C_Master_Receive
 .text.I2C_MasterRequestWrite
                0x0000000008005c50      0x104 ./Drivers/STM32F4xx_HAL_Driver/Src/stm32f4xx_hal_i2c.o
 .text.I2C_MasterRequestRead
                0x0000000008005d54      0x19c ./Drivers/STM32F4xx_HAL_Driver/Src/stm32f4xx_hal_i2c.o
 .text.I2C_WaitOnFlagUntilTimeout
                0x0000000008005ef0       0xae ./Drivers/STM32F4xx_HAL_Driver/Src/stm32f4xx_hal_i2c.o
 .text.I2C_WaitOnMasterAddressFlagUntilTimeout
                0x0000000008005f9e       0xfe ./Drivers/STM32F4xx_HAL_Driver/Src/stm32f4xx_hal_i2c.o
 .text.I2C_WaitOnTXEFlagUntilTimeout
                0x000000000800609c       0x82 ./Drivers/STM32F4xx_HAL_Driver/Src/stm32f4xx_hal_i2c.o
 .text.I2C_WaitOnBTFFlagUntilTimeout
                0x000000000800611e       0x82 ./Drivers/STM32F4xx_HAL_Driver/Src/stm32f4xx_hal_i2c.o
 .text.I2C_WaitOnRXNEFlagUntilTimeout
                0x00000000080061a0       0xac ./Drivers/STM32F4xx_HAL_Driver/Src/stm32f4xx_hal_i2c.o
 .text.I2C_IsAcknowledgeFailed
                0x000000000800624c       0x5e ./Drivers/STM32F4xx_HAL_Driver/Src/stm32f4xx_hal_i2c.o
 *fill*         0x00000000080062aa        0x2 
 .text.HAL_PWR_EnableBkUpAccess
                0x00000000080062ac       0x28 ./Drivers/STM32F4xx_HAL_Driver/Src/stm32f4xx_hal_pwr.o
                0x00000000080062ac                HAL_PWR_EnableBkUpAccess
 .text.HAL_PWR_DisableBkUpAccess
                0x00000000080062d4       0x28 ./Drivers/STM32F4xx_HAL_Driver/Src/stm32f4xx_hal_pwr.o
                0x00000000080062d4                HAL_PWR_DisableBkUpAccess
 .text.HAL_RCC_OscConfig
                0x00000000080062fc      0x4f0 ./Drivers/STM32F4xx_HAL_Driver/Src/stm32f4xx_hal_rcc.o
                0x00000000080062fc                HAL_RCC_OscConfig
 .text.HAL_RCC_ClockConfig
                0x00000000080067ec      0x1cc ./Drivers/STM32F4xx_HAL_Driver/Src/stm32f4xx_hal_rcc.o
                0x00000000080067ec                HAL_RCC_ClockConfig
 .text.HAL_RCC_GetSysClockFreq
                0x00000000080069b8      0x18c ./Drivers/STM32F4xx_HAL_Driver/Src/stm32f4xx_hal_rcc.o
                0x00000000080069b8                HAL_RCC_GetSysClockFreq
 .text.HAL_RCC_GetHCLKFreq
                0x0000000008006b44       0x18 ./Drivers/STM32F4xx_HAL_Driver/Src/stm32f4xx_hal_rcc.o
                0x0000000008006b44                HAL_RCC_GetHCLKFreq
 .text.HAL_RCC_GetPCLK1Freq
                0x0000000008006b5c       0x28 ./Drivers/STM32F4xx_HAL_Driver/Src/stm32f4xx_hal_rcc.o
                0x0000000008006b5c                HAL_RCC_GetPCLK1Freq
 .text.HAL_RCC_GetPCLK2Freq
                0x0000000008006b84       0x28 ./Drivers/STM32F4xx_HAL_Driver/Src/stm32f4xx_hal_rcc.o
                0x0000000008006b84                HAL_RCC_GetPCLK2Freq
 .text.HAL_TIM_Base_Init
                0x0000000008006bac       0x9e ./Drivers/STM32F4xx_HAL_Driver/Src/stm32f4xx_hal_tim.o
                0x0000000008006bac                HAL_TIM_Base_Init
 .text.HAL_TIM_PWM_Init
                0x0000000008006c4a       0x9e ./Drivers/STM32F4xx_HAL_Driver/Src/stm32f4xx_hal_tim.o
                0x0000000008006c4a                HAL_TIM_PWM_Init
 .text.HAL_TIM_PWM_MspInit
                0x0000000008006ce8       0x14 ./Drivers/STM32F4xx_HAL_Driver/Src/stm32f4xx_hal_tim.o
                0x0000000008006ce8                HAL_TIM_PWM_MspInit
 .text.HAL_TIM_PWM_Start
                0x0000000008006cfc      0x190 ./Drivers/STM32F4xx_HAL_Driver/Src/stm32f4xx_hal_tim.o
                0x0000000008006cfc                HAL_TIM_PWM_Start
 .text.HAL_TIM_IC_Init
                0x0000000008006e8c       0x9e ./Drivers/STM32F4xx_HAL_Driver/Src/stm32f4xx_hal_tim.o
                0x0000000008006e8c                HAL_TIM_IC_Init
 *fill*         0x0000000008006f2a        0x2 
 .text.HAL_TIM_IC_Start_IT
                0x0000000008006f2c      0x250 ./Drivers/STM32F4xx_HAL_Driver/Src/stm32f4xx_hal_tim.o
                0x0000000008006f2c                HAL_TIM_IC_Start_IT
 .text.HAL_TIM_Encoder_Init
                0x000000000800717c      0x14c ./Drivers/STM32F4xx_HAL_Driver/Src/stm32f4xx_hal_tim.o
                0x000000000800717c                HAL_TIM_Encoder_Init
 .text.HAL_TIM_Encoder_Start
                0x00000000080072c8      0x11c ./Drivers/STM32F4xx_HAL_Driver/Src/stm32f4xx_hal_tim.o
                0x00000000080072c8                HAL_TIM_Encoder_Start
 .text.HAL_TIM_IRQHandler
                0x00000000080073e4      0x210 ./Drivers/STM32F4xx_HAL_Driver/Src/stm32f4xx_hal_tim.o
                0x00000000080073e4                HAL_TIM_IRQHandler
 .text.HAL_TIM_IC_ConfigChannel
                0x00000000080075f4      0x138 ./Drivers/STM32F4xx_HAL_Driver/Src/stm32f4xx_hal_tim.o
                0x00000000080075f4                HAL_TIM_IC_ConfigChannel
 .text.HAL_TIM_PWM_ConfigChannel
                0x000000000800772c      0x184 ./Drivers/STM32F4xx_HAL_Driver/Src/stm32f4xx_hal_tim.o
                0x000000000800772c                HAL_TIM_PWM_ConfigChannel
 .text.HAL_TIM_ConfigClockSource
                0x00000000080078b0      0x18e ./Drivers/STM32F4xx_HAL_Driver/Src/stm32f4xx_hal_tim.o
                0x00000000080078b0                HAL_TIM_ConfigClockSource
 *fill*         0x0000000008007a3e        0x2 
 .text.HAL_TIM_ReadCapturedValue
                0x0000000008007a40       0x88 ./Drivers/STM32F4xx_HAL_Driver/Src/stm32f4xx_hal_tim.o
                0x0000000008007a40                HAL_TIM_ReadCapturedValue
 .text.HAL_TIM_PeriodElapsedCallback
                0x0000000008007ac8       0x14 ./Drivers/STM32F4xx_HAL_Driver/Src/stm32f4xx_hal_tim.o
                0x0000000008007ac8                HAL_TIM_PeriodElapsedCallback
 .text.HAL_TIM_OC_DelayElapsedCallback
                0x0000000008007adc       0x14 ./Drivers/STM32F4xx_HAL_Driver/Src/stm32f4xx_hal_tim.o
                0x0000000008007adc                HAL_TIM_OC_DelayElapsedCallback
 .text.HAL_TIM_PWM_PulseFinishedCallback
                0x0000000008007af0       0x14 ./Drivers/STM32F4xx_HAL_Driver/Src/stm32f4xx_hal_tim.o
                0x0000000008007af0                HAL_TIM_PWM_PulseFinishedCallback
 .text.HAL_TIM_TriggerCallback
                0x0000000008007b04       0x14 ./Drivers/STM32F4xx_HAL_Driver/Src/stm32f4xx_hal_tim.o
                0x0000000008007b04                HAL_TIM_TriggerCallback
 .text.TIM_Base_SetConfig
                0x0000000008007b18      0x140 ./Drivers/STM32F4xx_HAL_Driver/Src/stm32f4xx_hal_tim.o
                0x0000000008007b18                TIM_Base_SetConfig
 .text.TIM_OC1_SetConfig
                0x0000000008007c58       0xe0 ./Drivers/STM32F4xx_HAL_Driver/Src/stm32f4xx_hal_tim.o
 .text.TIM_OC2_SetConfig
                0x0000000008007d38       0xec ./Drivers/STM32F4xx_HAL_Driver/Src/stm32f4xx_hal_tim.o
                0x0000000008007d38                TIM_OC2_SetConfig
 .text.TIM_OC3_SetConfig
                0x0000000008007e24       0xe8 ./Drivers/STM32F4xx_HAL_Driver/Src/stm32f4xx_hal_tim.o
 .text.TIM_OC4_SetConfig
                0x0000000008007f0c       0xac ./Drivers/STM32F4xx_HAL_Driver/Src/stm32f4xx_hal_tim.o
 .text.TIM_TI1_SetConfig
                0x0000000008007fb8       0xe8 ./Drivers/STM32F4xx_HAL_Driver/Src/stm32f4xx_hal_tim.o
                0x0000000008007fb8                TIM_TI1_SetConfig
 .text.TIM_TI1_ConfigInputStage
                0x00000000080080a0       0x5e ./Drivers/STM32F4xx_HAL_Driver/Src/stm32f4xx_hal_tim.o
 .text.TIM_TI2_SetConfig
                0x00000000080080fe       0x7a ./Drivers/STM32F4xx_HAL_Driver/Src/stm32f4xx_hal_tim.o
 .text.TIM_TI2_ConfigInputStage
                0x0000000008008178       0x60 ./Drivers/STM32F4xx_HAL_Driver/Src/stm32f4xx_hal_tim.o
 .text.TIM_TI3_SetConfig
                0x00000000080081d8       0x78 ./Drivers/STM32F4xx_HAL_Driver/Src/stm32f4xx_hal_tim.o
 .text.TIM_TI4_SetConfig
                0x0000000008008250       0x7a ./Drivers/STM32F4xx_HAL_Driver/Src/stm32f4xx_hal_tim.o
 .text.TIM_ITRx_SetConfig
                0x00000000080082ca       0x36 ./Drivers/STM32F4xx_HAL_Driver/Src/stm32f4xx_hal_tim.o
 .text.TIM_ETR_SetConfig
                0x0000000008008300       0x40 ./Drivers/STM32F4xx_HAL_Driver/Src/stm32f4xx_hal_tim.o
                0x0000000008008300                TIM_ETR_SetConfig
 .text.TIM_CCxChannelCmd
                0x0000000008008340       0x4a ./Drivers/STM32F4xx_HAL_Driver/Src/stm32f4xx_hal_tim.o
                0x0000000008008340                TIM_CCxChannelCmd
 *fill*         0x000000000800838a        0x2 
 .text.HAL_TIMEx_MasterConfigSynchronization
                0x000000000800838c       0xf8 ./Drivers/STM32F4xx_HAL_Driver/Src/stm32f4xx_hal_tim_ex.o
                0x000000000800838c                HAL_TIMEx_MasterConfigSynchronization
 .text.HAL_TIMEx_ConfigBreakDeadTime
                0x0000000008008484       0xa4 ./Drivers/STM32F4xx_HAL_Driver/Src/stm32f4xx_hal_tim_ex.o
                0x0000000008008484                HAL_TIMEx_ConfigBreakDeadTime
 .text.HAL_TIMEx_CommutCallback
                0x0000000008008528       0x14 ./Drivers/STM32F4xx_HAL_Driver/Src/stm32f4xx_hal_tim_ex.o
                0x0000000008008528                HAL_TIMEx_CommutCallback
 .text.HAL_TIMEx_BreakCallback
                0x000000000800853c       0x14 ./Drivers/STM32F4xx_HAL_Driver/Src/stm32f4xx_hal_tim_ex.o
                0x000000000800853c                HAL_TIMEx_BreakCallback
 .text.HAL_UART_Init
                0x0000000008008550       0x9a ./Drivers/STM32F4xx_HAL_Driver/Src/stm32f4xx_hal_uart.o
                0x0000000008008550                HAL_UART_Init
 .text.HAL_UART_Transmit
                0x00000000080085ea      0x124 ./Drivers/STM32F4xx_HAL_Driver/Src/stm32f4xx_hal_uart.o
                0x00000000080085ea                HAL_UART_Transmit
 .text.HAL_UART_Receive_IT
                0x000000000800870e       0x60 ./Drivers/STM32F4xx_HAL_Driver/Src/stm32f4xx_hal_uart.o
                0x000000000800870e                HAL_UART_Receive_IT
 *fill*         0x000000000800876e        0x2 
 .text.HAL_UART_IRQHandler
                0x0000000008008770      0x51c ./Drivers/STM32F4xx_HAL_Driver/Src/stm32f4xx_hal_uart.o
                0x0000000008008770                HAL_UART_IRQHandler
 .text.HAL_UART_TxCpltCallback
                0x0000000008008c8c       0x14 ./Drivers/STM32F4xx_HAL_Driver/Src/stm32f4xx_hal_uart.o
                0x0000000008008c8c                HAL_UART_TxCpltCallback
 .text.HAL_UART_ErrorCallback
                0x0000000008008ca0       0x14 ./Drivers/STM32F4xx_HAL_Driver/Src/stm32f4xx_hal_uart.o
                0x0000000008008ca0                HAL_UART_ErrorCallback
 .text.HAL_UARTEx_RxEventCallback
                0x0000000008008cb4       0x18 ./Drivers/STM32F4xx_HAL_Driver/Src/stm32f4xx_hal_uart.o
                0x0000000008008cb4                HAL_UARTEx_RxEventCallback
 .text.UART_WaitOnFlagUntilTimeout
                0x0000000008008ccc       0xdc ./Drivers/STM32F4xx_HAL_Driver/Src/stm32f4xx_hal_uart.o
 .text.UART_Start_Receive_IT
                0x0000000008008da8       0x7c ./Drivers/STM32F4xx_HAL_Driver/Src/stm32f4xx_hal_uart.o
                0x0000000008008da8                UART_Start_Receive_IT
 .text.UART_EndRxTransfer
                0x0000000008008e24       0xc6 ./Drivers/STM32F4xx_HAL_Driver/Src/stm32f4xx_hal_uart.o
 .text.UART_DMAAbortOnError
                0x0000000008008eea       0x28 ./Drivers/STM32F4xx_HAL_Driver/Src/stm32f4xx_hal_uart.o
 .text.UART_Transmit_IT
                0x0000000008008f12       0xa0 ./Drivers/STM32F4xx_HAL_Driver/Src/stm32f4xx_hal_uart.o
 .text.UART_EndTransmit_IT
                0x0000000008008fb2       0x30 ./Drivers/STM32F4xx_HAL_Driver/Src/stm32f4xx_hal_uart.o
 .text.UART_Receive_IT
                0x0000000008008fe2      0x176 ./Drivers/STM32F4xx_HAL_Driver/Src/stm32f4xx_hal_uart.o
 .text.UART_SetConfig
                0x0000000008009158      0x4e8 ./Drivers/STM32F4xx_HAL_Driver/Src/stm32f4xx_hal_uart.o
 .text.__NVIC_SetPriority
                0x0000000008009640       0x54 ./Middlewares/Third_Party/FreeRTOS/Source/CMSIS_RTOS_V2/cmsis_os2.o
 .text.SVC_Setup
                0x0000000008009694       0x12 ./Middlewares/Third_Party/FreeRTOS/Source/CMSIS_RTOS_V2/cmsis_os2.o
 *fill*         0x00000000080096a6        0x2 
 .text.osKernelInitialize
                0x00000000080096a8       0x48 ./Middlewares/Third_Party/FreeRTOS/Source/CMSIS_RTOS_V2/cmsis_os2.o
                0x00000000080096a8                osKernelInitialize
 .text.osKernelStart
                0x00000000080096f0       0x4c ./Middlewares/Third_Party/FreeRTOS/Source/CMSIS_RTOS_V2/cmsis_os2.o
                0x00000000080096f0                osKernelStart
 .text.osThreadNew
                0x000000000800973c      0x124 ./Middlewares/Third_Party/FreeRTOS/Source/CMSIS_RTOS_V2/cmsis_os2.o
                0x000000000800973c                osThreadNew
 .text.osDelay  0x0000000008009860       0x36 ./Middlewares/Third_Party/FreeRTOS/Source/CMSIS_RTOS_V2/cmsis_os2.o
                0x0000000008009860                osDelay
 *fill*         0x0000000008009896        0x2 
 .text.vApplicationGetIdleTaskMemory
                0x0000000008009898       0x34 ./Middlewares/Third_Party/FreeRTOS/Source/CMSIS_RTOS_V2/cmsis_os2.o
                0x0000000008009898                vApplicationGetIdleTaskMemory
 .text.vApplicationGetTimerTaskMemory
                0x00000000080098cc       0x34 ./Middlewares/Third_Party/FreeRTOS/Source/CMSIS_RTOS_V2/cmsis_os2.o
                0x00000000080098cc                vApplicationGetTimerTaskMemory
 .text.vListInitialise
                0x0000000008009900       0x40 ./Middlewares/Third_Party/FreeRTOS/Source/list.o
                0x0000000008009900                vListInitialise
 .text.vListInitialiseItem
                0x0000000008009940       0x1a ./Middlewares/Third_Party/FreeRTOS/Source/list.o
                0x0000000008009940                vListInitialiseItem
 .text.vListInsertEnd
                0x000000000800995a       0x48 ./Middlewares/Third_Party/FreeRTOS/Source/list.o
                0x000000000800995a                vListInsertEnd
 .text.vListInsert
                0x00000000080099a2       0x72 ./Middlewares/Third_Party/FreeRTOS/Source/list.o
                0x00000000080099a2                vListInsert
 .text.uxListRemove
                0x0000000008009a14       0x54 ./Middlewares/Third_Party/FreeRTOS/Source/list.o
                0x0000000008009a14                uxListRemove
 .text.xQueueGenericReset
                0x0000000008009a68       0xd0 ./Middlewares/Third_Party/FreeRTOS/Source/queue.o
                0x0000000008009a68                xQueueGenericReset
 .text.xQueueGenericCreateStatic
                0x0000000008009b38       0xf0 ./Middlewares/Third_Party/FreeRTOS/Source/queue.o
                0x0000000008009b38                xQueueGenericCreateStatic
 .text.prvInitialiseNewQueue
                0x0000000008009c28       0x46 ./Middlewares/Third_Party/FreeRTOS/Source/queue.o
 *fill*         0x0000000008009c6e        0x2 
 .text.xQueueGenericSend
                0x0000000008009c70      0x1fc ./Middlewares/Third_Party/FreeRTOS/Source/queue.o
                0x0000000008009c70                xQueueGenericSend
 .text.xQueueGenericSendFromISR
                0x0000000008009e6c      0x136 ./Middlewares/Third_Party/FreeRTOS/Source/queue.o
                0x0000000008009e6c                xQueueGenericSendFromISR
 *fill*         0x0000000008009fa2        0x2 
 .text.xQueueReceive
                0x0000000008009fa4      0x1c0 ./Middlewares/Third_Party/FreeRTOS/Source/queue.o
                0x0000000008009fa4                xQueueReceive
 .text.prvCopyDataToQueue
                0x000000000800a164       0xd4 ./Middlewares/Third_Party/FreeRTOS/Source/queue.o
 .text.prvCopyDataFromQueue
                0x000000000800a238       0x4c ./Middlewares/Third_Party/FreeRTOS/Source/queue.o
 .text.prvUnlockQueue
                0x000000000800a284       0xa4 ./Middlewares/Third_Party/FreeRTOS/Source/queue.o
 .text.prvIsQueueEmpty
                0x000000000800a328       0x2c ./Middlewares/Third_Party/FreeRTOS/Source/queue.o
 .text.prvIsQueueFull
                0x000000000800a354       0x30 ./Middlewares/Third_Party/FreeRTOS/Source/queue.o
 .text.vQueueAddToRegistry
                0x000000000800a384       0x54 ./Middlewares/Third_Party/FreeRTOS/Source/queue.o
                0x000000000800a384                vQueueAddToRegistry
 .text.vQueueWaitForMessageRestricted
                0x000000000800a3d8       0x68 ./Middlewares/Third_Party/FreeRTOS/Source/queue.o
                0x000000000800a3d8                vQueueWaitForMessageRestricted
 .text.xTaskCreateStatic
                0x000000000800a440       0xba ./Middlewares/Third_Party/FreeRTOS/Source/tasks.o
                0x000000000800a440                xTaskCreateStatic
 .text.xTaskCreate
                0x000000000800a4fa       0x8a ./Middlewares/Third_Party/FreeRTOS/Source/tasks.o
                0x000000000800a4fa                xTaskCreate
 .text.prvInitialiseNewTask
                0x000000000800a584      0x14c ./Middlewares/Third_Party/FreeRTOS/Source/tasks.o
 .text.prvAddNewTaskToReadyList
                0x000000000800a6d0       0xe0 ./Middlewares/Third_Party/FreeRTOS/Source/tasks.o
 .text.vTaskDelay
                0x000000000800a7b0       0x68 ./Middlewares/Third_Party/FreeRTOS/Source/tasks.o
                0x000000000800a7b0                vTaskDelay
 .text.vTaskStartScheduler
                0x000000000800a818       0xe0 ./Middlewares/Third_Party/FreeRTOS/Source/tasks.o
                0x000000000800a818                vTaskStartScheduler
 .text.vTaskSuspendAll
                0x000000000800a8f8       0x1c ./Middlewares/Third_Party/FreeRTOS/Source/tasks.o
                0x000000000800a8f8                vTaskSuspendAll
 .text.xTaskResumeAll
                0x000000000800a914      0x13c ./Middlewares/Third_Party/FreeRTOS/Source/tasks.o
                0x000000000800a914                xTaskResumeAll
 .text.xTaskGetTickCount
                0x000000000800aa50       0x20 ./Middlewares/Third_Party/FreeRTOS/Source/tasks.o
                0x000000000800aa50                xTaskGetTickCount
 .text.xTaskIncrementTick
                0x000000000800aa70      0x174 ./Middlewares/Third_Party/FreeRTOS/Source/tasks.o
                0x000000000800aa70                xTaskIncrementTick
 .text.vTaskSwitchContext
                0x000000000800abe4       0xc8 ./Middlewares/Third_Party/FreeRTOS/Source/tasks.o
                0x000000000800abe4                vTaskSwitchContext
 .text.vTaskPlaceOnEventList
                0x000000000800acac       0x48 ./Middlewares/Third_Party/FreeRTOS/Source/tasks.o
                0x000000000800acac                vTaskPlaceOnEventList
 .text.vTaskPlaceOnEventListRestricted
                0x000000000800acf4       0x58 ./Middlewares/Third_Party/FreeRTOS/Source/tasks.o
                0x000000000800acf4                vTaskPlaceOnEventListRestricted
 .text.xTaskRemoveFromEventList
                0x000000000800ad4c       0xc8 ./Middlewares/Third_Party/FreeRTOS/Source/tasks.o
                0x000000000800ad4c                xTaskRemoveFromEventList
 .text.vTaskInternalSetTimeOutState
                0x000000000800ae14       0x2c ./Middlewares/Third_Party/FreeRTOS/Source/tasks.o
                0x000000000800ae14                vTaskInternalSetTimeOutState
 .text.xTaskCheckForTimeOut
                0x000000000800ae40       0xc4 ./Middlewares/Third_Party/FreeRTOS/Source/tasks.o
                0x000000000800ae40                xTaskCheckForTimeOut
 .text.vTaskMissedYield
                0x000000000800af04       0x18 ./Middlewares/Third_Party/FreeRTOS/Source/tasks.o
                0x000000000800af04                vTaskMissedYield
 .text.prvIdleTask
                0x000000000800af1c       0x30 ./Middlewares/Third_Party/FreeRTOS/Source/tasks.o
 .text.prvInitialiseTaskLists
                0x000000000800af4c       0x80 ./Middlewares/Third_Party/FreeRTOS/Source/tasks.o
 .text.prvCheckTasksWaitingTermination
                0x000000000800afcc       0x5c ./Middlewares/Third_Party/FreeRTOS/Source/tasks.o
 .text.prvDeleteTCB
                0x000000000800b028       0x68 ./Middlewares/Third_Party/FreeRTOS/Source/tasks.o
 .text.prvResetNextTaskUnblockTime
                0x000000000800b090       0x40 ./Middlewares/Third_Party/FreeRTOS/Source/tasks.o
 .text.xTaskGetSchedulerState
                0x000000000800b0d0       0x3c ./Middlewares/Third_Party/FreeRTOS/Source/tasks.o
                0x000000000800b0d0                xTaskGetSchedulerState
 .text.xTaskPriorityDisinherit
                0x000000000800b10c       0xdc ./Middlewares/Third_Party/FreeRTOS/Source/tasks.o
                0x000000000800b10c                xTaskPriorityDisinherit
 .text.prvAddCurrentTaskToDelayedList
                0x000000000800b1e8       0xa8 ./Middlewares/Third_Party/FreeRTOS/Source/tasks.o
 .text.xTimerCreateTimerTask
                0x000000000800b290       0x90 ./Middlewares/Third_Party/FreeRTOS/Source/timers.o
                0x000000000800b290                xTimerCreateTimerTask
 .text.xTimerGenericCommand
                0x000000000800b320       0x9c ./Middlewares/Third_Party/FreeRTOS/Source/timers.o
                0x000000000800b320                xTimerGenericCommand
 .text.prvProcessExpiredTimer
                0x000000000800b3bc       0x98 ./Middlewares/Third_Party/FreeRTOS/Source/timers.o
 .text.prvTimerTask
                0x000000000800b454       0x24 ./Middlewares/Third_Party/FreeRTOS/Source/timers.o
 .text.prvProcessTimerOrBlockTask
                0x000000000800b478       0x9c ./Middlewares/Third_Party/FreeRTOS/Source/timers.o
 .text.prvGetNextExpireTime
                0x000000000800b514       0x48 ./Middlewares/Third_Party/FreeRTOS/Source/timers.o
 .text.prvSampleTimeNow
                0x000000000800b55c       0x40 ./Middlewares/Third_Party/FreeRTOS/Source/timers.o
 .text.prvInsertTimerInActiveList
                0x000000000800b59c       0x84 ./Middlewares/Third_Party/FreeRTOS/Source/timers.o
 .text.prvProcessReceivedCommands
                0x000000000800b620      0x1c4 ./Middlewares/Third_Party/FreeRTOS/Source/timers.o
 .text.prvSwitchTimerLists
                0x000000000800b7e4       0xc8 ./Middlewares/Third_Party/FreeRTOS/Source/timers.o
 .text.prvCheckForValidListAndQueue
                0x000000000800b8ac       0x80 ./Middlewares/Third_Party/FreeRTOS/Source/timers.o
 .text.pxPortInitialiseStack
                0x000000000800b92c       0x68 ./Middlewares/Third_Party/FreeRTOS/Source/portable/GCC/ARM_CM4F/port.o
                0x000000000800b92c                pxPortInitialiseStack
 .text.prvTaskExitError
                0x000000000800b994       0x58 ./Middlewares/Third_Party/FreeRTOS/Source/portable/GCC/ARM_CM4F/port.o
 *fill*         0x000000000800b9ec        0x4 
 .text.SVC_Handler
                0x000000000800b9f0       0x28 ./Middlewares/Third_Party/FreeRTOS/Source/portable/GCC/ARM_CM4F/port.o
                0x000000000800b9f0                SVC_Handler
 .text.prvPortStartFirstTask
                0x000000000800ba18       0x28 ./Middlewares/Third_Party/FreeRTOS/Source/portable/GCC/ARM_CM4F/port.o
 .text.xPortStartScheduler
                0x000000000800ba40      0x144 ./Middlewares/Third_Party/FreeRTOS/Source/portable/GCC/ARM_CM4F/port.o
                0x000000000800ba40                xPortStartScheduler
 .text.vPortEnterCritical
                0x000000000800bb84       0x60 ./Middlewares/Third_Party/FreeRTOS/Source/portable/GCC/ARM_CM4F/port.o
                0x000000000800bb84                vPortEnterCritical
 .text.vPortExitCritical
                0x000000000800bbe4       0x54 ./Middlewares/Third_Party/FreeRTOS/Source/portable/GCC/ARM_CM4F/port.o
                0x000000000800bbe4                vPortExitCritical
 *fill*         0x000000000800bc38        0x8 
 .text.PendSV_Handler
                0x000000000800bc40       0x68 ./Middlewares/Third_Party/FreeRTOS/Source/portable/GCC/ARM_CM4F/port.o
                0x000000000800bc40                PendSV_Handler
 .text.xPortSysTickHandler
                0x000000000800bca8       0x44 ./Middlewares/Third_Party/FreeRTOS/Source/portable/GCC/ARM_CM4F/port.o
                0x000000000800bca8                xPortSysTickHandler
 .text.vPortSetupTimerInterrupt
                0x000000000800bcec       0x48 ./Middlewares/Third_Party/FreeRTOS/Source/portable/GCC/ARM_CM4F/port.o
                0x000000000800bcec                vPortSetupTimerInterrupt
 .text.vPortEnableVFP
                0x000000000800bd34       0x14 ./Middlewares/Third_Party/FreeRTOS/Source/portable/GCC/ARM_CM4F/port.o
 .text.vPortValidateInterruptPriority
                0x000000000800bd48       0x80 ./Middlewares/Third_Party/FreeRTOS/Source/portable/GCC/ARM_CM4F/port.o
                0x000000000800bd48                vPortValidateInterruptPriority
 .text.pvPortMalloc
                0x000000000800bdc8      0x198 ./Middlewares/Third_Party/FreeRTOS/Source/portable/MemMang/heap_4.o
                0x000000000800bdc8                pvPortMalloc
 .text.vPortFree
                0x000000000800bf60       0xc4 ./Middlewares/Third_Party/FreeRTOS/Source/portable/MemMang/heap_4.o
                0x000000000800bf60                vPortFree
 .text.prvHeapInit
                0x000000000800c024       0xc4 ./Middlewares/Third_Party/FreeRTOS/Source/portable/MemMang/heap_4.o
 .text.prvInsertBlockIntoFreeList
                0x000000000800c0e8       0xb4 ./Middlewares/Third_Party/FreeRTOS/Source/portable/MemMang/heap_4.o
 .text.sprintf  0x000000000800c19c       0x40 C:/ST/STM32CubeIDE_1.14.1/STM32CubeIDE/plugins/com.st.stm32cube.ide.mcu.externaltools.gnu-tools-for-stm32.11.3.rel1.win32_1.1.100.202309141235/tools/bin/../lib/gcc/arm-none-eabi/11.3.1/../../../../arm-none-eabi/lib/thumb/v7e-m+fp/hard\libc_nano.a(libc_a-sprintf.o)
                0x000000000800c19c                siprintf
                0x000000000800c19c                sprintf
 .text.memset   0x000000000800c1dc       0x10 C:/ST/STM32CubeIDE_1.14.1/STM32CubeIDE/plugins/com.st.stm32cube.ide.mcu.externaltools.gnu-tools-for-stm32.11.3.rel1.win32_1.1.100.202309141235/tools/bin/../lib/gcc/arm-none-eabi/11.3.1/../../../../arm-none-eabi/lib/thumb/v7e-m+fp/hard\libc_nano.a(libc_a-memset.o)
                0x000000000800c1dc                memset
 .text._reclaim_reent
                0x000000000800c1ec       0xac C:/ST/STM32CubeIDE_1.14.1/STM32CubeIDE/plugins/com.st.stm32cube.ide.mcu.externaltools.gnu-tools-for-stm32.11.3.rel1.win32_1.1.100.202309141235/tools/bin/../lib/gcc/arm-none-eabi/11.3.1/../../../../arm-none-eabi/lib/thumb/v7e-m+fp/hard\libc_nano.a(libc_a-reent.o)
                0x000000000800c1ec                _reclaim_reent
 .text.__errno  0x000000000800c298        0xc C:/ST/STM32CubeIDE_1.14.1/STM32CubeIDE/plugins/com.st.stm32cube.ide.mcu.externaltools.gnu-tools-for-stm32.11.3.rel1.win32_1.1.100.202309141235/tools/bin/../lib/gcc/arm-none-eabi/11.3.1/../../../../arm-none-eabi/lib/thumb/v7e-m+fp/hard\libc_nano.a(libc_a-errno.o)
                0x000000000800c298                __errno
 .text.__libc_init_array
                0x000000000800c2a4       0x48 C:/ST/STM32CubeIDE_1.14.1/STM32CubeIDE/plugins/com.st.stm32cube.ide.mcu.externaltools.gnu-tools-for-stm32.11.3.rel1.win32_1.1.100.202309141235/tools/bin/../lib/gcc/arm-none-eabi/11.3.1/../../../../arm-none-eabi/lib/thumb/v7e-m+fp/hard\libc_nano.a(libc_a-init.o)
                0x000000000800c2a4                __libc_init_array
 .text.__retarget_lock_acquire_recursive
                0x000000000800c2ec        0x2 C:/ST/STM32CubeIDE_1.14.1/STM32CubeIDE/plugins/com.st.stm32cube.ide.mcu.externaltools.gnu-tools-for-stm32.11.3.rel1.win32_1.1.100.202309141235/tools/bin/../lib/gcc/arm-none-eabi/11.3.1/../../../../arm-none-eabi/lib/thumb/v7e-m+fp/hard\libc_nano.a(libc_a-lock.o)
                0x000000000800c2ec                __retarget_lock_acquire_recursive
 .text.__retarget_lock_release_recursive
                0x000000000800c2ee        0x2 C:/ST/STM32CubeIDE_1.14.1/STM32CubeIDE/plugins/com.st.stm32cube.ide.mcu.externaltools.gnu-tools-for-stm32.11.3.rel1.win32_1.1.100.202309141235/tools/bin/../lib/gcc/arm-none-eabi/11.3.1/../../../../arm-none-eabi/lib/thumb/v7e-m+fp/hard\libc_nano.a(libc_a-lock.o)
                0x000000000800c2ee                __retarget_lock_release_recursive
 .text.memcpy   0x000000000800c2f0       0x1c C:/ST/STM32CubeIDE_1.14.1/STM32CubeIDE/plugins/com.st.stm32cube.ide.mcu.externaltools.gnu-tools-for-stm32.11.3.rel1.win32_1.1.100.202309141235/tools/bin/../lib/gcc/arm-none-eabi/11.3.1/../../../../arm-none-eabi/lib/thumb/v7e-m+fp/hard\libc_nano.a(libc_a-memcpy-stub.o)
                0x000000000800c2f0                memcpy
 .text._free_r  0x000000000800c30c       0x98 C:/ST/STM32CubeIDE_1.14.1/STM32CubeIDE/plugins/com.st.stm32cube.ide.mcu.externaltools.gnu-tools-for-stm32.11.3.rel1.win32_1.1.100.202309141235/tools/bin/../lib/gcc/arm-none-eabi/11.3.1/../../../../arm-none-eabi/lib/thumb/v7e-m+fp/hard\libc_nano.a(libc_a-freer.o)
                0x000000000800c30c                _free_r
 .text.sbrk_aligned
                0x000000000800c3a4       0x40 C:/ST/STM32CubeIDE_1.14.1/STM32CubeIDE/plugins/com.st.stm32cube.ide.mcu.externaltools.gnu-tools-for-stm32.11.3.rel1.win32_1.1.100.202309141235/tools/bin/../lib/gcc/arm-none-eabi/11.3.1/../../../../arm-none-eabi/lib/thumb/v7e-m+fp/hard\libc_nano.a(libc_a-mallocr.o)
 .text._malloc_r
                0x000000000800c3e4      0x100 C:/ST/STM32CubeIDE_1.14.1/STM32CubeIDE/plugins/com.st.stm32cube.ide.mcu.externaltools.gnu-tools-for-stm32.11.3.rel1.win32_1.1.100.202309141235/tools/bin/../lib/gcc/arm-none-eabi/11.3.1/../../../../arm-none-eabi/lib/thumb/v7e-m+fp/hard\libc_nano.a(libc_a-mallocr.o)
                0x000000000800c3e4                _malloc_r
 .text.__malloc_lock
                0x000000000800c4e4        0xc C:/ST/STM32CubeIDE_1.14.1/STM32CubeIDE/plugins/com.st.stm32cube.ide.mcu.externaltools.gnu-tools-for-stm32.11.3.rel1.win32_1.1.100.202309141235/tools/bin/../lib/gcc/arm-none-eabi/11.3.1/../../../../arm-none-eabi/lib/thumb/v7e-m+fp/hard\libc_nano.a(libc_a-mlock.o)
                0x000000000800c4e4                __malloc_lock
 .text.__malloc_unlock
                0x000000000800c4f0        0xc C:/ST/STM32CubeIDE_1.14.1/STM32CubeIDE/plugins/com.st.stm32cube.ide.mcu.externaltools.gnu-tools-for-stm32.11.3.rel1.win32_1.1.100.202309141235/tools/bin/../lib/gcc/arm-none-eabi/11.3.1/../../../../arm-none-eabi/lib/thumb/v7e-m+fp/hard\libc_nano.a(libc_a-mlock.o)
                0x000000000800c4f0                __malloc_unlock
 .text.__ssputs_r
                0x000000000800c4fc       0xb4 C:/ST/STM32CubeIDE_1.14.1/STM32CubeIDE/plugins/com.st.stm32cube.ide.mcu.externaltools.gnu-tools-for-stm32.11.3.rel1.win32_1.1.100.202309141235/tools/bin/../lib/gcc/arm-none-eabi/11.3.1/../../../../arm-none-eabi/lib/thumb/v7e-m+fp/hard\libc_nano.a(libc_a-nano-svfprintf.o)
                0x000000000800c4fc                __ssputs_r
 .text._svfprintf_r
                0x000000000800c5b0      0x1fc C:/ST/STM32CubeIDE_1.14.1/STM32CubeIDE/plugins/com.st.stm32cube.ide.mcu.externaltools.gnu-tools-for-stm32.11.3.rel1.win32_1.1.100.202309141235/tools/bin/../lib/gcc/arm-none-eabi/11.3.1/../../../../arm-none-eabi/lib/thumb/v7e-m+fp/hard\libc_nano.a(libc_a-nano-svfprintf.o)
                0x000000000800c5b0                _svfiprintf_r
                0x000000000800c5b0                _svfprintf_r
 .text._printf_common
                0x000000000800c7ac       0xda C:/ST/STM32CubeIDE_1.14.1/STM32CubeIDE/plugins/com.st.stm32cube.ide.mcu.externaltools.gnu-tools-for-stm32.11.3.rel1.win32_1.1.100.202309141235/tools/bin/../lib/gcc/arm-none-eabi/11.3.1/../../../../arm-none-eabi/lib/thumb/v7e-m+fp/hard\libc_nano.a(libc_a-nano-vfprintf_i.o)
                0x000000000800c7ac                _printf_common
 *fill*         0x000000000800c886        0x2 
 .text._printf_i
                0x000000000800c888      0x244 C:/ST/STM32CubeIDE_1.14.1/STM32CubeIDE/plugins/com.st.stm32cube.ide.mcu.externaltools.gnu-tools-for-stm32.11.3.rel1.win32_1.1.100.202309141235/tools/bin/../lib/gcc/arm-none-eabi/11.3.1/../../../../arm-none-eabi/lib/thumb/v7e-m+fp/hard\libc_nano.a(libc_a-nano-vfprintf_i.o)
                0x000000000800c888                _printf_i
 .text.memmove  0x000000000800cacc       0x34 C:/ST/STM32CubeIDE_1.14.1/STM32CubeIDE/plugins/com.st.stm32cube.ide.mcu.externaltools.gnu-tools-for-stm32.11.3.rel1.win32_1.1.100.202309141235/tools/bin/../lib/gcc/arm-none-eabi/11.3.1/../../../../arm-none-eabi/lib/thumb/v7e-m+fp/hard\libc_nano.a(libc_a-memmove.o)
                0x000000000800cacc                memmove
 .text._sbrk_r  0x000000000800cb00       0x20 C:/ST/STM32CubeIDE_1.14.1/STM32CubeIDE/plugins/com.st.stm32cube.ide.mcu.externaltools.gnu-tools-for-stm32.11.3.rel1.win32_1.1.100.202309141235/tools/bin/../lib/gcc/arm-none-eabi/11.3.1/../../../../arm-none-eabi/lib/thumb/v7e-m+fp/hard\libc_nano.a(libc_a-sbrkr.o)
                0x000000000800cb00                _sbrk_r
 .text._realloc_r
                0x000000000800cb20       0x5e C:/ST/STM32CubeIDE_1.14.1/STM32CubeIDE/plugins/com.st.stm32cube.ide.mcu.externaltools.gnu-tools-for-stm32.11.3.rel1.win32_1.1.100.202309141235/tools/bin/../lib/gcc/arm-none-eabi/11.3.1/../../../../arm-none-eabi/lib/thumb/v7e-m+fp/hard\libc_nano.a(libc_a-reallocr.o)
                0x000000000800cb20                _realloc_r
 .text._malloc_usable_size_r
                0x000000000800cb7e       0x10 C:/ST/STM32CubeIDE_1.14.1/STM32CubeIDE/plugins/com.st.stm32cube.ide.mcu.externaltools.gnu-tools-for-stm32.11.3.rel1.win32_1.1.100.202309141235/tools/bin/../lib/gcc/arm-none-eabi/11.3.1/../../../../arm-none-eabi/lib/thumb/v7e-m+fp/hard\libc_nano.a(libc_a-msizer.o)
                0x000000000800cb7e                _malloc_usable_size_r
 *fill*         0x000000000800cb8e        0x2 
 .text.pow      0x000000000800cb90       0xe0 C:/ST/STM32CubeIDE_1.14.1/STM32CubeIDE/plugins/com.st.stm32cube.ide.mcu.externaltools.gnu-tools-for-stm32.11.3.rel1.win32_1.1.100.202309141235/tools/bin/../lib/gcc/arm-none-eabi/11.3.1/../../../../arm-none-eabi/lib/thumb/v7e-m+fp/hard\libm.a(libm_a-w_pow.o)
                0x000000000800cb90                pow
 .text.finite   0x000000000800cc70       0x16 C:/ST/STM32CubeIDE_1.14.1/STM32CubeIDE/plugins/com.st.stm32cube.ide.mcu.externaltools.gnu-tools-for-stm32.11.3.rel1.win32_1.1.100.202309141235/tools/bin/../lib/gcc/arm-none-eabi/11.3.1/../../../../arm-none-eabi/lib/thumb/v7e-m+fp/hard\libm.a(libm_a-s_finite.o)
                0x000000000800cc70                finite
 *fill*         0x000000000800cc86        0x2 
 .text.roundf   0x000000000800cc88       0x48 C:/ST/STM32CubeIDE_1.14.1/STM32CubeIDE/plugins/com.st.stm32cube.ide.mcu.externaltools.gnu-tools-for-stm32.11.3.rel1.win32_1.1.100.202309141235/tools/bin/../lib/gcc/arm-none-eabi/11.3.1/../../../../arm-none-eabi/lib/thumb/v7e-m+fp/hard\libm.a(libm_a-sf_round.o)
                0x000000000800cc88                roundf
 .text.__ieee754_pow
                0x000000000800ccd0      0xa54 C:/ST/STM32CubeIDE_1.14.1/STM32CubeIDE/plugins/com.st.stm32cube.ide.mcu.externaltools.gnu-tools-for-stm32.11.3.rel1.win32_1.1.100.202309141235/tools/bin/../lib/gcc/arm-none-eabi/11.3.1/../../../../arm-none-eabi/lib/thumb/v7e-m+fp/hard\libm.a(libm_a-e_pow.o)
                0x000000000800ccd0                __ieee754_pow
 .text.fabs     0x000000000800d724       0x12 C:/ST/STM32CubeIDE_1.14.1/STM32CubeIDE/plugins/com.st.stm32cube.ide.mcu.externaltools.gnu-tools-for-stm32.11.3.rel1.win32_1.1.100.202309141235/tools/bin/../lib/gcc/arm-none-eabi/11.3.1/../../../../arm-none-eabi/lib/thumb/v7e-m+fp/hard\libm.a(libm_a-s_fabs.o)
                0x000000000800d724                fabs
 *fill*         0x000000000800d736        0x2 
 .text.scalbn   0x000000000800d738       0xfc C:/ST/STM32CubeIDE_1.14.1/STM32CubeIDE/plugins/com.st.stm32cube.ide.mcu.externaltools.gnu-tools-for-stm32.11.3.rel1.win32_1.1.100.202309141235/tools/bin/../lib/gcc/arm-none-eabi/11.3.1/../../../../arm-none-eabi/lib/thumb/v7e-m+fp/hard\libm.a(libm_a-s_scalbn.o)
                0x000000000800d738                scalbn
 .text.with_errno
                0x000000000800d834       0x14 C:/ST/STM32CubeIDE_1.14.1/STM32CubeIDE/plugins/com.st.stm32cube.ide.mcu.externaltools.gnu-tools-for-stm32.11.3.rel1.win32_1.1.100.202309141235/tools/bin/../lib/gcc/arm-none-eabi/11.3.1/../../../../arm-none-eabi/lib/thumb/v7e-m+fp/hard\libm.a(libm_a-math_err.o)
 .text.xflow    0x000000000800d848       0x28 C:/ST/STM32CubeIDE_1.14.1/STM32CubeIDE/plugins/com.st.stm32cube.ide.mcu.externaltools.gnu-tools-for-stm32.11.3.rel1.win32_1.1.100.202309141235/tools/bin/../lib/gcc/arm-none-eabi/11.3.1/../../../../arm-none-eabi/lib/thumb/v7e-m+fp/hard\libm.a(libm_a-math_err.o)
 .text.__math_uflow
                0x000000000800d870       0x12 C:/ST/STM32CubeIDE_1.14.1/STM32CubeIDE/plugins/com.st.stm32cube.ide.mcu.externaltools.gnu-tools-for-stm32.11.3.rel1.win32_1.1.100.202309141235/tools/bin/../lib/gcc/arm-none-eabi/11.3.1/../../../../arm-none-eabi/lib/thumb/v7e-m+fp/hard\libm.a(libm_a-math_err.o)
                0x000000000800d870                __math_uflow
 .text.__math_oflow
                0x000000000800d882       0x12 C:/ST/STM32CubeIDE_1.14.1/STM32CubeIDE/plugins/com.st.stm32cube.ide.mcu.externaltools.gnu-tools-for-stm32.11.3.rel1.win32_1.1.100.202309141235/tools/bin/../lib/gcc/arm-none-eabi/11.3.1/../../../../arm-none-eabi/lib/thumb/v7e-m+fp/hard\libm.a(libm_a-math_err.o)
                0x000000000800d882                __math_oflow
 .text.__ieee754_sqrt
                0x000000000800d894      0x1b4 C:/ST/STM32CubeIDE_1.14.1/STM32CubeIDE/plugins/com.st.stm32cube.ide.mcu.externaltools.gnu-tools-for-stm32.11.3.rel1.win32_1.1.100.202309141235/tools/bin/../lib/gcc/arm-none-eabi/11.3.1/../../../../arm-none-eabi/lib/thumb/v7e-m+fp/hard\libm.a(libm_a-e_sqrt.o)
                0x000000000800d894                __ieee754_sqrt
 *(.glue_7)
 .glue_7        0x000000000800da48        0x0 linker stubs
 *(.glue_7t)
 .glue_7t       0x000000000800da48        0x0 linker stubs
 *(.eh_frame)
 .eh_frame      0x000000000800da48        0x0 C:/ST/STM32CubeIDE_1.14.1/STM32CubeIDE/plugins/com.st.stm32cube.ide.mcu.externaltools.gnu-tools-for-stm32.11.3.rel1.win32_1.1.100.202309141235/tools/bin/../lib/gcc/arm-none-eabi/11.3.1/thumb/v7e-m+fp/hard/crtbegin.o
 *(.init)
 .init          0x000000000800da48        0x4 C:/ST/STM32CubeIDE_1.14.1/STM32CubeIDE/plugins/com.st.stm32cube.ide.mcu.externaltools.gnu-tools-for-stm32.11.3.rel1.win32_1.1.100.202309141235/tools/bin/../lib/gcc/arm-none-eabi/11.3.1/thumb/v7e-m+fp/hard/crti.o
                0x000000000800da48                _init
 .init          0x000000000800da4c        0x8 C:/ST/STM32CubeIDE_1.14.1/STM32CubeIDE/plugins/com.st.stm32cube.ide.mcu.externaltools.gnu-tools-for-stm32.11.3.rel1.win32_1.1.100.202309141235/tools/bin/../lib/gcc/arm-none-eabi/11.3.1/thumb/v7e-m+fp/hard/crtn.o
 *(.fini)
 .fini          0x000000000800da54        0x4 C:/ST/STM32CubeIDE_1.14.1/STM32CubeIDE/plugins/com.st.stm32cube.ide.mcu.externaltools.gnu-tools-for-stm32.11.3.rel1.win32_1.1.100.202309141235/tools/bin/../lib/gcc/arm-none-eabi/11.3.1/thumb/v7e-m+fp/hard/crti.o
                0x000000000800da54                _fini
 .fini          0x000000000800da58        0x8 C:/ST/STM32CubeIDE_1.14.1/STM32CubeIDE/plugins/com.st.stm32cube.ide.mcu.externaltools.gnu-tools-for-stm32.11.3.rel1.win32_1.1.100.202309141235/tools/bin/../lib/gcc/arm-none-eabi/11.3.1/thumb/v7e-m+fp/hard/crtn.o
                0x000000000800da60                . = ALIGN (0x4)
                0x000000000800da60                _etext = .

.vfp11_veneer   0x000000000800da60        0x0
 .vfp11_veneer  0x000000000800da60        0x0 linker stubs

.v4_bx          0x000000000800da60        0x0
 .v4_bx         0x000000000800da60        0x0 linker stubs

.iplt           0x000000000800da60        0x0
 .iplt          0x000000000800da60        0x0 C:/ST/STM32CubeIDE_1.14.1/STM32CubeIDE/plugins/com.st.stm32cube.ide.mcu.externaltools.gnu-tools-for-stm32.11.3.rel1.win32_1.1.100.202309141235/tools/bin/../lib/gcc/arm-none-eabi/11.3.1/thumb/v7e-m+fp/hard/crtbegin.o

.rodata         0x000000000800da60      0xd38
                0x000000000800da60                . = ALIGN (0x4)
 *(.rodata)
 .rodata        0x000000000800da60       0xd6 ./Core/Src/main.o
 *fill*         0x000000000800db36        0x2 
 .rodata        0x000000000800db38        0x5 ./Middlewares/Third_Party/FreeRTOS/Source/tasks.o
 *fill*         0x000000000800db3d        0x3 
 .rodata        0x000000000800db40        0xd ./Middlewares/Third_Party/FreeRTOS/Source/timers.o
 *(.rodata*)
 *fill*         0x000000000800db4d        0x3 
 .rodata.defaultTask_attributes
                0x000000000800db50       0x24 ./Core/Src/main.o
                0x000000000800db50                defaultTask_attributes
 .rodata.motorTask_attributes
                0x000000000800db74       0x24 ./Core/Src/main.o
                0x000000000800db74                motorTask_attributes
 .rodata.OLEDTask_attributes
                0x000000000800db98       0x24 ./Core/Src/main.o
                0x000000000800db98                OLEDTask_attributes
 .rodata.gyroTask_attributes
                0x000000000800dbbc       0x24 ./Core/Src/main.o
                0x000000000800dbbc                gyroTask_attributes
 .rodata.ultrasonicTask_attributes
                0x000000000800dbe0       0x24 ./Core/Src/main.o
                0x000000000800dbe0                ultrasonicTask_attributes
 .rodata.communicateTask_attributes
                0x000000000800dc04       0x24 ./Core/Src/main.o
                0x000000000800dc04                communicateTask_attributes
 .rodata.encoderRTask_attributes
                0x000000000800dc28       0x24 ./Core/Src/main.o
                0x000000000800dc28                encoderRTask_attributes
 .rodata.encoderLTask_attributes
                0x000000000800dc4c       0x24 ./Core/Src/main.o
                0x000000000800dc4c                encoderLTask_attributes
 .rodata.Task2Handle_attributes
                0x000000000800dc70       0x24 ./Core/Src/main.o
                0x000000000800dc70                Task2Handle_attributes
 .rodata.IRTaskHandle_attributes
                0x000000000800dc94       0x24 ./Core/Src/main.o
                0x000000000800dc94                IRTaskHandle_attributes
 .rodata.AHBPrescTable
                0x000000000800dcb8       0x10 ./Core/Src/system_stm32f4xx.o
                0x000000000800dcb8                AHBPrescTable
 .rodata.APBPrescTable
                0x000000000800dcc8        0x8 ./Core/Src/system_stm32f4xx.o
                0x000000000800dcc8                APBPrescTable
 .rodata.oled_asc2_1206
                0x000000000800dcd0      0x474 ./Drivers/PeripheralDriver/Src/oled.o
                0x000000000800dcd0                oled_asc2_1206
 .rodata.oled_asc2_1608
                0x000000000800e144      0x5f0 ./Drivers/PeripheralDriver/Src/oled.o
                0x000000000800e144                oled_asc2_1608
 .rodata._svfprintf_r.str1.1
                0x000000000800e734       0x11 C:/ST/STM32CubeIDE_1.14.1/STM32CubeIDE/plugins/com.st.stm32cube.ide.mcu.externaltools.gnu-tools-for-stm32.11.3.rel1.win32_1.1.100.202309141235/tools/bin/../lib/gcc/arm-none-eabi/11.3.1/../../../../arm-none-eabi/lib/thumb/v7e-m+fp/hard\libc_nano.a(libc_a-nano-svfprintf.o)
 .rodata._printf_i.str1.1
                0x000000000800e745       0x22 C:/ST/STM32CubeIDE_1.14.1/STM32CubeIDE/plugins/com.st.stm32cube.ide.mcu.externaltools.gnu-tools-for-stm32.11.3.rel1.win32_1.1.100.202309141235/tools/bin/../lib/gcc/arm-none-eabi/11.3.1/../../../../arm-none-eabi/lib/thumb/v7e-m+fp/hard\libc_nano.a(libc_a-nano-vfprintf_i.o)
 *fill*         0x000000000800e767        0x1 
 .rodata.bp     0x000000000800e768       0x10 C:/ST/STM32CubeIDE_1.14.1/STM32CubeIDE/plugins/com.st.stm32cube.ide.mcu.externaltools.gnu-tools-for-stm32.11.3.rel1.win32_1.1.100.202309141235/tools/bin/../lib/gcc/arm-none-eabi/11.3.1/../../../../arm-none-eabi/lib/thumb/v7e-m+fp/hard\libm.a(libm_a-e_pow.o)
 .rodata.dp_h   0x000000000800e778       0x10 C:/ST/STM32CubeIDE_1.14.1/STM32CubeIDE/plugins/com.st.stm32cube.ide.mcu.externaltools.gnu-tools-for-stm32.11.3.rel1.win32_1.1.100.202309141235/tools/bin/../lib/gcc/arm-none-eabi/11.3.1/../../../../arm-none-eabi/lib/thumb/v7e-m+fp/hard\libm.a(libm_a-e_pow.o)
 .rodata.dp_l   0x000000000800e788       0x10 C:/ST/STM32CubeIDE_1.14.1/STM32CubeIDE/plugins/com.st.stm32cube.ide.mcu.externaltools.gnu-tools-for-stm32.11.3.rel1.win32_1.1.100.202309141235/tools/bin/../lib/gcc/arm-none-eabi/11.3.1/../../../../arm-none-eabi/lib/thumb/v7e-m+fp/hard\libm.a(libm_a-e_pow.o)
                0x000000000800e798                . = ALIGN (0x4)

.ARM.extab      0x000000000800e798        0x0
                0x000000000800e798                . = ALIGN (0x4)
 *(.ARM.extab* .gnu.linkonce.armextab.*)
                0x000000000800e798                . = ALIGN (0x4)

.ARM            0x000000000800e798        0x8
                0x000000000800e798                . = ALIGN (0x4)
                0x000000000800e798                __exidx_start = .
 *(.ARM.exidx*)
 .ARM.exidx     0x000000000800e798        0x8 C:/ST/STM32CubeIDE_1.14.1/STM32CubeIDE/plugins/com.st.stm32cube.ide.mcu.externaltools.gnu-tools-for-stm32.11.3.rel1.win32_1.1.100.202309141235/tools/bin/../lib/gcc/arm-none-eabi/11.3.1/thumb/v7e-m+fp/hard\libgcc.a(_udivmoddi4.o)
                0x000000000800e7a0                __exidx_end = .
                0x000000000800e7a0                . = ALIGN (0x4)

.rel.dyn        0x000000000800e7a0        0x0
 .rel.iplt      0x000000000800e7a0        0x0 C:/ST/STM32CubeIDE_1.14.1/STM32CubeIDE/plugins/com.st.stm32cube.ide.mcu.externaltools.gnu-tools-for-stm32.11.3.rel1.win32_1.1.100.202309141235/tools/bin/../lib/gcc/arm-none-eabi/11.3.1/thumb/v7e-m+fp/hard/crtbegin.o

.preinit_array  0x000000000800e7a0        0x0
                0x000000000800e7a0                . = ALIGN (0x4)
                0x000000000800e7a0                PROVIDE (__preinit_array_start = .)
 *(.preinit_array*)
                0x000000000800e7a0                PROVIDE (__preinit_array_end = .)
                0x000000000800e7a0                . = ALIGN (0x4)

.init_array     0x000000000800e7a0        0x4
                0x000000000800e7a0                . = ALIGN (0x4)
                0x000000000800e7a0                PROVIDE (__init_array_start = .)
 *(SORT_BY_NAME(.init_array.*))
 *(.init_array*)
 .init_array    0x000000000800e7a0        0x4 C:/ST/STM32CubeIDE_1.14.1/STM32CubeIDE/plugins/com.st.stm32cube.ide.mcu.externaltools.gnu-tools-for-stm32.11.3.rel1.win32_1.1.100.202309141235/tools/bin/../lib/gcc/arm-none-eabi/11.3.1/thumb/v7e-m+fp/hard/crtbegin.o
                0x000000000800e7a4                PROVIDE (__init_array_end = .)
                0x000000000800e7a4                . = ALIGN (0x4)

.fini_array     0x000000000800e7a4        0x4
                0x000000000800e7a4                . = ALIGN (0x4)
                [!provide]                        PROVIDE (__fini_array_start = .)
 *(SORT_BY_NAME(.fini_array.*))
 *(.fini_array*)
 .fini_array    0x000000000800e7a4        0x4 C:/ST/STM32CubeIDE_1.14.1/STM32CubeIDE/plugins/com.st.stm32cube.ide.mcu.externaltools.gnu-tools-for-stm32.11.3.rel1.win32_1.1.100.202309141235/tools/bin/../lib/gcc/arm-none-eabi/11.3.1/thumb/v7e-m+fp/hard/crtbegin.o
                [!provide]                        PROVIDE (__fini_array_end = .)
                0x000000000800e7a8                . = ALIGN (0x4)
                0x000000000800e7a8                _sidata = LOADADDR (.data)

.data           0x0000000020000000       0x78 load address 0x000000000800e7a8
                0x0000000020000000                . = ALIGN (0x4)
                0x0000000020000000                _sdata = .
 *(.data)
 *(.data*)
 .data.pwmVal_servo
                0x0000000020000000        0x2 ./Core/Src/main.o
                0x0000000020000000                pwmVal_servo
 .data.ICMAddress
                0x0000000020000002        0x1 ./Core/Src/main.o
                0x0000000020000002                ICMAddress
 .data.nexttask
                0x0000000020000003        0x1 ./Core/Src/main.o
                0x0000000020000003                nexttask
 .data.usTargetGLOBAL
                0x0000000020000004        0x4 ./Core/Src/main.o
                0x0000000020000004                usTargetGLOBAL
 .data.SystemCoreClock
                0x0000000020000008        0x4 ./Core/Src/system_stm32f4xx.o
                0x0000000020000008                SystemCoreClock
 .data.uwTickPrio
                0x000000002000000c        0x4 ./Drivers/STM32F4xx_HAL_Driver/Src/stm32f4xx_hal.o
                0x000000002000000c                uwTickPrio
 .data.uwTickFreq
                0x0000000020000010        0x1 ./Drivers/STM32F4xx_HAL_Driver/Src/stm32f4xx_hal.o
                0x0000000020000010                uwTickFreq
 *fill*         0x0000000020000011        0x3 
 .data.uxCriticalNesting
                0x0000000020000014        0x4 ./Middlewares/Third_Party/FreeRTOS/Source/portable/GCC/ARM_CM4F/port.o
 .data._impure_data
                0x0000000020000018       0x4c C:/ST/STM32CubeIDE_1.14.1/STM32CubeIDE/plugins/com.st.stm32cube.ide.mcu.externaltools.gnu-tools-for-stm32.11.3.rel1.win32_1.1.100.202309141235/tools/bin/../lib/gcc/arm-none-eabi/11.3.1/../../../../arm-none-eabi/lib/thumb/v7e-m+fp/hard\libc_nano.a(libc_a-impure.o)
                0x0000000020000018                _impure_data
 .data._impure_ptr
                0x0000000020000064        0x4 C:/ST/STM32CubeIDE_1.14.1/STM32CubeIDE/plugins/com.st.stm32cube.ide.mcu.externaltools.gnu-tools-for-stm32.11.3.rel1.win32_1.1.100.202309141235/tools/bin/../lib/gcc/arm-none-eabi/11.3.1/../../../../arm-none-eabi/lib/thumb/v7e-m+fp/hard\libc_nano.a(libc_a-impure.o)
                0x0000000020000064                _impure_ptr
 .data.one      0x0000000020000068        0x8 C:/ST/STM32CubeIDE_1.14.1/STM32CubeIDE/plugins/com.st.stm32cube.ide.mcu.externaltools.gnu-tools-for-stm32.11.3.rel1.win32_1.1.100.202309141235/tools/bin/../lib/gcc/arm-none-eabi/11.3.1/../../../../arm-none-eabi/lib/thumb/v7e-m+fp/hard\libm.a(libm_a-e_sqrt.o)
 .data.tiny     0x0000000020000070        0x8 C:/ST/STM32CubeIDE_1.14.1/STM32CubeIDE/plugins/com.st.stm32cube.ide.mcu.externaltools.gnu-tools-for-stm32.11.3.rel1.win32_1.1.100.202309141235/tools/bin/../lib/gcc/arm-none-eabi/11.3.1/../../../../arm-none-eabi/lib/thumb/v7e-m+fp/hard\libm.a(libm_a-e_sqrt.o)
 *(.RamFunc)
 *(.RamFunc*)
                0x0000000020000078                . = ALIGN (0x4)
                0x0000000020000078                _edata = .
                0x000000000800e820                _siccmram = LOADADDR (.ccmram)

.igot.plt       0x0000000020000078        0x0 load address 0x000000000800e820
 .igot.plt      0x0000000020000078        0x0 C:/ST/STM32CubeIDE_1.14.1/STM32CubeIDE/plugins/com.st.stm32cube.ide.mcu.externaltools.gnu-tools-for-stm32.11.3.rel1.win32_1.1.100.202309141235/tools/bin/../lib/gcc/arm-none-eabi/11.3.1/thumb/v7e-m+fp/hard/crtbegin.o

.ccmram         0x0000000010000000        0x0 load address 0x000000000800e820
                0x0000000010000000                . = ALIGN (0x4)
                0x0000000010000000                _sccmram = .
 *(.ccmram)
 *(.ccmram*)
                0x0000000010000000                . = ALIGN (0x4)
                0x0000000010000000                _eccmram = .
                0x0000000010000000                . = ALIGN (0x4)

.bss            0x0000000020000078     0x52a4
                0x0000000020000078                _sbss = .
                0x0000000020000078                __bss_start__ = _sbss
 *(.bss)
 .bss           0x0000000020000078       0x1c C:/ST/STM32CubeIDE_1.14.1/STM32CubeIDE/plugins/com.st.stm32cube.ide.mcu.externaltools.gnu-tools-for-stm32.11.3.rel1.win32_1.1.100.202309141235/tools/bin/../lib/gcc/arm-none-eabi/11.3.1/thumb/v7e-m+fp/hard/crtbegin.o
 *(.bss*)
 .bss.hadc1     0x0000000020000094       0x48 ./Core/Src/main.o
                0x0000000020000094                hadc1
 .bss.hadc2     0x00000000200000dc       0x48 ./Core/Src/main.o
                0x00000000200000dc                hadc2
 .bss.hi2c1     0x0000000020000124       0x54 ./Core/Src/main.o
                0x0000000020000124                hi2c1
 .bss.htim1     0x0000000020000178       0x48 ./Core/Src/main.o
                0x0000000020000178                htim1
 .bss.htim2     0x00000000200001c0       0x48 ./Core/Src/main.o
                0x00000000200001c0                htim2
 .bss.htim3     0x0000000020000208       0x48 ./Core/Src/main.o
                0x0000000020000208                htim3
 .bss.htim4     0x0000000020000250       0x48 ./Core/Src/main.o
                0x0000000020000250                htim4
 .bss.htim8     0x0000000020000298       0x48 ./Core/Src/main.o
                0x0000000020000298                htim8
 .bss.huart3    0x00000000200002e0       0x44 ./Core/Src/main.o
                0x00000000200002e0                huart3
 .bss.defaultTaskHandle
                0x0000000020000324        0x4 ./Core/Src/main.o
                0x0000000020000324                defaultTaskHandle
 .bss.motorTaskHandle
                0x0000000020000328        0x4 ./Core/Src/main.o
                0x0000000020000328                motorTaskHandle
 .bss.OLEDTaskHandle
                0x000000002000032c        0x4 ./Core/Src/main.o
                0x000000002000032c                OLEDTaskHandle
 .bss.gyroTaskHandle
                0x0000000020000330        0x4 ./Core/Src/main.o
                0x0000000020000330                gyroTaskHandle
 .bss.ultrasonicTaskHandle
                0x0000000020000334        0x4 ./Core/Src/main.o
                0x0000000020000334                ultrasonicTaskHandle
 .bss.communicateTaskHandle
                0x0000000020000338        0x4 ./Core/Src/main.o
                0x0000000020000338                communicateTaskHandle
 .bss.encoderRTaskHandle
                0x000000002000033c        0x4 ./Core/Src/main.o
                0x000000002000033c                encoderRTaskHandle
 .bss.encoderLTaskHandle
                0x0000000020000340        0x4 ./Core/Src/main.o
                0x0000000020000340                encoderLTaskHandle
 .bss.Task2HandleHandle
                0x0000000020000344        0x4 ./Core/Src/main.o
                0x0000000020000344                Task2HandleHandle
 .bss.IRTaskHandleHandle
                0x0000000020000348        0x4 ./Core/Src/main.o
                0x0000000020000348                IRTaskHandleHandle
 .bss.aRxBuffer
                0x000000002000034c        0x5 ./Core/Src/main.o
                0x000000002000034c                aRxBuffer
 *fill*         0x0000000020000351        0x1 
 .bss.pwmVal_R  0x0000000020000352        0x2 ./Core/Src/main.o
                0x0000000020000352                pwmVal_R
 .bss.pwmVal_L  0x0000000020000354        0x2 ./Core/Src/main.o
                0x0000000020000354                pwmVal_L
 *fill*         0x0000000020000356        0x2 
 .bss.control   0x0000000020000358        0x4 ./Core/Src/main.o
                0x0000000020000358                control
 .bss.control2  0x000000002000035c        0x4 ./Core/Src/main.o
                0x000000002000035c                control2
 .bss.control3  0x0000000020000360        0x4 ./Core/Src/main.o
                0x0000000020000360                control3
 .bss.times_acceptable
                0x0000000020000364        0x4 ./Core/Src/main.o
                0x0000000020000364                times_acceptable
 .bss.e_brake   0x0000000020000368        0x4 ./Core/Src/main.o
                0x0000000020000368                e_brake
 .bss.errorcorrection
                0x000000002000036c        0x4 ./Core/Src/main.o
                0x000000002000036c                errorcorrection
 .bss.straightUS
                0x0000000020000370        0x4 ./Core/Src/main.o
                0x0000000020000370                straightUS
 .bss.rightEncoderVal
                0x0000000020000374        0x4 ./Core/Src/main.o
                0x0000000020000374                rightEncoderVal
 .bss.leftEncoderVal
                0x0000000020000378        0x4 ./Core/Src/main.o
                0x0000000020000378                leftEncoderVal
 .bss.rightTarget
                0x000000002000037c        0x4 ./Core/Src/main.o
                0x000000002000037c                rightTarget
 .bss.leftTarget
                0x0000000020000380        0x4 ./Core/Src/main.o
                0x0000000020000380                leftTarget
 *fill*         0x0000000020000384        0x4 
 .bss.target_angle
                0x0000000020000388        0x8 ./Core/Src/main.o
                0x0000000020000388                target_angle
 .bss.total_angle
                0x0000000020000390        0x8 ./Core/Src/main.o
                0x0000000020000390                total_angle
 .bss.gyroBuffer
                0x0000000020000398       0x14 ./Core/Src/main.o
                0x0000000020000398                gyroBuffer
 *fill*         0x00000000200003ac        0x4 
 .bss.error_angle
                0x00000000200003b0        0x8 ./Core/Src/main.o
                0x00000000200003b0                error_angle
 .bss.Is_First_Captured
                0x00000000200003b8        0x4 ./Core/Src/main.o
                0x00000000200003b8                Is_First_Captured
 .bss.IC_Val1   0x00000000200003bc        0x4 ./Core/Src/main.o
                0x00000000200003bc                IC_Val1
 .bss.IC_Val2   0x00000000200003c0        0x4 ./Core/Src/main.o
                0x00000000200003c0                IC_Val2
 .bss.Difference
                0x00000000200003c4        0x2 ./Core/Src/main.o
                0x00000000200003c4                Difference
 .bss.Distance  0x00000000200003c6        0x2 ./Core/Src/main.o
                0x00000000200003c6                Distance
 .bss.k         0x00000000200003c8        0x4 ./Core/Src/main.o
                0x00000000200003c8                k
 .bss.voltage1  0x00000000200003cc        0x4 ./Core/Src/main.o
                0x00000000200003cc                voltage1
 .bss.voltage2  0x00000000200003d0        0x4 ./Core/Src/main.o
                0x00000000200003d0                voltage2
 .bss.irDistance1
                0x00000000200003d4        0x4 ./Core/Src/main.o
                0x00000000200003d4                irDistance1
 .bss.irDistance2
                0x00000000200003d8        0x4 ./Core/Src/main.o
                0x00000000200003d8                irDistance2
 .bss.ADC_VAL1  0x00000000200003dc        0x4 ./Core/Src/main.o
                0x00000000200003dc                ADC_VAL1
 .bss.ADC_VAL2  0x00000000200003e0        0x4 ./Core/Src/main.o
                0x00000000200003e0                ADC_VAL2
 .bss.__sbrk_heap_end
                0x00000000200003e4        0x4 ./Core/Src/sysmem.o
 .bss.OLED_GRAM
                0x00000000200003e8      0x400 ./Drivers/PeripheralDriver/Src/oled.o
                0x00000000200003e8                OLED_GRAM
 .bss.uwTick    0x00000000200007e8        0x4 ./Drivers/STM32F4xx_HAL_Driver/Src/stm32f4xx_hal.o
                0x00000000200007e8                uwTick
 .bss.KernelState
                0x00000000200007ec        0x4 ./Middlewares/Third_Party/FreeRTOS/Source/CMSIS_RTOS_V2/cmsis_os2.o
 .bss.Idle_TCB.3
                0x00000000200007f0       0xa8 ./Middlewares/Third_Party/FreeRTOS/Source/CMSIS_RTOS_V2/cmsis_os2.o
 .bss.Idle_Stack.2